01-23 22:14:34.055  2279  2279 I chatty  : uid=10030(u0_a30) com.google.android.googlequicksearchbox:search expire 13 lines
01-23 22:14:34.060  2279  2576 I chatty  : uid=10030(u0_a30) NonUserFacing3 expire 1 line
01-23 22:14:39.064  2279  2343 I chatty  : uid=10030(u0_a30) NonUserFacing0 expire 10 lines
01-23 22:14:39.068  1475  8454 I chatty  : uid=1041(audioserver) /system/bin/audioserver expire 1 line
01-23 22:14:39.070  1475  1525 I chatty  : uid=1041(audioserver) Binder:1475_1 expire 5 lines
01-23 22:14:44.096  1475  8459 I chatty  : uid=1041(audioserver) /system/bin/audioserver expire 1 line
01-23 22:14:44.097  1475  1525 I chatty  : uid=1041(audioserver) Binder:1475_1 expire 4 lines
01-23 22:14:44.097  2279  6463 I chatty  : uid=10030(u0_a30) UserFacing5 expire 11 lines
01-23 22:14:44.099  2279  2279 I chatty  : uid=10030(u0_a30) com.google.android.googlequicksearchbox:search expire 8 lines
01-23 22:14:44.106  2279  3966 I chatty  : uid=10030(u0_a30) NonUserFacing4 expire 1 line
01-23 22:14:49.116  2279  2343 I chatty  : uid=10030(u0_a30) NonUserFacing0 expire 3 lines
01-23 22:14:49.118  1475  8465 I chatty  : uid=1041(audioserver) /system/bin/audioserver expire 1 line
01-23 22:14:49.127  2279  2580 I chatty  : uid=10030(u0_a30) HotwordDetector expire 1 line
01-23 22:14:49.127  2279  2343 I chatty  : uid=10030(u0_a30) NonUserFacing0 expire 2 lines
01-23 22:14:49.128  2279  2279 I chatty  : uid=10030(u0_a30) com.google.android.googlequicksearchbox:search expire 7 lines
01-23 22:14:49.128  2279  3966 I chatty  : uid=10030(u0_a30) NonUserFacing4 expire 1 line
01-23 22:14:54.138  2279  2576 I chatty  : uid=10030(u0_a30) NonUserFacing3 expire 3 lines
01-23 22:14:54.138  2279  6463 I chatty  : uid=10030(u0_a30) UserFacing5 expire 6 lines
01-23 22:14:54.141  1475  8469 I chatty  : uid=1041(audioserver) /system/bin/audioserver expire 1 line
01-23 22:14:54.141  1475  1525 I chatty  : uid=1041(audioserver) Binder:1475_1 expire 3 lines
01-23 22:14:54.151  2279  2580 I chatty  : uid=10030(u0_a30) HotwordDetector expire 1 line
01-23 22:14:54.151  2279  2576 I chatty  : uid=10030(u0_a30) NonUserFacing3 expire 2 lines
01-23 22:14:54.154  2279  2279 I chatty  : uid=10030(u0_a30) com.google.android.googlequicksearchbox:search expire 7 lines
01-23 22:14:54.154  2279  3966 I chatty  : uid=10030(u0_a30) NonUserFacing4 expire 4 lines
01-23 22:14:59.166  2279  6463 I chatty  : uid=10030(u0_a30) UserFacing5 expire 6 lines
01-23 22:14:59.169  1475  8473 I chatty  : uid=1041(audioserver) /system/bin/audioserver expire 1 line
01-23 22:14:59.171  1475  5127 I chatty  : uid=1041(audioserver) Binder:1475_9 expire 5 lines
01-23 22:14:59.208  2279  2580 I chatty  : uid=10030(u0_a30) HotwordDetector expire 5 lines
01-23 22:14:59.209  2279  3966 I chatty  : uid=10030(u0_a30) NonUserFacing4 expire 9 lines
01-23 22:14:59.210  2279  2279 I chatty  : uid=10030(u0_a30) com.google.android.googlequicksearchbox:search expire 13 lines
01-23 22:14:59.211  2279  2343 I chatty  : uid=10030(u0_a30) NonUserFacing0 expire 11 lines
01-23 22:15:00.004  1623  1637 E memtrack: Couldn't load memtrack module
01-23 22:15:00.004  1623  1637 W android.os.Debug: failed to get memory consumption info: -1
01-23 22:15:00.015  1623  1637 E memtrack: Couldn't load memtrack module
01-23 22:15:00.015  1623  1637 W android.os.Debug: failed to get memory consumption info: -1
01-23 22:15:00.028  1392  1409 D hwcomposer: hw_composer sent 6 syncs in 60s
01-23 22:15:02.803  1623  1637 E memtrack: Couldn't load memtrack module
01-23 22:15:02.803  1623  1637 W android.os.Debug: failed to get memory consumption info: -1
01-23 22:15:04.225  2279  6463 I chatty  : uid=10030(u0_a30) UserFacing5 expire 13 lines
01-23 22:15:04.228  1475  8478 I chatty  : uid=1041(audioserver) /system/bin/audioserver expire 1 line
01-23 22:15:04.228  1475  1525 I chatty  : uid=1041(audioserver) Binder:1475_1 expire 3 lines
01-23 22:15:07.850  1623  1637 E memtrack: Couldn't load memtrack module
01-23 22:15:07.850  1623  1637 W android.os.Debug: failed to get memory consumption info: -1
01-23 22:15:07.864  1623  1637 E memtrack: Couldn't load memtrack module
01-23 22:15:07.864  1623  1637 W android.os.Debug: failed to get memory consumption info: -1
01-23 22:15:07.874  1623  1637 E memtrack: Couldn't load memtrack module
01-23 22:15:07.874  1623  1637 W android.os.Debug: failed to get memory consumption info: -1
01-23 22:15:09.246  2279  2576 I chatty  : uid=10030(u0_a30) NonUserFacing3 expire 6 lines
01-23 22:15:09.248  1475  8484 I chatty  : uid=1041(audioserver) /system/bin/audioserver expire 1 line
01-23 22:15:09.250  1475  5127 I chatty  : uid=1041(audioserver) Binder:1475_9 expire 1 line
01-23 22:15:09.253  2279  2279 I chatty  : uid=10030(u0_a30) com.google.android.googlequicksearchbox:search expire 14 lines
01-23 22:15:14.277  1475  8488 I chatty  : uid=1041(audioserver) /system/bin/audioserver expire 1 line
01-23 22:15:14.279  1475  5127 I chatty  : uid=1041(audioserver) Binder:1475_9 expire 6 lines
01-23 22:15:14.279  2279  6463 I chatty  : uid=10030(u0_a30) UserFacing5 expire 11 lines
01-23 22:15:19.301  1475  8492 I chatty  : uid=1041(audioserver) /system/bin/audioserver expire 1 line
01-23 22:15:19.304  2279  2279 I chatty  : uid=10030(u0_a30) com.google.android.googlequicksearchbox:search expire 8 lines
01-23 22:15:19.310  2279  3966 I chatty  : uid=10030(u0_a30) NonUserFacing4 expire 1 line
01-23 22:15:24.320  2279  2576 I chatty  : uid=10030(u0_a30) NonUserFacing3 expire 5 lines
01-23 22:15:24.320  2279  6463 I chatty  : uid=10030(u0_a30) UserFacing5 expire 6 lines
01-23 22:15:24.321  1475  1525 I chatty  : uid=1041(audioserver) Binder:1475_1 expire 3 lines
01-23 22:15:24.322  1475  8496 I chatty  : uid=1041(audioserver) /system/bin/audioserver expire 1 line
01-23 22:15:24.330  2279  2580 I chatty  : uid=10030(u0_a30) HotwordDetector expire 2 lines
01-23 22:15:24.331  2279  2279 I chatty  : uid=10030(u0_a30) com.google.android.googlequicksearchbox:search expire 7 lines
01-23 22:15:24.331  2279  3966 I chatty  : uid=10030(u0_a30) NonUserFacing4 expire 4 lines
01-23 22:15:29.343  2279  6463 I chatty  : uid=10030(u0_a30) UserFacing5 expire 6 lines
01-23 22:15:29.345  1475  8502 I chatty  : uid=1041(audioserver) /system/bin/audioserver expire 1 line
01-23 22:15:29.347  1475  5127 I chatty  : uid=1041(audioserver) Binder:1475_9 expire 3 lines
01-23 22:15:29.355  2279  3966 I chatty  : uid=10030(u0_a30) NonUserFacing4 expire 7 lines
01-23 22:15:29.356  2279  2279 I chatty  : uid=10030(u0_a30) com.google.android.googlequicksearchbox:search expire 13 lines
01-23 22:15:29.356  2279  2343 I chatty  : uid=10030(u0_a30) NonUserFacing0 expire 12 lines
01-23 22:15:34.366  2279  6463 I chatty  : uid=10030(u0_a30) UserFacing5 expire 13 lines
01-23 22:15:34.369  1475  8506 I chatty  : uid=1041(audioserver) /system/bin/audioserver expire 1 line
01-23 22:15:34.370  1475  1525 I chatty  : uid=1041(audioserver) Binder:1475_1 expire 6 lines
01-23 22:15:34.377  2279  2580 I chatty  : uid=10030(u0_a30) HotwordDetector expire 4 lines
01-23 22:15:39.395  1475  8510 I chatty  : uid=1041(audioserver) /system/bin/audioserver expire 1 line
01-23 22:15:39.400  2279  2279 I chatty  : uid=10030(u0_a30) com.google.android.googlequicksearchbox:search expire 14 lines
01-23 22:15:39.408  2279  2576 I chatty  : uid=10030(u0_a30) NonUserFacing3 expire 7 lines
01-23 22:15:44.420  1475  8515 I chatty  : uid=1041(audioserver) /system/bin/audioserver expire 1 line
01-23 22:15:44.420  1475  1475 I chatty  : uid=1041(audioserver) /system/bin/audioserver expire 3 lines
01-23 22:15:44.421  2279  6463 I chatty  : uid=10030(u0_a30) UserFacing5 expire 11 lines
01-23 22:15:49.444  1475  8521 I chatty  : uid=1041(audioserver) /system/bin/audioserver expire 1 line
01-23 22:15:49.444  1475  1525 I chatty  : uid=1041(audioserver) Binder:1475_1 expire 9 lines
01-23 22:15:49.446  2279  2279 I chatty  : uid=10030(u0_a30) com.google.android.googlequicksearchbox:search expire 15 lines
01-23 22:15:49.466  2279  3966 I chatty  : uid=10030(u0_a30) NonUserFacing4 expire 6 lines
01-23 22:15:54.485  2279  6463 I chatty  : uid=10030(u0_a30) UserFacing5 expire 19 lines
01-23 22:15:54.487  1475  8525 I chatty  : uid=1041(audioserver) /system/bin/audioserver expire 1 line
01-23 22:15:54.494  2279  2580 I chatty  : uid=10030(u0_a30) HotwordDetector expire 2 lines
01-23 22:15:54.498  2279  2343 I chatty  : uid=10030(u0_a30) NonUserFacing0 expire 4 lines
01-23 22:15:59.512  1475  8529 I chatty  : uid=1041(audioserver) /system/bin/audioserver expire 1 line
01-23 22:15:59.546  2279  2343 I chatty  : uid=10030(u0_a30) NonUserFacing0 expire 2 lines
01-23 22:15:59.547  2279  2279 I chatty  : uid=10030(u0_a30) com.google.android.googlequicksearchbox:search expire 13 lines
01-23 22:15:59.547  2279  3966 I chatty  : uid=10030(u0_a30) NonUserFacing4 expire 7 lines
01-23 22:16:00.027  1392  1409 D hwcomposer: hw_composer sent 5 syncs in 60s
01-23 22:16:04.559  2279  2576 I chatty  : uid=10030(u0_a30) NonUserFacing3 expire 6 lines
01-23 22:16:04.560  1475  8536 I chatty  : uid=1041(audioserver) /system/bin/audioserver expire 1 line
01-23 22:16:04.560  1475  1475 I chatty  : uid=1041(audioserver) /system/bin/audioserver expire 3 lines
01-23 22:16:04.567  2279  2580 I chatty  : uid=10030(u0_a30) HotwordDetector expire 2 lines
01-23 22:16:09.583  1475  1528 I chatty  : uid=1041(audioserver) Binder:1475_2 expire 3 lines
01-23 22:16:09.584  2279  6463 I chatty  : uid=10030(u0_a30) UserFacing5 expire 11 lines
01-23 22:16:09.584  1475  8543 I chatty  : uid=1041(audioserver) /system/bin/audioserver expire 1 line
01-23 22:16:09.585  2279  2279 I chatty  : uid=10030(u0_a30) com.google.android.googlequicksearchbox:search expire 8 lines
01-23 22:16:14.598  2279  2576 I chatty  : uid=10030(u0_a30) NonUserFacing3 expire 5 lines
01-23 22:16:14.599  1475  8547 I chatty  : uid=1041(audioserver) /system/bin/audioserver expire 1 line
01-23 22:16:14.601  1475  1475 I chatty  : uid=1041(audioserver) /system/bin/audioserver expire 3 lines
01-23 22:16:14.608  2279  2580 I chatty  : uid=10030(u0_a30) HotwordDetector expire 1 line
01-23 22:16:14.609  2279  2279 I chatty  : uid=10030(u0_a30) com.google.android.googlequicksearchbox:search expire 7 lines
01-23 22:16:14.609  2279  2343 I chatty  : uid=10030(u0_a30) NonUserFacing0 expire 6 lines
01-23 22:16:19.621  2279  6463 I chatty  : uid=10030(u0_a30) UserFacing5 expire 6 lines
01-23 22:16:19.622  1475  8551 I chatty  : uid=1041(audioserver) /system/bin/audioserver expire 1 line
01-23 22:16:19.623  1475  1528 I chatty  : uid=1041(audioserver) Binder:1475_2 expire 3 lines
01-23 22:16:19.629  2279  2580 I chatty  : uid=10030(u0_a30) HotwordDetector expire 1 line
01-23 22:16:19.630  2279  2279 I chatty  : uid=10030(u0_a30) com.google.android.googlequicksearchbox:search expire 7 lines
01-23 22:16:19.631  2279  2576 I chatty  : uid=10030(u0_a30) NonUserFacing3 expire 6 lines
01-23 22:16:24.642  2279  6463 I chatty  : uid=10030(u0_a30) UserFacing5 expire 6 lines
01-23 22:16:24.643  1475  8555 I chatty  : uid=1041(audioserver) /system/bin/audioserver expire 1 line
01-23 22:16:24.644  1475  1475 I chatty  : uid=1041(audioserver) /system/bin/audioserver expire 3 lines
01-23 22:16:24.649  2279  2580 I chatty  : uid=10030(u0_a30) HotwordDetector expire 5 lines
01-23 22:16:24.651  2279  2279 I chatty  : uid=10030(u0_a30) com.google.android.googlequicksearchbox:search expire 13 lines
01-23 22:16:24.651  2279  3966 I chatty  : uid=10030(u0_a30) NonUserFacing4 expire 4 lines
01-23 22:16:29.662  2279  2576 I chatty  : uid=10030(u0_a30) NonUserFacing3 expire 10 lines
01-23 22:16:29.663  2279  6463 I chatty  : uid=10030(u0_a30) UserFacing5 expire 13 lines
01-23 22:16:29.665  1475  8561 I chatty  : uid=1041(audioserver) /system/bin/audioserver expire 1 line
01-23 22:16:29.667  1475  1528 I chatty  : uid=1041(audioserver) Binder:1475_2 expire 3 lines
01-23 22:16:34.697  1475  1525 I chatty  : uid=1041(audioserver) Binder:1475_1 expire 3 lines
01-23 22:16:34.697  1475  8565 I chatty  : uid=1041(audioserver) /system/bin/audioserver expire 1 line
01-23 22:16:34.699  2279  2279 I chatty  : uid=10030(u0_a30) com.google.android.googlequicksearchbox:search expire 14 lines
01-23 22:16:39.719  2279  2343 I chatty  : uid=10030(u0_a30) NonUserFacing0 expire 5 lines
01-23 22:16:39.723  1475  8570 I chatty  : uid=1041(audioserver) /system/bin/audioserver expire 1 line
01-23 22:16:39.725  1475  1528 I chatty  : uid=1041(audioserver) Binder:1475_2 expire 5 lines
01-23 22:16:39.726  2279  6463 I chatty  : uid=10030(u0_a30) UserFacing5 expire 11 lines
01-23 22:16:44.742  2279  2576 I chatty  : uid=10030(u0_a30) NonUserFacing3 expire 5 lines
01-23 22:16:44.745  1475  8574 I chatty  : uid=1041(audioserver) /system/bin/audioserver expire 1 line
01-23 22:16:44.747  1475  1528 I chatty  : uid=1041(audioserver) Binder:1475_2 expire 4 lines
01-23 22:16:44.749  2279  2279 I chatty  : uid=10030(u0_a30) com.google.android.googlequicksearchbox:search expire 7 lines
01-23 22:16:44.755  2279  3966 I chatty  : uid=10030(u0_a30) NonUserFacing4 expire 1 line
01-23 22:16:49.766  2279  2343 I chatty  : uid=10030(u0_a30) NonUserFacing0 expire 1 line
01-23 22:16:49.766  2279  6463 I chatty  : uid=10030(u0_a30) UserFacing5 expire 6 lines
01-23 22:16:49.769  1475  8580 I chatty  : uid=1041(audioserver) /system/bin/audioserver expire 1 line
01-23 22:16:49.774  2279  2279 I chatty  : uid=10030(u0_a30) com.google.android.googlequicksearchbox:search expire 7 lines
01-23 22:16:49.777  2279  2343 I chatty  : uid=10030(u0_a30) NonUserFacing0 expire 4 lines
01-23 22:16:49.777  2279  2580 I chatty  : uid=10030(u0_a30) HotwordDetector expire 1 line
01-23 22:16:49.779  2279  3966 I chatty  : uid=10030(u0_a30) NonUserFacing4 expire 2 lines
01-23 22:16:54.786  2279  6463 I chatty  : uid=10030(u0_a30) UserFacing5 expire 6 lines
01-23 22:16:54.787  1475  8584 I chatty  : uid=1041(audioserver) /system/bin/audioserver expire 1 line
01-23 22:16:54.788  1475  1528 I chatty  : uid=1041(audioserver) Binder:1475_2 expire 3 lines
01-23 22:16:54.790  2279  2279 I chatty  : uid=10030(u0_a30) com.google.android.googlequicksearchbox:search expire 14 lines
01-23 22:16:54.817  2279  3966 I chatty  : uid=10030(u0_a30) NonUserFacing4 expire 10 lines
01-23 22:16:54.818  2279  2580 I chatty  : uid=10030(u0_a30) HotwordDetector expire 4 lines
01-23 22:16:54.819  2279  2343 I chatty  : uid=10030(u0_a30) NonUserFacing0 expire 6 lines
01-23 22:16:59.830  2279  6463 I chatty  : uid=10030(u0_a30) UserFacing5 expire 13 lines
01-23 22:16:59.834  1475  8588 I chatty  : uid=1041(audioserver) /system/bin/audioserver expire 1 line
01-23 22:16:59.836  1475  1525 I chatty  : uid=1041(audioserver) Binder:1475_1 expire 9 lines
01-23 22:16:59.845  2279  2576 I chatty  : uid=10030(u0_a30) NonUserFacing3 expire 6 lines
01-23 22:17:00.021  1623  1637 E memtrack: Couldn't load memtrack module
01-23 22:17:00.021  1623  1637 W android.os.Debug: failed to get memory consumption info: -1
01-23 22:17:00.023  1392  1409 D hwcomposer: hw_composer sent 5 syncs in 60s
01-23 22:17:02.899  1623  1637 E memtrack: Couldn't load memtrack module
01-23 22:17:02.899  1623  1637 W android.os.Debug: failed to get memory consumption info: -1
01-23 22:17:04.860  1475  8593 I chatty  : uid=1041(audioserver) /system/bin/audioserver expire 1 line
01-23 22:17:04.861  2279  2279 I chatty  : uid=10030(u0_a30) com.google.android.googlequicksearchbox:search expire 8 lines
01-23 22:17:09.880  1475  8599 I chatty  : uid=1041(audioserver) /system/bin/audioserver expire 1 line
01-23 22:17:09.882  2279  6463 I chatty  : uid=10030(u0_a30) UserFacing5 expire 11 lines
01-23 22:17:09.908  2279  2279 I chatty  : uid=10030(u0_a30) com.google.android.googlequicksearchbox:search expire 7 lines
01-23 22:17:09.908  2279  3966 I chatty  : uid=10030(u0_a30) NonUserFacing4 expire 1 line
01-23 22:17:14.919  2279  2576 I chatty  : uid=10030(u0_a30) NonUserFacing3 expire 5 lines
01-23 22:17:14.922  1475  8604 I chatty  : uid=1041(audioserver) /system/bin/audioserver expire 1 line
01-23 22:17:14.925  1475  1525 I chatty  : uid=1041(audioserver) Binder:1475_1 expire 6 lines
01-23 22:17:14.932  2279  2580 I chatty  : uid=10030(u0_a30) HotwordDetector expire 2 lines
01-23 22:17:14.933  2279  2279 I chatty  : uid=10030(u0_a30) com.google.android.googlequicksearchbox:search expire 7 lines
01-23 22:17:14.933  2279  3966 I chatty  : uid=10030(u0_a30) NonUserFacing4 expire 1 line
01-23 22:17:19.944  2279  2576 I chatty  : uid=10030(u0_a30) NonUserFacing3 expire 3 lines
01-23 22:17:19.944  2279  6463 I chatty  : uid=10030(u0_a30) UserFacing5 expire 6 lines
01-23 22:17:19.946  1475  8608 I chatty  : uid=1041(audioserver) /system/bin/audioserver expire 1 line
01-23 22:17:19.953  2279  2576 I chatty  : uid=10030(u0_a30) NonUserFacing3 expire 12 lines
01-23 22:17:19.955  2279  2279 I chatty  : uid=10030(u0_a30) com.google.android.googlequicksearchbox:search expire 13 lines
01-23 22:17:19.955  2279  2343 I chatty  : uid=10030(u0_a30) NonUserFacing0 expire 8 lines
01-23 22:17:14.927  2279  6463 I chatty  : uid=10030(u0_a30) UserFacing5 identical 102 lines
01-23 22:17:19.950  2279  6463 E ActivityThread: Failed to find provider info for com.google.android.apps.gsa.testing.ui.audio.recorded
01-23 22:17:24.919  1623  1641 E BatteryStatsService: modem info is invalid: ModemActivityInfo{ mTimestamp=0 mSleepTimeMs=0 mIdleTimeMs=0 mTxTimeMs[]=[0, 0, 0, 0, 0] mRxTimeMs=0 mEnergyUsed=0}
01-23 22:17:24.968  2279  6463 I chatty  : uid=10030(u0_a30) UserFacing5 expire 13 lines
01-23 22:17:24.970  1475  8613 I chatty  : uid=1041(audioserver) /system/bin/audioserver expire 1 line
01-23 22:17:24.972  1475  1475 I chatty  : uid=1041(audioserver) /system/bin/audioserver expire 6 lines
01-23 22:17:24.974  2279  6463 E ActivityThread: Failed to find provider info for com.google.android.apps.gsa.testing.ui.audio.recorded
01-23 22:17:24.978  2279  2580 I chatty  : uid=10030(u0_a30) HotwordDetector expire 4 lines
01-23 22:17:29.991  2279  3966 I chatty  : uid=10030(u0_a30) NonUserFacing4 expire 6 lines
01-23 22:17:29.994  1475  8619 I chatty  : uid=1041(audioserver) /system/bin/audioserver expire 1 line
01-23 22:17:29.998  2279  2279 I chatty  : uid=10030(u0_a30) com.google.android.googlequicksearchbox:search expire 14 lines
01-23 22:17:35.016  1475  8623 I chatty  : uid=1041(audioserver) /system/bin/audioserver expire 1 line
01-23 22:17:35.017  1475  3619 I chatty  : uid=1041(audioserver) Binder:1475_4 expire 5 lines
01-23 22:17:35.017  2279  6463 I chatty  : uid=10030(u0_a30) UserFacing5 expire 11 lines
01-23 22:17:40.035  1475  8628 I chatty  : uid=1041(audioserver) /system/bin/audioserver expire 1 line
01-23 22:17:40.037  1475  3619 I chatty  : uid=1041(audioserver) Binder:1475_4 expire 4 lines
01-23 22:17:40.039  2279  2279 I chatty  : uid=10030(u0_a30) com.google.android.googlequicksearchbox:search expire 7 lines
01-23 22:17:40.062  2279  3966 I chatty  : uid=10030(u0_a30) NonUserFacing4 expire 1 line
01-23 22:17:45.071  2279  2343 I chatty  : uid=10030(u0_a30) NonUserFacing0 expire 1 line
01-23 22:17:45.072  2279  6463 I chatty  : uid=10030(u0_a30) UserFacing5 expire 6 lines
01-23 22:17:45.073  1475  8632 I chatty  : uid=1041(audioserver) /system/bin/audioserver expire 1 line
01-23 22:17:45.078  2279  2279 I chatty  : uid=10030(u0_a30) com.google.android.googlequicksearchbox:search expire 7 lines
01-23 22:17:45.082  2279  2343 I chatty  : uid=10030(u0_a30) NonUserFacing0 expire 4 lines
01-23 22:17:45.082  2279  2580 I chatty  : uid=10030(u0_a30) HotwordDetector expire 1 line
01-23 22:17:45.083  2279  2576 I chatty  : uid=10030(u0_a30) NonUserFacing3 expire 1 line
01-23 22:17:50.094  2279  3966 I chatty  : uid=10030(u0_a30) NonUserFacing4 expire 1 line
01-23 22:17:50.095  2279  6463 I chatty  : uid=10030(u0_a30) UserFacing5 expire 6 lines
01-23 22:17:50.096  1475  8638 I chatty  : uid=1041(audioserver) /system/bin/audioserver expire 1 line
01-23 22:17:50.097  1475  3619 I chatty  : uid=1041(audioserver) Binder:1475_4 expire 6 lines
01-23 22:17:50.101  2279  2279 I chatty  : uid=10030(u0_a30) com.google.android.googlequicksearchbox:search expire 14 lines
01-23 22:17:50.106  2279  3966 I chatty  : uid=10030(u0_a30) NonUserFacing4 expire 4 lines
01-23 22:17:50.106  2279  2580 I chatty  : uid=10030(u0_a30) HotwordDetector expire 4 lines
01-23 22:17:50.108  2279  2576 I chatty  : uid=10030(u0_a30) NonUserFacing3 expire 8 lines
01-23 22:17:55.120  2279  2343 I chatty  : uid=10030(u0_a30) NonUserFacing0 expire 5 lines
01-23 22:17:55.122  2279  6463 I chatty  : uid=10030(u0_a30) UserFacing5 expire 13 lines
01-23 22:17:55.124  1475  8642 I chatty  : uid=1041(audioserver) /system/bin/audioserver expire 1 line
01-23 22:18:00.021  1392  1409 D hwcomposer: hw_composer sent 4 syncs in 60s
01-23 22:18:00.147  2279  3966 I chatty  : uid=10030(u0_a30) NonUserFacing4 expire 5 lines
01-23 22:18:00.150  1475  8646 I chatty  : uid=1041(audioserver) /system/bin/audioserver expire 1 line
01-23 22:18:00.151  1475  1528 I chatty  : uid=1041(audioserver) Binder:1475_2 expire 3 lines
01-23 22:18:00.154  2279  2279 I chatty  : uid=10030(u0_a30) com.google.android.googlequicksearchbox:search expire 8 lines
01-23 22:18:05.188  1475  8654 I chatty  : uid=1041(audioserver) /system/bin/audioserver expire 1 line
01-23 22:18:05.189  1475  1475 I chatty  : uid=1041(audioserver) /system/bin/audioserver expire 3 lines
01-23 22:18:05.189  2279  6463 I chatty  : uid=10030(u0_a30) UserFacing5 expire 11 lines
01-23 22:18:05.208  2279  2279 I chatty  : uid=10030(u0_a30) com.google.android.googlequicksearchbox:search expire 7 lines
01-23 22:18:05.209  2279  2343 I chatty  : uid=10030(u0_a30) NonUserFacing0 expire 4 lines
01-23 22:18:10.223  1475  8660 I chatty  : uid=1041(audioserver) /system/bin/audioserver expire 1 line
01-23 22:18:10.224  1475  1528 I chatty  : uid=1041(audioserver) Binder:1475_2 expire 3 lines
01-23 22:18:10.230  2279  2580 I chatty  : uid=10030(u0_a30) HotwordDetector expire 1 line
01-23 22:18:10.230  2279  2343 I chatty  : uid=10030(u0_a30) NonUserFacing0 expire 2 lines
01-23 22:18:10.231  2279  2279 I chatty  : uid=10030(u0_a30) com.google.android.googlequicksearchbox:search expire 7 lines
01-23 22:18:10.231  2279  3966 I chatty  : uid=10030(u0_a30) NonUserFacing4 expire 1 line
01-23 22:18:15.243  2279  2576 I chatty  : uid=10030(u0_a30) NonUserFacing3 expire 3 lines
01-23 22:18:15.244  2279  6463 I chatty  : uid=10030(u0_a30) UserFacing5 expire 6 lines
01-23 22:18:15.247  1475  8664 I chatty  : uid=1041(audioserver) /system/bin/audioserver expire 1 line
01-23 22:18:15.248  1475  1475 I chatty  : uid=1041(audioserver) /system/bin/audioserver expire 9 lines
01-23 22:18:15.254  2279  2580 I chatty  : uid=10030(u0_a30) HotwordDetector expire 5 lines
01-23 22:18:15.254  2279  2576 I chatty  : uid=10030(u0_a30) NonUserFacing3 expire 18 lines
01-23 22:18:15.255  2279  2279 I chatty  : uid=10030(u0_a30) com.google.android.googlequicksearchbox:search expire 20 lines
01-23 22:18:15.255  2279  3966 I chatty  : uid=10030(u0_a30) NonUserFacing4 expire 4 lines
01-23 22:18:20.266  2279  6463 I chatty  : uid=10030(u0_a30) UserFacing5 expire 13 lines
01-23 22:18:20.270  1475  8668 I chatty  : uid=1041(audioserver) /system/bin/audioserver expire 1 line
01-23 22:18:25.289  1475  8672 I chatty  : uid=1041(audioserver) /system/bin/audioserver expire 1 line
01-23 22:18:30.313  1475  8678 I chatty  : uid=1041(audioserver) /system/bin/audioserver expire 1 line
01-23 22:18:30.314  1475  1475 I chatty  : uid=1041(audioserver) /system/bin/audioserver expire 3 lines
01-23 22:18:30.314  2279  6463 I chatty  : uid=10030(u0_a30) UserFacing5 expire 11 lines
01-23 22:18:30.317  2279  2279 I chatty  : uid=10030(u0_a30) com.google.android.googlequicksearchbox:search expire 8 lines
01-23 22:18:35.345  1475  8682 I chatty  : uid=1041(audioserver) /system/bin/audioserver expire 1 line
01-23 22:18:35.346  1475  3619 I chatty  : uid=1041(audioserver) Binder:1475_4 expire 6 lines
01-23 22:18:35.351  2279  2576 I chatty  : uid=10030(u0_a30) NonUserFacing3 expire 4 lines
01-23 22:18:35.355  2279  2279 I chatty  : uid=10030(u0_a30) com.google.android.googlequicksearchbox:search expire 7 lines
01-23 22:18:35.356  2279  3966 I chatty  : uid=10030(u0_a30) NonUserFacing4 expire 4 lines
01-23 22:18:40.365  2279  6463 I chatty  : uid=10030(u0_a30) UserFacing5 expire 6 lines
01-23 22:18:40.366  1475  8687 I chatty  : uid=1041(audioserver) /system/bin/audioserver expire 1 line
01-23 22:18:40.400  2279  2580 I chatty  : uid=10030(u0_a30) HotwordDetector expire 1 line
01-23 22:18:40.400  2279  3966 I chatty  : uid=10030(u0_a30) NonUserFacing4 expire 2 lines
01-23 22:18:40.401  2279  2279 I chatty  : uid=10030(u0_a30) com.google.android.googlequicksearchbox:search expire 7 lines
01-23 22:18:40.401  2279  2576 I chatty  : uid=10030(u0_a30) NonUserFacing3 expire 3 lines
01-23 22:18:45.415  2279  6463 I chatty  : uid=10030(u0_a30) UserFacing5 expire 6 lines
01-23 22:18:45.417  1475  8691 I chatty  : uid=1041(audioserver) /system/bin/audioserver expire 1 line
01-23 22:18:45.419  1475  3619 I chatty  : uid=1041(audioserver) Binder:1475_4 expire 6 lines
01-23 22:18:45.425  2279  2576 I chatty  : uid=10030(u0_a30) NonUserFacing3 expire 3 lines
01-23 22:18:45.425  2279  2580 I chatty  : uid=10030(u0_a30) HotwordDetector expire 4 lines
01-23 22:18:45.427  2279  2279 I chatty  : uid=10030(u0_a30) com.google.android.googlequicksearchbox:search expire 13 lines
01-23 22:18:45.427  2279  3966 I chatty  : uid=10030(u0_a30) NonUserFacing4 expire 12 lines
01-23 22:18:50.437  2279  2343 I chatty  : uid=10030(u0_a30) NonUserFacing0 expire 6 lines
01-23 22:18:50.437  2279  6463 I chatty  : uid=10030(u0_a30) UserFacing5 expire 13 lines
01-23 22:18:50.440  1475  8697 I chatty  : uid=1041(audioserver) /system/bin/audioserver expire 1 line
01-23 22:18:55.464  1475  8701 I chatty  : uid=1041(audioserver) /system/bin/audioserver expire 1 line
01-23 22:18:55.466  1475  1475 I chatty  : uid=1041(audioserver) /system/bin/audioserver expire 6 lines
01-23 22:18:55.469  2279  2279 I chatty  : uid=10030(u0_a30) com.google.android.googlequicksearchbox:search expire 15 lines
01-23 22:19:00.013  1392  1409 D hwcomposer: hw_composer sent 5 syncs in 60s
01-23 22:19:00.040  1623  1637 E memtrack: Couldn't load memtrack module
01-23 22:19:00.040  1623  1637 W android.os.Debug: failed to get memory consumption info: -1
01-23 22:19:00.489  1475  8705 I chatty  : uid=1041(audioserver) /system/bin/audioserver expire 1 line
01-23 22:19:00.492  2279  6463 I chatty  : uid=10030(u0_a30) UserFacing5 expire 11 lines
01-23 22:19:00.500  2279  2343 I chatty  : uid=10030(u0_a30) NonUserFacing0 expire 4 lines
01-23 22:19:02.984  1623  1637 E memtrack: Couldn't load memtrack module
01-23 22:19:02.984  1623  1637 W android.os.Debug: failed to get memory consumption info: -1
01-23 22:19:05.512  1475  8710 I chatty  : uid=1041(audioserver) /system/bin/audioserver expire 1 line
01-23 22:19:05.514  1475  1528 I chatty  : uid=1041(audioserver) Binder:1475_2 expire 3 lines
01-23 22:19:05.546  2279  2580 I chatty  : uid=10030(u0_a30) HotwordDetector expire 1 line
01-23 22:19:05.546  2279  2343 I chatty  : uid=10030(u0_a30) NonUserFacing0 expire 2 lines
01-23 22:19:05.547  2279  2279 I chatty  : uid=10030(u0_a30) com.google.android.googlequicksearchbox:search expire 7 lines
01-23 22:19:05.547  2279  3966 I chatty  : uid=10030(u0_a30) NonUserFacing4 expire 1 line
01-23 22:19:10.558  2279  2576 I chatty  : uid=10030(u0_a30) NonUserFacing3 expire 3 lines
01-23 22:19:10.558  2279  6463 I chatty  : uid=10030(u0_a30) UserFacing5 expire 6 lines
01-23 22:19:10.560  1475  1475 I chatty  : uid=1041(audioserver) /system/bin/audioserver expire 6 lines
01-23 22:19:10.561  1475  8716 I chatty  : uid=1041(audioserver) /system/bin/audioserver expire 1 line
01-23 22:19:10.567  2279  2580 I chatty  : uid=10030(u0_a30) HotwordDetector expire 1 line
01-23 22:19:10.567  2279  2576 I chatty  : uid=10030(u0_a30) NonUserFacing3 expire 2 lines
01-23 22:19:10.569  2279  2279 I chatty  : uid=10030(u0_a30) com.google.android.googlequicksearchbox:search expire 7 lines
01-23 22:19:10.569  2279  2343 I chatty  : uid=10030(u0_a30) NonUserFacing0 expire 1 line
01-23 22:19:15.579  2279  3966 I chatty  : uid=10030(u0_a30) NonUserFacing4 expire 2 lines
01-23 22:19:15.584  2279  6463 I chatty  : uid=10030(u0_a30) UserFacing5 expire 13 lines
01-23 22:19:15.586  1475  8720 I chatty  : uid=1041(audioserver) /system/bin/audioserver expire 1 line
01-23 22:19:15.592  2279  3966 I chatty  : uid=10030(u0_a30) NonUserFacing4 expire 9 lines
01-23 22:19:15.592  2279  2580 I chatty  : uid=10030(u0_a30) HotwordDetector expire 4 lines
01-23 22:19:15.595  2279  2279 I chatty  : uid=10030(u0_a30) com.google.android.googlequicksearchbox:search expire 13 lines
01-23 22:19:15.596  2279  2343 I chatty  : uid=10030(u0_a30) NonUserFacing0 expire 2 lines
01-23 22:19:20.606  2279  2576 I chatty  : uid=10030(u0_a30) NonUserFacing3 expire 10 lines
01-23 22:19:20.609  1475  8724 I chatty  : uid=1041(audioserver) /system/bin/audioserver expire 1 line
01-23 22:19:20.611  1475  1475 I chatty  : uid=1041(audioserver) /system/bin/audioserver expire 6 lines
01-23 22:19:25.632  1475  8728 I chatty  : uid=1041(audioserver) /system/bin/audioserver expire 1 line
01-23 22:19:25.633  2279  6463 I chatty  : uid=10030(u0_a30) UserFacing5 expire 11 lines
01-23 22:19:25.636  2279  2279 I chatty  : uid=10030(u0_a30) com.google.android.googlequicksearchbox:search expire 14 lines
01-23 22:19:30.676  1475  1528 I chatty  : uid=1041(audioserver) Binder:1475_2 expire 3 lines
01-23 22:19:30.677  1475  8734 I chatty  : uid=1041(audioserver) /system/bin/audioserver expire 1 line
01-23 22:19:30.683  2279  3966 I chatty  : uid=10030(u0_a30) NonUserFacing4 expire 1 line
01-23 22:19:35.688  2279  2576 I chatty  : uid=10030(u0_a30) NonUserFacing3 expire 4 lines
01-23 22:19:35.689  2279  6463 I chatty  : uid=10030(u0_a30) UserFacing5 expire 6 lines
01-23 22:19:35.692  1475  8738 I chatty  : uid=1041(audioserver) /system/bin/audioserver expire 1 line
01-23 22:19:35.694  1475  3619 I chatty  : uid=1041(audioserver) Binder:1475_4 expire 6 lines
01-23 22:19:35.697  2279  2279 I chatty  : uid=10030(u0_a30) com.google.android.googlequicksearchbox:search expire 8 lines
01-23 22:19:35.722  2279  2580 I chatty  : uid=10030(u0_a30) HotwordDetector expire 2 lines
01-23 22:19:35.723  2279  2576 I chatty  : uid=10030(u0_a30) NonUserFacing3 expire 4 lines
01-23 22:19:35.724  2279  3966 I chatty  : uid=10030(u0_a30) NonUserFacing4 expire 1 line
01-23 22:19:40.729  2279  6463 I chatty  : uid=10030(u0_a30) UserFacing5 expire 6 lines
01-23 22:19:40.731  1475  8743 I chatty  : uid=1041(audioserver) /system/bin/audioserver expire 1 line
01-23 22:19:40.739  2279  2576 I chatty  : uid=10030(u0_a30) NonUserFacing3 expire 2 lines
01-23 22:19:40.741  2279  2279 I chatty  : uid=10030(u0_a30) com.google.android.googlequicksearchbox:search expire 7 lines
01-23 22:19:40.741  2279  2343 I chatty  : uid=10030(u0_a30) NonUserFacing0 expire 3 lines
01-23 22:19:45.754  2279  6463 I chatty  : uid=10030(u0_a30) UserFacing5 expire 13 lines
01-23 22:19:45.755  1475  8747 I chatty  : uid=1041(audioserver) /system/bin/audioserver expire 1 line
01-23 22:19:45.756  1475  3619 I chatty  : uid=1041(audioserver) Binder:1475_4 expire 3 lines
01-23 22:19:45.764  2279  2343 I chatty  : uid=10030(u0_a30) NonUserFacing0 expire 8 lines
01-23 22:19:45.764  2279  2580 I chatty  : uid=10030(u0_a30) HotwordDetector expire 4 lines
01-23 22:19:45.766  2279  2279 I chatty  : uid=10030(u0_a30) com.google.android.googlequicksearchbox:search expire 13 lines
01-23 22:19:45.766  2279  2576 I chatty  : uid=10030(u0_a30) NonUserFacing3 expire 7 lines
01-23 22:19:50.781  1475  8753 I chatty  : uid=1041(audioserver) /system/bin/audioserver expire 1 line
01-23 22:19:50.781  1475  1528 I chatty  : uid=1041(audioserver) Binder:1475_2 expire 3 lines
01-23 22:19:55.804  1475  8757 I chatty  : uid=1041(audioserver) /system/bin/audioserver expire 1 line
01-23 22:19:55.806  1475  3619 I chatty  : uid=1041(audioserver) Binder:1475_4 expire 6 lines
01-23 22:19:55.806  2279  6463 I chatty  : uid=10030(u0_a30) UserFacing5 expire 17 lines
01-23 22:19:55.810  2279  2279 I chatty  : uid=10030(u0_a30) com.google.android.googlequicksearchbox:search expire 15 lines
01-23 22:19:55.824  2279  3966 I chatty  : uid=10030(u0_a30) NonUserFacing4 expire 6 lines
01-23 22:20:00.014  1392  1409 D hwcomposer: hw_composer sent 6 syncs in 60s
01-23 22:20:00.836  1475  8761 I chatty  : uid=1041(audioserver) /system/bin/audioserver expire 1 line
01-23 22:20:00.848  2279  2576 I chatty  : uid=10030(u0_a30) NonUserFacing3 expire 1 line
01-23 22:20:05.859  2279  2343 I chatty  : uid=10030(u0_a30) NonUserFacing0 expire 3 lines
01-23 22:20:05.861  1475  8765 I chatty  : uid=1041(audioserver) /system/bin/audioserver expire 1 line
01-23 22:20:05.862  1475  1528 I chatty  : uid=1041(audioserver) Binder:1475_2 expire 3 lines
01-23 22:20:05.888  2279  2580 I chatty  : uid=10030(u0_a30) HotwordDetector expire 1 line
01-23 22:20:05.888  2279  2343 I chatty  : uid=10030(u0_a30) NonUserFacing0 expire 2 lines
01-23 22:20:05.890  2279  2279 I chatty  : uid=10030(u0_a30) com.google.android.googlequicksearchbox:search expire 7 lines
01-23 22:20:05.890  2279  2576 I chatty  : uid=10030(u0_a30) NonUserFacing3 expire 1 line
01-23 22:20:10.899  2279  3966 I chatty  : uid=10030(u0_a30) NonUserFacing4 expire 3 lines
01-23 22:20:10.899  2279  6463 I chatty  : uid=10030(u0_a30) UserFacing5 expire 6 lines
01-23 22:20:10.903  1475  8771 I chatty  : uid=1041(audioserver) /system/bin/audioserver expire 1 line
01-23 22:20:10.905  1475  3619 I chatty  : uid=1041(audioserver) Binder:1475_4 expire 3 lines
01-23 22:20:10.912  2279  2580 I chatty  : uid=10030(u0_a30) HotwordDetector expire 1 line
01-23 22:20:10.912  2279  3966 I chatty  : uid=10030(u0_a30) NonUserFacing4 expire 4 lines
01-23 22:20:10.914  2279  2279 I chatty  : uid=10030(u0_a30) com.google.android.googlequicksearchbox:search expire 7 lines
01-23 22:20:10.915  2279  2576 I chatty  : uid=10030(u0_a30) NonUserFacing3 expire 1 line
01-23 22:20:15.925  2279  6463 I chatty  : uid=10030(u0_a30) UserFacing5 expire 13 lines
01-23 22:20:15.929  1475  8775 I chatty  : uid=1041(audioserver) /system/bin/audioserver expire 1 line
01-23 22:20:15.931  1475  1528 I chatty  : uid=1041(audioserver) Binder:1475_2 expire 3 lines
01-23 22:20:15.936  2279  3966 I chatty  : uid=10030(u0_a30) NonUserFacing4 expire 9 lines
01-23 22:20:15.937  2279  2580 I chatty  : uid=10030(u0_a30) HotwordDetector expire 4 lines
01-23 22:20:15.938  2279  2279 I chatty  : uid=10030(u0_a30) com.google.android.googlequicksearchbox:search expire 13 lines
01-23 22:20:15.938  2279  2343 I chatty  : uid=10030(u0_a30) NonUserFacing0 expire 7 lines
01-23 22:20:17.283  2505  8779 I EventLogChimeraService: Aggregate from 1548272638803 (log), 1548272638803 (data)
01-23 22:20:10.907  2279  6463 I chatty  : uid=10030(u0_a30) UserFacing5 identical 33 lines
01-23 22:20:15.933  2279  6463 E ActivityThread: Failed to find provider info for com.google.android.apps.gsa.testing.ui.audio.recorded
01-23 22:20:17.431  1623  2312 W ActivityManager: Unable to start service Intent { act=com.android.vending.contentfilters.IContentFiltersService.BIND pkg=com.android.vending } U=0: not found
01-23 22:20:17.433  1623  4125 W ActivityManager: Unbind failed: could not find connection for android.os.BinderProxy@ecf710
01-23 22:20:17.434  2158  8783 W InstantApps: DomainFilterUpdateChimeraService: Retry later
01-23 22:20:17.612  1623  8782 W ActivityManager: Unable to start service Intent { act=com.android.vending.contentfilters.IContentFiltersService.BIND pkg=com.android.vending } U=0: not found
01-23 22:20:17.612  1623  8782 W ActivityManager: Unbind failed: could not find connection for android.os.BinderProxy@6ce962f
01-23 22:20:17.613  2158  8785 W InstantApps: DomainFilterUpdateChimeraService: Retry later
01-23 22:20:17.706  2158  8786 W ConfigurationChimeraPro: Got null configs for com.google.android.gms.auth.account.base
01-23 22:20:17.840  2158  8784 W Conscrypt: Could not set socket write timeout:
01-23 22:20:17.841  2158  8784 W Conscrypt:    java.lang.reflect.Method.invoke(Native Method)
01-23 22:20:17.841  2158  8784 W Conscrypt:    com.google.android.gms.org.conscrypt.Platform.setSocketWriteTimeout(:com.google.android.gms@11947470:13)
01-23 22:20:17.906  2158  8784 W Conscrypt: Could not set socket write timeout:
01-23 22:20:17.906  2158  8784 W Conscrypt:    java.lang.reflect.Method.invoke(Native Method)
01-23 22:20:17.906  2158  8784 W Conscrypt:    com.google.android.gms.org.conscrypt.Platform.setSocketWriteTimeout(:com.google.android.gms@11947470:13)
01-23 22:20:17.932  3141  3214 W SystemServiceRegistry: No service published for: persistent_data_block
01-23 22:20:17.939  3141  3214 D EGL_emulation: eglCreateContext: 0x9df7c9c0: maj 2 min 0 rcv 2
01-23 22:20:17.940  3141  3214 D EGL_emulation: eglMakeCurrent: 0x9df7c9c0: ver 2 0 (tinfo 0x9c37f4c0)
01-23 22:20:17.989  3141  3214 D EGL_emulation: eglCreateContext: 0xa9fb2400: maj 2 min 0 rcv 2
01-23 22:20:17.991  2158  8784 I zygote  : Deoptimizing boolean mjd.a(mjc, android.content.ServiceConnection, java.lang.String) due to JIT inline cache
01-23 22:20:17.992  3141  3214 D EGL_emulation: eglMakeCurrent: 0xa9fb2400: ver 2 0 (tinfo 0x9c37f4c0)
01-23 22:20:18.054  3141  3141 W Binder:3141_4: type=1400 audit(0.0:25): avc: denied { read } for name="modules" dev="proc" ino=4026532034 scontext=u:r:priv_app:s0:c512,c768 tcontext=u:object_r:proc_modules:s0 tclass=file permissive=0
01-23 22:20:18.182  2158  8784 W Conscrypt: Could not set socket write timeout:
01-23 22:20:18.183  2158  8784 W Conscrypt:    java.lang.reflect.Method.invoke(Native Method)
01-23 22:20:18.183  2158  8784 W Conscrypt:    com.google.android.gms.org.conscrypt.Platform.setSocketWriteTimeout(:com.google.android.gms@11947470:13)
01-23 22:20:18.213  2158  2502 W Conscrypt: Could not set socket write timeout:
01-23 22:20:18.214  2158  2502 W Conscrypt:    java.lang.reflect.Method.invoke(Native Method)
01-23 22:20:18.214  2158  2502 W Conscrypt:    com.google.android.gms.org.conscrypt.Platform.setSocketWriteTimeout(:com.google.android.gms@11947470:13)
01-23 22:20:18.241  2158  8784 W Conscrypt: Could not set socket write timeout:
01-23 22:20:18.241  2158  8784 W Conscrypt:    java.lang.reflect.Method.invoke(Native Method)
01-23 22:20:18.241  2158  8784 W Conscrypt:    com.google.android.gms.org.conscrypt.Platform.setSocketWriteTimeout(:com.google.android.gms@11947470:13)
01-23 22:20:18.314  2158  2502 W Conscrypt: Could not set socket write timeout:
01-23 22:20:18.315  2158  2502 W Conscrypt:    java.lang.reflect.Method.invoke(Native Method)
01-23 22:20:18.315  2158  2502 W Conscrypt:    com.google.android.gms.org.conscrypt.Platform.setSocketWriteTimeout(:com.google.android.gms@11947470:13)
01-23 22:20:18.376  2158  2502 W GLSUser : [AppCertManager] IOException while requesting key: 
01-23 22:20:18.376  2158  2502 W GLSUser : java.io.IOException: Invalid device key response.
01-23 22:20:18.376  2158  2502 W GLSUser : 	at fuu.a(:com.google.android.gms@11947470:12)
01-23 22:20:18.376  2158  2502 W GLSUser : 	at fuu.a(:com.google.android.gms@11947470:64)
01-23 22:20:18.376  2158  2502 W GLSUser : 	at fus.a(:com.google.android.gms@11947470:8)
01-23 22:20:18.376  2158  2502 W GLSUser : 	at fuo.a(:com.google.android.gms@11947470:1)
01-23 22:20:18.376  2158  2502 W GLSUser : 	at fun.a(:com.google.android.gms@11947470:10)
01-23 22:20:18.376  2158  2502 W GLSUser : 	at com.google.android.gms.auth.account.be.legacy.AuthCronChimeraService.b(:com.google.android.gms@11947470:7)
01-23 22:20:18.376  2158  2502 W GLSUser : 	at ezr.call(:com.google.android.gms@11947470:3)
01-23 22:20:18.376  2158  2502 W GLSUser : 	at java.util.concurrent.FutureTask.run(FutureTask.java:266)
01-23 22:20:18.376  2158  2502 W GLSUser : 	at mvc.run(:com.google.android.gms@11947470:26)
01-23 22:20:18.376  2158  2502 W GLSUser : 	at java.util.concurrent.ThreadPoolExecutor.runWorker(ThreadPoolExecutor.java:1162)
01-23 22:20:18.376  2158  2502 W GLSUser : 	at java.util.concurrent.ThreadPoolExecutor$Worker.run(ThreadPoolExecutor.java:636)
01-23 22:20:18.376  2158  2502 W GLSUser : 	at nak.run(Unknown Source:7)
01-23 22:20:18.376  2158  2502 W GLSUser : 	at java.lang.Thread.run(Thread.java:764)
01-23 22:20:20.952  1475  6369 I chatty  : uid=1041(audioserver) Binder:1475_C expire 3 lines
01-23 22:20:20.953  1475  8797 I chatty  : uid=1041(audioserver) /system/bin/audioserver expire 1 line
01-23 22:20:20.954  2279  6463 E ActivityThread: Failed to find provider info for com.google.android.apps.gsa.testing.ui.audio.recorded
01-23 22:20:25.969  2279  2576 I chatty  : uid=10030(u0_a30) NonUserFacing3 expire 5 lines
01-23 22:20:25.973  1475  8801 I chatty  : uid=1041(audioserver) /system/bin/audioserver expire 1 line
01-23 22:20:25.975  1475  5539 I chatty  : uid=1041(audioserver) Binder:1475_B expire 6 lines
01-23 22:20:25.975  2279  6463 I chatty  : uid=10030(u0_a30) UserFacing5 expire 11 lines
01-23 22:20:25.977  2279  6463 E ActivityThread: Failed to find provider info for com.google.android.apps.gsa.testing.ui.audio.recorded
01-23 22:20:25.978  2279  2279 I chatty  : uid=10030(u0_a30) com.google.android.googlequicksearchbox:search expire 14 lines
01-23 22:20:28.538  1623  1641 E BatteryStatsService: modem info is invalid: ModemActivityInfo{ mTimestamp=0 mSleepTimeMs=0 mIdleTimeMs=0 mTxTimeMs[]=[0, 0, 0, 0, 0] mRxTimeMs=0 mEnergyUsed=0}
01-23 22:20:30.997  1475  8808 I chatty  : uid=1041(audioserver) /system/bin/audioserver expire 1 line
01-23 22:20:31.002  2279  6463 E ActivityThread: Failed to find provider info for com.google.android.apps.gsa.testing.ui.audio.recorded
01-23 22:20:31.008  2279  3966 I chatty  : uid=10030(u0_a30) NonUserFacing4 expire 4 lines
01-23 22:20:36.021  2279  6463 I chatty  : uid=10030(u0_a30) UserFacing5 expire 6 lines
01-23 22:20:36.023  1475  6369 I chatty  : uid=1041(audioserver) Binder:1475_C expire 6 lines
01-23 22:20:36.024  1475  8812 I chatty  : uid=1041(audioserver) /system/bin/audioserver expire 1 line
01-23 22:20:36.025  2279  2279 I chatty  : uid=10030(u0_a30) com.google.android.googlequicksearchbox:search expire 8 lines
01-23 22:20:36.035  2279  2580 I chatty  : uid=10030(u0_a30) HotwordDetector expire 1 line
01-23 22:20:36.036  2279  3966 I chatty  : uid=10030(u0_a30) NonUserFacing4 expire 2 lines
01-23 22:20:36.037  2279  2343 I chatty  : uid=10030(u0_a30) NonUserFacing0 expire 1 line
01-23 22:20:41.048  2279  2576 I chatty  : uid=10030(u0_a30) NonUserFacing3 expire 2 lines
01-23 22:20:41.048  2279  6463 I chatty  : uid=10030(u0_a30) UserFacing5 expire 6 lines
01-23 22:20:41.049  1475  8817 I chatty  : uid=1041(audioserver) /system/bin/audioserver expire 1 line
01-23 22:20:41.058  2279  2576 I chatty  : uid=10030(u0_a30) NonUserFacing3 expire 3 lines
01-23 22:20:41.058  2279  2580 I chatty  : uid=10030(u0_a30) HotwordDetector expire 1 line
01-23 22:20:41.060  2279  2279 I chatty  : uid=10030(u0_a30) com.google.android.googlequicksearchbox:search expire 7 lines
01-23 22:20:41.060  2279  2343 I chatty  : uid=10030(u0_a30) NonUserFacing0 expire 1 line
01-23 22:20:46.068  2279  3966 I chatty  : uid=10030(u0_a30) NonUserFacing4 expire 1 line
01-23 22:20:46.069  2279  6463 I chatty  : uid=10030(u0_a30) UserFacing5 expire 13 lines
01-23 22:20:46.073  1475  8821 I chatty  : uid=1041(audioserver) /system/bin/audioserver expire 1 line
01-23 22:20:46.073  1475  5539 I chatty  : uid=1041(audioserver) Binder:1475_B expire 3 lines
01-23 22:20:46.079  2279  3966 I chatty  : uid=10030(u0_a30) NonUserFacing4 expire 10 lines
01-23 22:20:46.080  2279  2580 I chatty  : uid=10030(u0_a30) HotwordDetector expire 4 lines
01-23 22:20:46.081  2279  2279 I chatty  : uid=10030(u0_a30) com.google.android.googlequicksearchbox:search expire 13 lines
01-23 22:20:46.081  2279  2343 I chatty  : uid=10030(u0_a30) NonUserFacing0 expire 3 lines
01-23 22:20:51.090  2279  2576 I chatty  : uid=10030(u0_a30) NonUserFacing3 expire 5 lines
01-23 22:20:51.093  1475  8827 I chatty  : uid=1041(audioserver) /system/bin/audioserver expire 1 line
01-23 22:20:51.095  1475  4074 I chatty  : uid=1041(audioserver) Binder:1475_5 expire 3 lines
01-23 22:20:56.116  1475  8831 I chatty  : uid=1041(audioserver) /system/bin/audioserver expire 1 line
01-23 22:20:56.118  1475  4074 I chatty  : uid=1041(audioserver) Binder:1475_5 expire 8 lines
01-23 22:20:56.118  2279  6463 I chatty  : uid=10030(u0_a30) UserFacing5 expire 17 lines
01-23 22:20:56.121  2279  2279 I chatty  : uid=10030(u0_a30) com.google.android.googlequicksearchbox:search expire 15 lines
01-23 22:21:00.005  1623  1637 E memtrack: Couldn't load memtrack module
01-23 22:21:00.005  1623  1637 W android.os.Debug: failed to get memory consumption info: -1
01-23 22:21:00.028  1623  1637 E memtrack: Couldn't load memtrack module
01-23 22:21:00.028  1623  1637 W android.os.Debug: failed to get memory consumption info: -1
01-23 22:21:00.029  1392  1409 D hwcomposer: hw_composer sent 5 syncs in 60s
01-23 22:21:01.138  1475  8835 I chatty  : uid=1041(audioserver) /system/bin/audioserver expire 1 line
01-23 22:21:01.147  2279  3966 I chatty  : uid=10030(u0_a30) NonUserFacing4 expire 4 lines
01-23 22:21:01.150  2279  2343 I chatty  : uid=10030(u0_a30) NonUserFacing0 expire 4 lines
01-23 22:21:06.163  1475  8839 I chatty  : uid=1041(audioserver) /system/bin/audioserver expire 1 line
01-23 22:21:06.164  1475  4074 E AudioFlinger: createRecordTrack_l() initCheck failed -12; no control block?
01-23 22:21:06.171  2279  2580 I chatty  : uid=10030(u0_a30) HotwordDetector expire 1 line
01-23 22:21:06.171  2279  2343 I chatty  : uid=10030(u0_a30) NonUserFacing0 expire 2 lines
01-23 22:21:06.173  2279  2279 I chatty  : uid=10030(u0_a30) com.google.android.googlequicksearchbox:search expire 7 lines
01-23 22:21:06.173  2279  2576 I chatty  : uid=10030(u0_a30) NonUserFacing3 expire 3 lines
01-23 22:21:11.181  2279  6463 I chatty  : uid=10030(u0_a30) UserFacing5 expire 6 lines
01-23 22:21:11.185  1475  4074 E AudioFlinger: not enough memory for AudioTrack size=131296
01-23 22:21:11.185  1475  4074 D MemoryDealer:   AudioTrack (0xac2fc280, size=4194304)
01-23 22:21:11.185  1475  4074 D MemoryDealer:     0: 0xac2fc290 | 0x00000000 | 0x000200E0 | A 
01-23 22:21:11.185  1475  4074 D MemoryDealer:     1: 0xac2fc2b0 | 0x000200E0 | 0x000200E0 | A 
01-23 22:21:11.185  1475  4074 D MemoryDealer:     2: 0xac2fc420 | 0x000401C0 | 0x000200E0 | A 
01-23 22:21:11.185  1475  4074 D MemoryDealer:     3: 0xac419330 | 0x000602A0 | 0x000200E0 | A 
01-23 22:21:11.185  1475  4074 D MemoryDealer:     4: 0xac2fc690 | 0x00080380 | 0x000200E0 | A 
01-23 22:21:11.185  1475  4074 D MemoryDealer:     5: 0xac2fc7f0 | 0x000A0460 | 0x000200E0 | A 
01-23 22:21:11.185  1475  4074 D MemoryDealer:     6: 0xac2fc830 | 0x000C0540 | 0x000200E0 | A 
01-23 22:21:11.185  1475  4074 D MemoryDealer:     7: 0xac2fcb50 | 0x000E0620 | 0x000200E0 | A 
01-23 22:21:11.185  1475  4074 D MemoryDealer:     8: 0xac2fcd00 | 0x00100700 | 0x000200E0 | A 
01-23 22:21:11.185  1475  4074 D MemoryDealer:     9: 0xacc1bd80 | 0x001207E0 | 0x000200E0 | A 
01-23 22:21:11.185  1475  4074 D MemoryDealer:    10: 0xaae7f0b0 | 0x001408C0 | 0x000200E0 | A 
01-23 22:21:11.185  1475  4074 D MemoryDealer:    11: 0xaae7f120 | 0x001609A0 | 0x000200E0 | A 
01-23 22:21:11.185  1475  4074 D MemoryDealer:    12: 0xaae7f1c0 | 0x00180A80 | 0x000200E0 | A 
01-23 22:21:11.185  1475  4074 D MemoryDealer:    13: 0xaae7f380 | 0x001A0B60 | 0x000200E0 | A 
01-23 22:21:11.185  1475  4074 D MemoryDealer:    14: 0xaae7f560 | 0x001C0C40 | 0x000200E0 | A 
01-23 22:21:11.185  1475  4074 D MemoryDealer:    15: 0xaae7f6f0 | 0x001E0D20 | 0x000200E0 | A 
01-23 22:21:11.185  1475  4074 D MemoryDealer:    16: 0xac4197c0 | 0x00200E00 | 0x000200E0 | A 
01-23 22:21:11.185  1475  4074 D MemoryDealer:    17: 0xac419a60 | 0x00220EE0 | 0x000200E0 | A 
01-23 22:21:11.185  1475  4074 D MemoryDealer:    18: 0xac419bf0 | 0x00240FC0 | 0x000200E0 | A 
01-23 22:21:11.185  1475  4074 D MemoryDealer:    19: 0xac419dc0 | 0x002610A0 | 0x000200E0 | A 
01-23 22:21:11.185  1475  4074 D MemoryDealer:    
01-23 22:21:11.185  1475  4074 E AudioFlinger: createRecordTrack_l() initCheck failed -12; no control block?
01-23 22:21:11.185  1475  8845 I AudioFlinger: AudioFlinger's thread 0xa7a83200 tid=8845 ready to run
01-23 22:21:11.190  2279  2576 I chatty  : uid=10030(u0_a30) NonUserFacing3 expire 1 line
01-23 22:21:11.190  2279  2580 I chatty  : uid=10030(u0_a30) HotwordDetector expire 1 line
01-23 22:21:11.190  2279  2576 I chatty  : uid=10030(u0_a30) NonUserFacing3 expire 13 lines
01-23 22:21:11.192  2279  2279 I chatty  : uid=10030(u0_a30) com.google.android.googlequicksearchbox:search expire 13 lines
01-23 22:21:11.192  2279  3966 I chatty  : uid=10030(u0_a30) NonUserFacing4 expire 6 lines
01-23 22:21:16.216  2279  6463 I chatty  : uid=10030(u0_a30) UserFacing5 expire 13 lines
01-23 22:21:16.217  1475  8849 I AudioFlinger: AudioFlinger's thread 0xa7f03840 tid=8849 ready to run
01-23 22:21:16.218  1475  6369 E AudioFlinger: not enough memory for AudioTrack size=131296
01-23 22:21:16.219  1475  6369 D MemoryDealer:   AudioTrack (0xac2fc280, size=4194304)
01-23 22:21:16.219  1475  6369 D MemoryDealer:     0: 0xac2fc290 | 0x00000000 | 0x000200E0 | A 
01-23 22:21:16.219  1475  6369 D MemoryDealer:     1: 0xac2fc2b0 | 0x000200E0 | 0x000200E0 | A 
01-23 22:21:16.219  1475  6369 D MemoryDealer:     2: 0xac2fc420 | 0x000401C0 | 0x000200E0 | A 
01-23 22:21:16.219  1475  6369 D MemoryDealer:     3: 0xac419330 | 0x000602A0 | 0x000200E0 | A 
01-23 22:21:16.219  1475  6369 D MemoryDealer:     4: 0xac2fc690 | 0x00080380 | 0x000200E0 | A 
