01-23 19:20:24.991  1475  4907 I chatty  : uid=1041(audioserver) /system/bin/audioserver expire 1 line
01-23 19:20:24.992  2279  3945 I chatty  : uid=10030(u0_a30) UserFacing4 expire 11 lines
01-23 19:20:25.026  2279  2343 I chatty  : uid=10030(u0_a30) NonUserFacing0 expire 6 lines
01-23 19:20:19.971  2279  3945 I chatty  : uid=10030(u0_a30) UserFacing4 identical 50 lines
01-23 19:20:24.994  2279  3945 E ActivityThread: Failed to find provider info for com.google.android.apps.gsa.testing.ui.audio.recorded
01-23 19:20:25.383  1623  1637 I UsageStatsService: User[0] Flushing usage stats to disk
01-23 19:20:30.042  1475  4911 I chatty  : uid=1041(audioserver) /system/bin/audioserver expire 1 line
01-23 19:20:30.044  1475  4744 I chatty  : uid=1041(audioserver) Binder:1475_7 expire 3 lines
01-23 19:20:30.047  2279  3945 E ActivityThread: Failed to find provider info for com.google.android.apps.gsa.testing.ui.audio.recorded
01-23 19:20:30.047  2279  2279 I chatty  : uid=10030(u0_a30) com.google.android.googlequicksearchbox:search expire 8 lines
01-23 19:20:35.062  2279  3966 I chatty  : uid=10030(u0_a30) NonUserFacing4 expire 5 lines
01-23 19:20:35.065  2279  3945 I chatty  : uid=10030(u0_a30) UserFacing4 expire 6 lines
01-23 19:20:35.067  1475  4545 I chatty  : uid=1041(audioserver) Binder:1475_6 expire 4 lines
01-23 19:20:35.068  1475  4916 I chatty  : uid=1041(audioserver) /system/bin/audioserver expire 1 line
01-23 19:20:35.078  2279  2580 I chatty  : uid=10030(u0_a30) HotwordDetector expire 1 line
01-23 19:20:35.082  2279  2279 I chatty  : uid=10030(u0_a30) com.google.android.googlequicksearchbox:search expire 7 lines
01-23 19:20:35.083  2279  2343 I chatty  : uid=10030(u0_a30) NonUserFacing0 expire 1 line
01-23 19:20:40.093  2279  3966 I chatty  : uid=10030(u0_a30) NonUserFacing4 expire 5 lines
01-23 19:20:40.094  2279  3945 I chatty  : uid=10030(u0_a30) UserFacing4 expire 6 lines
01-23 19:20:40.096  1475  4922 I chatty  : uid=1041(audioserver) /system/bin/audioserver expire 1 line
01-23 19:20:40.098  1475  4545 I chatty  : uid=1041(audioserver) Binder:1475_6 expire 2 lines
01-23 19:20:40.105  2279  2580 I chatty  : uid=10030(u0_a30) HotwordDetector expire 1 line
01-23 19:20:40.107  2279  2279 I chatty  : uid=10030(u0_a30) com.google.android.googlequicksearchbox:search expire 7 lines
01-23 19:20:40.107  2279  2343 I chatty  : uid=10030(u0_a30) NonUserFacing0 expire 6 lines
01-23 19:20:42.984  2158  2163 I zygote  : Do full code cache collection, code=504KB, data=327KB
01-23 19:20:42.984  2158  2163 I zygote  : After code cache collection, code=448KB, data=260KB
01-23 19:20:35.069  2279  3945 I chatty  : uid=10030(u0_a30) UserFacing4 identical 1 line
01-23 19:20:40.101  2279  3945 E ActivityThread: Failed to find provider info for com.google.android.apps.gsa.testing.ui.audio.recorded
01-23 19:20:43.033  1623  3136 W ActivityManager: Unable to start service Intent { act=com.android.vending.contentfilters.IContentFiltersService.BIND pkg=com.android.vending } U=0: not found
01-23 19:20:43.034  1623  3136 W ActivityManager: Unbind failed: could not find connection for android.os.BinderProxy@e830b2f
01-23 19:20:43.034  2158  4926 W InstantApps: DomainFilterUpdateChimeraService: Retry later
01-23 19:20:43.174  1623  4125 W ActivityManager: Unable to start service Intent { act=com.android.vending.contentfilters.IContentFiltersService.BIND pkg=com.android.vending } U=0: not found
01-23 19:20:43.174  1623  4125 W ActivityManager: Unbind failed: could not find connection for android.os.BinderProxy@d3ab57d
01-23 19:20:43.175  2158  4932 W InstantApps: DomainFilterUpdateChimeraService: Retry later
01-23 19:20:43.350  3141  3214 W SystemServiceRegistry: No service published for: persistent_data_block
01-23 19:20:43.365  3141  3214 D EGL_emulation: eglCreateContext: 0xa9fb26a0: maj 2 min 0 rcv 2
01-23 19:20:43.366  3141  3214 D EGL_emulation: eglMakeCurrent: 0xa9fb26a0: ver 2 0 (tinfo 0x9c37f4c0)
01-23 19:20:43.406  3141  3214 D EGL_emulation: eglCreateContext: 0x9df7c4e0: maj 2 min 0 rcv 2
01-23 19:20:43.407  3141  3214 D EGL_emulation: eglMakeCurrent: 0x9df7c4e0: ver 2 0 (tinfo 0x9c37f4c0)
01-23 19:20:43.472  3141  3141 W Binder:3141_4: type=1400 audit(0.0:22): avc: denied { read } for name="modules" dev="proc" ino=4026532034 scontext=u:r:priv_app:s0:c512,c768 tcontext=u:object_r:proc_modules:s0 tclass=file permissive=0
01-23 19:20:43.704  2158  2502 W Conscrypt: Could not set socket write timeout:
01-23 19:20:43.704  2158  2502 W Conscrypt:    java.lang.reflect.Method.invoke(Native Method)
01-23 19:20:43.704  2158  2502 W Conscrypt:    com.google.android.gms.org.conscrypt.Platform.setSocketWriteTimeout(:com.google.android.gms@11947470:13)
01-23 19:20:43.840  2158  2502 W Conscrypt: Could not set socket write timeout:
01-23 19:20:43.840  2158  2502 W Conscrypt:    java.lang.reflect.Method.invoke(Native Method)
01-23 19:20:43.840  2158  2502 W Conscrypt:    com.google.android.gms.org.conscrypt.Platform.setSocketWriteTimeout(:com.google.android.gms@11947470:13)
01-23 19:20:43.964  2158  2502 W GLSUser : [AppCertManager] IOException while requesting key: 
01-23 19:20:43.964  2158  2502 W GLSUser : java.io.IOException: Invalid device key response.
01-23 19:20:43.964  2158  2502 W GLSUser : 	at fuu.a(:com.google.android.gms@11947470:12)
01-23 19:20:43.964  2158  2502 W GLSUser : 	at fuu.a(:com.google.android.gms@11947470:64)
01-23 19:20:43.964  2158  2502 W GLSUser : 	at fus.a(:com.google.android.gms@11947470:8)
01-23 19:20:43.964  2158  2502 W GLSUser : 	at fuo.a(:com.google.android.gms@11947470:1)
01-23 19:20:43.964  2158  2502 W GLSUser : 	at fun.a(:com.google.android.gms@11947470:10)
01-23 19:20:43.964  2158  2502 W GLSUser : 	at com.google.android.gms.auth.account.be.legacy.AuthCronChimeraService.b(:com.google.android.gms@11947470:7)
01-23 19:20:43.964  2158  2502 W GLSUser : 	at ezr.call(:com.google.android.gms@11947470:3)
01-23 19:20:43.964  2158  2502 W GLSUser : 	at java.util.concurrent.FutureTask.run(FutureTask.java:266)
01-23 19:20:43.964  2158  2502 W GLSUser : 	at mvc.run(:com.google.android.gms@11947470:26)
01-23 19:20:43.964  2158  2502 W GLSUser : 	at java.util.concurrent.ThreadPoolExecutor.runWorker(ThreadPoolExecutor.java:1162)
01-23 19:20:43.964  2158  2502 W GLSUser : 	at java.util.concurrent.ThreadPoolExecutor$Worker.run(ThreadPoolExecutor.java:636)
01-23 19:20:43.964  2158  2502 W GLSUser : 	at nak.run(Unknown Source:7)
01-23 19:20:43.964  2158  2502 W GLSUser : 	at java.lang.Thread.run(Thread.java:764)
01-23 19:20:45.117  2279  3945 I chatty  : uid=10030(u0_a30) UserFacing4 expire 6 lines
01-23 19:20:45.119  1475  4939 I chatty  : uid=1041(audioserver) /system/bin/audioserver expire 1 line
01-23 19:20:45.121  1475  1528 I chatty  : uid=1041(audioserver) Binder:1475_2 expire 6 lines
01-23 19:20:45.122  2279  3945 E ActivityThread: Failed to find provider info for com.google.android.apps.gsa.testing.ui.audio.recorded
01-23 19:20:45.143  2279  2580 I chatty  : uid=10030(u0_a30) HotwordDetector expire 7 lines
01-23 19:20:45.145  2279  2279 I chatty  : uid=10030(u0_a30) com.google.android.googlequicksearchbox:search expire 13 lines
01-23 19:20:45.145  2279  2576 I chatty  : uid=10030(u0_a30) NonUserFacing3 expire 4 lines
01-23 19:20:45.250  3101  3140 I PlayCommon: [178] PlayEventLogger.uploadEventsImpl: Preparing logs for uploading
01-23 19:20:45.250  3101  3140 I PlayCommon: [178] PlayEventLogger.uploadEventsImpl: No file ready to send
01-23 19:20:50.157  2279  2343 I chatty  : uid=10030(u0_a30) NonUserFacing0 expire 11 lines
01-23 19:20:50.158  2279  3945 I chatty  : uid=10030(u0_a30) UserFacing4 expire 13 lines
01-23 19:20:50.160  1475  4944 I chatty  : uid=1041(audioserver) /system/bin/audioserver expire 1 line
01-23 19:20:50.166  2279  3945 E ActivityThread: Failed to find provider info for com.google.android.apps.gsa.testing.ui.audio.recorded
01-23 19:20:50.171  2279  3966 I chatty  : uid=10030(u0_a30) NonUserFacing4 expire 12 lines
01-23 19:20:53.968  1623  1641 E BatteryStatsService: modem info is invalid: ModemActivityInfo{ mTimestamp=0 mSleepTimeMs=0 mIdleTimeMs=0 mTxTimeMs[]=[0, 0, 0, 0, 0] mRxTimeMs=0 mEnergyUsed=0}
01-23 19:20:55.186  1475  4949 I chatty  : uid=1041(audioserver) /system/bin/audioserver expire 1 line
01-23 19:20:55.187  1475  3512 I chatty  : uid=1041(audioserver) Binder:1475_3 expire 6 lines
01-23 19:20:55.189  2279  3945 E ActivityThread: Failed to find provider info for com.google.android.apps.gsa.testing.ui.audio.recorded
01-23 19:20:55.190  2279  2279 I chatty  : uid=10030(u0_a30) com.google.android.googlequicksearchbox:search expire 14 lines
01-23 19:21:00.005  1623  1637 E memtrack: Couldn't load memtrack module
01-23 19:21:00.005  1623  1637 W android.os.Debug: failed to get memory consumption info: -1
01-23 19:21:00.011  1392  1409 D hwcomposer: hw_composer sent 6 syncs in 60s
01-23 19:21:00.206  1475  4955 I chatty  : uid=1041(audioserver) /system/bin/audioserver expire 1 line
01-23 19:21:00.207  2279  3945 I chatty  : uid=10030(u0_a30) UserFacing4 expire 12 lines
01-23 19:21:00.214  2279  2343 I chatty  : uid=10030(u0_a30) NonUserFacing0 expire 9 lines
01-23 19:21:05.228  1475  3512 I chatty  : uid=1041(audioserver) Binder:1475_3 expire 3 lines
01-23 19:21:05.229  1475  4959 I chatty  : uid=1041(audioserver) /system/bin/audioserver expire 1 line
01-23 19:21:05.231  2279  2279 I chatty  : uid=10030(u0_a30) com.google.android.googlequicksearchbox:search expire 14 lines
01-23 19:21:10.249  1475  1528 I chatty  : uid=1041(audioserver) Binder:1475_2 expire 3 lines
01-23 19:21:10.249  2279  3945 I chatty  : uid=10030(u0_a30) UserFacing4 expire 11 lines
01-23 19:21:10.249  1475  4963 I chatty  : uid=1041(audioserver) /system/bin/audioserver expire 1 line
01-23 19:21:15.274  1475  4967 I chatty  : uid=1041(audioserver) /system/bin/audioserver expire 1 line
01-23 19:21:15.276  1475  3512 I chatty  : uid=1041(audioserver) Binder:1475_3 expire 5 lines
01-23 19:21:15.279  2279  2279 I chatty  : uid=10030(u0_a30) com.google.android.googlequicksearchbox:search expire 8 lines
01-23 19:21:15.285  2279  2576 I chatty  : uid=10030(u0_a30) NonUserFacing3 expire 1 line
01-23 19:21:20.297  2279  3966 I chatty  : uid=10030(u0_a30) NonUserFacing4 expire 3 lines
01-23 19:21:20.297  2279  3945 I chatty  : uid=10030(u0_a30) UserFacing4 expire 6 lines
01-23 19:21:20.300  1475  4973 I chatty  : uid=1041(audioserver) /system/bin/audioserver expire 1 line
01-23 19:21:20.302  1475  3512 I chatty  : uid=1041(audioserver) Binder:1475_3 expire 4 lines
01-23 19:21:20.308  2279  2580 I chatty  : uid=10030(u0_a30) HotwordDetector expire 1 line
01-23 19:21:20.309  2279  3966 I chatty  : uid=10030(u0_a30) NonUserFacing4 expire 2 lines
01-23 19:21:20.310  2279  2279 I chatty  : uid=10030(u0_a30) com.google.android.googlequicksearchbox:search expire 7 lines
01-23 19:21:20.310  2279  2576 I chatty  : uid=10030(u0_a30) NonUserFacing3 expire 1 line
01-23 19:21:25.318  2279  2343 I chatty  : uid=10030(u0_a30) NonUserFacing0 expire 3 lines
01-23 19:21:25.318  2279  3945 I chatty  : uid=10030(u0_a30) UserFacing4 expire 6 lines
01-23 19:21:25.321  1475  4977 I chatty  : uid=1041(audioserver) /system/bin/audioserver expire 1 line
01-23 19:21:25.330  2279  2580 I chatty  : uid=10030(u0_a30) HotwordDetector expire 1 line
01-23 19:21:25.330  2279  2343 I chatty  : uid=10030(u0_a30) NonUserFacing0 expire 2 lines
01-23 19:21:25.331  2279  2279 I chatty  : uid=10030(u0_a30) com.google.android.googlequicksearchbox:search expire 7 lines
01-23 19:21:25.332  2279  2576 I chatty  : uid=10030(u0_a30) NonUserFacing3 expire 1 line
01-23 19:21:30.342  2279  3966 I chatty  : uid=10030(u0_a30) NonUserFacing4 expire 2 lines
01-23 19:21:30.343  2279  3945 I chatty  : uid=10030(u0_a30) UserFacing4 expire 13 lines
01-23 19:21:30.345  1475  4981 I chatty  : uid=1041(audioserver) /system/bin/audioserver expire 1 line
01-23 19:21:30.346  1475  4074 I chatty  : uid=1041(audioserver) Binder:1475_5 expire 7 lines
01-23 19:21:30.350  2279  3966 I chatty  : uid=10030(u0_a30) NonUserFacing4 expire 13 lines
01-23 19:21:30.350  2279  2580 I chatty  : uid=10030(u0_a30) HotwordDetector expire 5 lines
01-23 19:21:30.354  2279  2279 I chatty  : uid=10030(u0_a30) com.google.android.googlequicksearchbox:search expire 13 lines
01-23 19:21:30.354  2279  2576 I chatty  : uid=10030(u0_a30) NonUserFacing3 expire 4 lines
01-23 19:21:35.372  1475  4986 I chatty  : uid=1041(audioserver) /system/bin/audioserver expire 1 line
01-23 19:21:40.398  2279  2343 I chatty  : uid=10030(u0_a30) NonUserFacing0 expire 10 lines
01-23 19:21:40.401  1475  4992 I chatty  : uid=1041(audioserver) /system/bin/audioserver expire 1 line
01-23 19:21:40.403  1475  4074 I chatty  : uid=1041(audioserver) Binder:1475_5 expire 2 lines
01-23 19:21:40.403  2279  3945 I chatty  : uid=10030(u0_a30) UserFacing4 expire 12 lines
01-23 19:21:40.407  2279  2279 I chatty  : uid=10030(u0_a30) com.google.android.googlequicksearchbox:search expire 14 lines
01-23 19:21:45.424  1475  4996 I chatty  : uid=1041(audioserver) /system/bin/audioserver expire 1 line
01-23 19:21:45.425  1475  3512 I chatty  : uid=1041(audioserver) Binder:1475_3 expire 5 lines
01-23 19:21:50.468  1475  5000 I chatty  : uid=1041(audioserver) /system/bin/audioserver expire 1 line
01-23 19:21:50.471  1475  3512 I chatty  : uid=1041(audioserver) Binder:1475_3 expire 5 lines
01-23 19:21:50.471  2279  3945 I chatty  : uid=10030(u0_a30) UserFacing4 expire 17 lines
01-23 19:21:50.473  2279  2279 I chatty  : uid=10030(u0_a30) com.google.android.googlequicksearchbox:search expire 15 lines
01-23 19:21:50.479  2279  2576 I chatty  : uid=10030(u0_a30) NonUserFacing3 expire 2 lines
01-23 19:21:55.486  2279  3966 I chatty  : uid=10030(u0_a30) NonUserFacing4 expire 10 lines
01-23 19:21:55.490  1475  5006 I chatty  : uid=1041(audioserver) /system/bin/audioserver expire 1 line
01-23 19:21:55.500  2279  2580 I chatty  : uid=10030(u0_a30) HotwordDetector expire 1 line
01-23 19:21:57.165  1623  1637 E memtrack: Couldn't load memtrack module
01-23 19:21:57.165  1623  1637 W android.os.Debug: failed to get memory consumption info: -1
01-23 19:22:00.004  1623  1637 E memtrack: Couldn't load memtrack module
01-23 19:22:00.004  1623  1637 W android.os.Debug: failed to get memory consumption info: -1
01-23 19:22:00.021  1392  1409 D hwcomposer: hw_composer sent 7 syncs in 60s
01-23 19:22:00.508  1475  5013 I chatty  : uid=1041(audioserver) /system/bin/audioserver expire 1 line
01-23 19:22:00.510  1475  3512 I chatty  : uid=1041(audioserver) Binder:1475_3 expire 2 lines
01-23 19:22:00.517  2279  2580 I chatty  : uid=10030(u0_a30) HotwordDetector expire 2 lines
01-23 19:22:00.518  2279  2279 I chatty  : uid=10030(u0_a30) com.google.android.googlequicksearchbox:search expire 7 lines
01-23 19:22:00.518  2279  2343 I chatty  : uid=10030(u0_a30) NonUserFacing0 expire 5 lines
01-23 19:22:05.527  2279  3945 I chatty  : uid=10030(u0_a30) UserFacing4 expire 13 lines
01-23 19:22:05.531  1475  5017 I chatty  : uid=1041(audioserver) /system/bin/audioserver expire 1 line
01-23 19:22:05.531  1475  1528 I chatty  : uid=1041(audioserver) Binder:1475_2 expire 3 lines
01-23 19:22:05.537  2279  2343 I chatty  : uid=10030(u0_a30) NonUserFacing0 expire 4 lines
01-23 19:22:05.539  2279  2279 I chatty  : uid=10030(u0_a30) com.google.android.googlequicksearchbox:search expire 13 lines
01-23 19:22:05.539  2279  3966 I chatty  : uid=10030(u0_a30) NonUserFacing4 expire 8 lines
01-23 19:22:10.549  2279  2576 I chatty  : uid=10030(u0_a30) NonUserFacing3 expire 10 lines
01-23 19:22:10.551  1475  5021 I chatty  : uid=1041(audioserver) /system/bin/audioserver expire 1 line
01-23 19:22:10.552  1475  4074 I chatty  : uid=1041(audioserver) Binder:1475_5 expire 6 lines
01-23 19:22:10.562  2279  2580 I chatty  : uid=10030(u0_a30) HotwordDetector expire 4 lines
01-23 19:22:15.578  1475  5027 I chatty  : uid=1041(audioserver) /system/bin/audioserver expire 1 line
01-23 19:22:15.579  2279  3945 I chatty  : uid=10030(u0_a30) UserFacing4 expire 12 lines
01-23 19:22:15.582  2279  2279 I chatty  : uid=10030(u0_a30) com.google.android.googlequicksearchbox:search expire 14 lines
01-23 19:22:20.603  1475  5032 I chatty  : uid=1041(audioserver) /system/bin/audioserver expire 1 line
01-23 19:22:20.605  1475  3512 I chatty  : uid=1041(audioserver) Binder:1475_3 expire 6 lines
01-23 19:22:25.627  2279  2576 I chatty  : uid=10030(u0_a30) NonUserFacing3 expire 5 lines
01-23 19:22:25.629  1475  5036 I chatty  : uid=1041(audioserver) /system/bin/audioserver expire 1 line
01-23 19:22:25.630  2279  3945 I chatty  : uid=10030(u0_a30) UserFacing4 expire 11 lines
01-23 19:22:25.632  2279  2279 I chatty  : uid=10030(u0_a30) com.google.android.googlequicksearchbox:search expire 8 lines
01-23 19:22:20.607  2279  3945 I chatty  : uid=10030(u0_a30) UserFacing4 identical 17 lines
01-23 19:22:25.632  2279  3945 E ActivityThread: Failed to find provider info for com.google.android.apps.gsa.testing.ui.audio.recorded
01-23 19:22:27.009  1623  1641 E BatteryStatsService: modem info is invalid: ModemActivityInfo{ mTimestamp=0 mSleepTimeMs=0 mIdleTimeMs=0 mTxTimeMs[]=[0, 0, 0, 0, 0] mRxTimeMs=0 mEnergyUsed=0}
01-23 19:22:30.649  1475  5041 I chatty  : uid=1041(audioserver) /system/bin/audioserver expire 1 line
01-23 19:22:30.652  1475  4074 I chatty  : uid=1041(audioserver) Binder:1475_5 expire 6 lines
01-23 19:22:30.665  2279  3945 E ActivityThread: Failed to find provider info for com.google.android.apps.gsa.testing.ui.audio.recorded
01-23 19:22:30.678  2279  2343 I chatty  : uid=10030(u0_a30) NonUserFacing0 expire 5 lines
01-23 19:22:30.704  2279  2580 I chatty  : uid=10030(u0_a30) HotwordDetector expire 1 line
01-23 19:22:30.708  2279  2279 I chatty  : uid=10030(u0_a30) com.google.android.googlequicksearchbox:search expire 6 lines
01-23 19:22:30.708  2279  3966 I chatty  : uid=10030(u0_a30) NonUserFacing4 expire 1 line
01-23 19:22:35.718  2279  3945 I chatty  : uid=10030(u0_a30) UserFacing4 expire 6 lines
01-23 19:22:35.720  1475  5048 I chatty  : uid=1041(audioserver) /system/bin/audioserver expire 1 line
01-23 19:22:35.724  2279  2279 I chatty  : uid=10030(u0_a30) com.google.android.googlequicksearchbox:search expire 7 lines
01-23 19:22:35.728  2279  2343 I chatty  : uid=10030(u0_a30) NonUserFacing0 expire 5 lines
01-23 19:22:35.729  2279  2580 I chatty  : uid=10030(u0_a30) HotwordDetector expire 1 line
01-23 19:22:35.731  2279  3966 I chatty  : uid=10030(u0_a30) NonUserFacing4 expire 1 line
01-23 19:22:40.741  2279  3945 I chatty  : uid=10030(u0_a30) UserFacing4 expire 6 lines
01-23 19:22:40.744  1475  5052 I chatty  : uid=1041(audioserver) /system/bin/audioserver expire 1 line
01-23 19:22:40.746  1475  1528 I chatty  : uid=1041(audioserver) Binder:1475_2 expire 6 lines
01-23 19:22:40.749  2279  2279 I chatty  : uid=10030(u0_a30) com.google.android.googlequicksearchbox:search expire 7 lines
01-23 19:22:40.751  2279  2343 I chatty  : uid=10030(u0_a30) NonUserFacing0 expire 5 lines
01-23 19:22:40.752  2279  2580 I chatty  : uid=10030(u0_a30) HotwordDetector expire 1 line
01-23 19:22:40.754  2279  3966 I chatty  : uid=10030(u0_a30) NonUserFacing4 expire 1 line
01-23 19:22:45.766  2279  3945 I chatty  : uid=10030(u0_a30) UserFacing4 expire 13 lines
01-23 19:22:45.768  1475  5056 I chatty  : uid=1041(audioserver) /system/bin/audioserver expire 1 line
01-23 19:22:45.772  2279  2279 I chatty  : uid=10030(u0_a30) com.google.android.googlequicksearchbox:search expire 14 lines
01-23 19:22:45.775  2279  2343 I chatty  : uid=10030(u0_a30) NonUserFacing0 expire 10 lines
01-23 19:22:45.776  2279  2580 I chatty  : uid=10030(u0_a30) HotwordDetector expire 5 lines
01-23 19:22:45.777  2279  3966 I chatty  : uid=10030(u0_a30) NonUserFacing4 expire 12 lines
01-23 19:22:50.792  1475  5060 I chatty  : uid=1041(audioserver) /system/bin/audioserver expire 1 line
01-23 19:22:50.793  1475  1528 I chatty  : uid=1041(audioserver) Binder:1475_2 expire 5 lines
01-23 19:22:55.813  1475  5066 I chatty  : uid=1041(audioserver) /system/bin/audioserver expire 1 line
01-23 19:22:55.815  1475  1528 I chatty  : uid=1041(audioserver) Binder:1475_2 expire 4 lines
01-23 19:22:55.815  2279  3945 I chatty  : uid=10030(u0_a30) UserFacing4 expire 12 lines
01-23 19:22:55.818  2279  2279 I chatty  : uid=10030(u0_a30) com.google.android.googlequicksearchbox:search expire 14 lines
01-23 19:23:00.006  1623  1637 E memtrack: Couldn't load memtrack module
01-23 19:23:00.006  1623  1637 W android.os.Debug: failed to get memory consumption info: -1
01-23 19:23:00.017  1392  1409 D hwcomposer: hw_composer sent 5 syncs in 60s
01-23 19:23:00.857  2279  2576 I chatty  : uid=10030(u0_a30) NonUserFacing3 expire 5 lines
01-23 19:23:00.859  1475  5071 I chatty  : uid=1041(audioserver) /system/bin/audioserver expire 1 line
01-23 19:23:00.871  2279  2343 I chatty  : uid=10030(u0_a30) NonUserFacing0 expire 1 line
01-23 19:23:05.876  1475  5075 I chatty  : uid=1041(audioserver) /system/bin/audioserver expire 1 line
01-23 19:23:05.878  1475  1528 I chatty  : uid=1041(audioserver) Binder:1475_2 expire 3 lines
01-23 19:23:05.878  2279  3945 I chatty  : uid=10030(u0_a30) UserFacing4 expire 11 lines
01-23 19:23:05.880  2279  2279 I chatty  : uid=10030(u0_a30) com.google.android.googlequicksearchbox:search expire 8 lines
01-23 19:23:05.885  2279  2576 I chatty  : uid=10030(u0_a30) NonUserFacing3 expire 1 line
01-23 19:23:10.896  2279  2343 I chatty  : uid=10030(u0_a30) NonUserFacing0 expire 5 lines
01-23 19:23:10.899  1475  5079 I chatty  : uid=1041(audioserver) /system/bin/audioserver expire 1 line
01-23 19:23:10.900  1475  4074 I chatty  : uid=1041(audioserver) Binder:1475_5 expire 3 lines
01-23 19:23:10.911  2279  2580 I chatty  : uid=10030(u0_a30) HotwordDetector expire 1 line
01-23 19:23:10.912  2279  2279 I chatty  : uid=10030(u0_a30) com.google.android.googlequicksearchbox:search expire 7 lines
01-23 19:23:10.912  2279  2576 I chatty  : uid=10030(u0_a30) NonUserFacing3 expire 1 line
01-23 19:23:15.926  2279  2343 I chatty  : uid=10030(u0_a30) NonUserFacing0 expire 5 lines
01-23 19:23:15.926  2279  3945 I chatty  : uid=10030(u0_a30) UserFacing4 expire 6 lines
01-23 19:23:15.928  1475  5085 I chatty  : uid=1041(audioserver) /system/bin/audioserver expire 1 line
01-23 19:23:15.929  1475  1528 I chatty  : uid=1041(audioserver) Binder:1475_2 expire 6 lines
01-23 19:23:15.939  2279  2580 I chatty  : uid=10030(u0_a30) HotwordDetector expire 1 line
01-23 19:23:15.940  2279  2279 I chatty  : uid=10030(u0_a30) com.google.android.googlequicksearchbox:search expire 7 lines
01-23 19:23:15.941  2279  2576 I chatty  : uid=10030(u0_a30) NonUserFacing3 expire 6 lines
01-23 19:23:20.951  2279  3945 I chatty  : uid=10030(u0_a30) UserFacing4 expire 6 lines
01-23 19:23:20.952  1475  5089 I chatty  : uid=1041(audioserver) /system/bin/audioserver expire 1 line
01-23 19:23:20.963  2279  2580 I chatty  : uid=10030(u0_a30) HotwordDetector expire 5 lines
01-23 19:23:20.965  2279  2279 I chatty  : uid=10030(u0_a30) com.google.android.googlequicksearchbox:search expire 13 lines
01-23 19:23:20.965  2279  3966 I chatty  : uid=10030(u0_a30) NonUserFacing4 expire 7 lines
01-23 19:23:25.976  2279  2343 I chatty  : uid=10030(u0_a30) NonUserFacing0 expire 11 lines
01-23 19:23:25.976  2279  3945 I chatty  : uid=10030(u0_a30) UserFacing4 expire 13 lines
01-23 19:23:25.979  1475  1528 I chatty  : uid=1041(audioserver) Binder:1475_2 expire 6 lines
01-23 19:23:25.980  1475  5093 I chatty  : uid=1041(audioserver) /system/bin/audioserver expire 1 line
01-23 19:23:31.013  1475  5097 I chatty  : uid=1041(audioserver) /system/bin/audioserver expire 1 line
01-23 19:23:31.017  2279  2279 I chatty  : uid=10030(u0_a30) com.google.android.googlequicksearchbox:search expire 14 lines
01-23 19:23:36.048  1475  5104 I chatty  : uid=1041(audioserver) /system/bin/audioserver expire 1 line
01-23 19:23:36.049  1475  1528 I chatty  : uid=1041(audioserver) Binder:1475_2 expire 3 lines
01-23 19:23:36.049  2279  3945 I chatty  : uid=10030(u0_a30) UserFacing4 expire 12 lines
01-23 19:23:36.057  2279  2576 I chatty  : uid=10030(u0_a30) NonUserFacing3 expire 6 lines
01-23 19:23:41.073  1475  5108 I chatty  : uid=1041(audioserver) /system/bin/audioserver expire 1 line
01-23 19:23:41.075  1475  3512 I chatty  : uid=1041(audioserver) Binder:1475_3 expire 3 lines
01-23 19:23:41.078  2279  2279 I chatty  : uid=10030(u0_a30) com.google.android.googlequicksearchbox:search expire 7 lines
01-23 19:23:41.083  2279  2343 I chatty  : uid=10030(u0_a30) NonUserFacing0 expire 2 lines
01-23 19:23:46.096  1475  5112 I chatty  : uid=1041(audioserver) /system/bin/audioserver expire 1 line
01-23 19:23:46.097  1475  1528 I chatty  : uid=1041(audioserver) Binder:1475_2 expire 6 lines
01-23 19:23:46.098  2279  3945 I chatty  : uid=10030(u0_a30) UserFacing4 expire 11 lines
01-23 19:23:46.100  2279  2279 I chatty  : uid=10030(u0_a30) com.google.android.googlequicksearchbox:search expire 7 lines
01-23 19:23:46.104  2279  2343 I chatty  : uid=10030(u0_a30) NonUserFacing0 expire 4 lines
01-23 19:23:46.104  2279  2580 I chatty  : uid=10030(u0_a30) HotwordDetector expire 1 line
01-23 19:23:46.106  2279  3966 I chatty  : uid=10030(u0_a30) NonUserFacing4 expire 1 line
01-23 19:23:51.118  2279  2576 I chatty  : uid=10030(u0_a30) NonUserFacing3 expire 5 lines
01-23 19:23:51.121  1475  5116 I chatty  : uid=1041(audioserver) /system/bin/audioserver expire 1 line
01-23 19:23:51.125  2279  2279 I chatty  : uid=10030(u0_a30) com.google.android.googlequicksearchbox:search expire 8 lines
01-23 19:23:51.128  2279  2580 I chatty  : uid=10030(u0_a30) HotwordDetector expire 1 line
01-23 19:23:51.131  2279  2343 I chatty  : uid=10030(u0_a30) NonUserFacing0 expire 6 lines
01-23 19:23:56.143  2279  3945 I chatty  : uid=10030(u0_a30) UserFacing4 expire 6 lines
01-23 19:23:56.145  1475  5122 I chatty  : uid=1041(audioserver) /system/bin/audioserver expire 1 line
01-23 19:23:56.147  1475  1528 I chatty  : uid=1041(audioserver) Binder:1475_2 expire 3 lines
01-23 19:23:56.155  2279  2580 I chatty  : uid=10030(u0_a30) HotwordDetector expire 6 lines
01-23 19:23:56.157  2279  2279 I chatty  : uid=10030(u0_a30) com.google.android.googlequicksearchbox:search expire 13 lines
01-23 19:23:56.159  2279  3966 I chatty  : uid=10030(u0_a30) NonUserFacing4 expire 8 lines
01-23 19:24:00.006  1623  1637 E memtrack: Couldn't load memtrack module
01-23 19:24:00.006  1623  1637 W android.os.Debug: failed to get memory consumption info: -1
01-23 19:24:00.012  1392  1409 D hwcomposer: hw_composer sent 5 syncs in 60s
01-23 19:24:01.167  2279  2576 I chatty  : uid=10030(u0_a30) NonUserFacing3 expire 10 lines
01-23 19:24:01.168  2279  3945 I chatty  : uid=10030(u0_a30) UserFacing4 expire 13 lines
01-23 19:24:01.169  1475  5131 I chatty  : uid=1041(audioserver) /system/bin/audioserver expire 1 line
01-23 19:24:01.171  1475  4074 I chatty  : uid=1041(audioserver) Binder:1475_5 expire 9 lines
01-23 19:24:01.183  2279  2343 I chatty  : uid=10030(u0_a30) NonUserFacing0 expire 7 lines
01-23 19:24:06.202  1475  5135 I chatty  : uid=1041(audioserver) /system/bin/audioserver expire 1 line
01-23 19:24:06.206  2279  2279 I chatty  : uid=10030(u0_a30) com.google.android.googlequicksearchbox:search expire 14 lines
01-23 19:24:11.224  1475  5139 I chatty  : uid=1041(audioserver) /system/bin/audioserver expire 1 line
01-23 19:24:11.226  2279  3945 I chatty  : uid=10030(u0_a30) UserFacing4 expire 12 lines
01-23 19:24:16.250  1475  5145 I chatty  : uid=1041(audioserver) /system/bin/audioserver expire 1 line
01-23 19:24:16.252  1475  5127 I chatty  : uid=1041(audioserver) Binder:1475_9 expire 3 lines
01-23 19:24:16.255  2279  2279 I chatty  : uid=10030(u0_a30) com.google.android.googlequicksearchbox:search expire 8 lines
01-23 19:24:21.270  2279  2576 I chatty  : uid=10030(u0_a30) NonUserFacing3 expire 4 lines
01-23 19:24:21.273  1475  5149 I chatty  : uid=1041(audioserver) /system/bin/audioserver expire 1 line
01-23 19:24:21.274  1475  4074 I chatty  : uid=1041(audioserver) Binder:1475_5 expire 3 lines
01-23 19:24:21.274  2279  3945 I chatty  : uid=10030(u0_a30) UserFacing4 expire 17 lines
01-23 19:24:21.298  2279  2576 I chatty  : uid=10030(u0_a30) NonUserFacing3 expire 8 lines
01-23 19:24:21.299  2279  2279 I chatty  : uid=10030(u0_a30) com.google.android.googlequicksearchbox:search expire 14 lines
01-23 19:24:21.300  2279  3966 I chatty  : uid=10030(u0_a30) NonUserFacing4 expire 1 line
01-23 19:24:26.312  1475  5153 I chatty  : uid=1041(audioserver) /system/bin/audioserver expire 1 line
01-23 19:24:26.314  1475  1475 I chatty  : uid=1041(audioserver) /system/bin/audioserver expire 5 lines
01-23 19:24:26.320  2279  2580 I chatty  : uid=10030(u0_a30) HotwordDetector expire 1 line
01-23 19:24:26.322  2279  2343 I chatty  : uid=10030(u0_a30) NonUserFacing0 expire 1 line
01-23 19:24:31.336  1475  5157 I chatty  : uid=1041(audioserver) /system/bin/audioserver expire 1 line
01-23 19:24:31.338  1475  1475 I chatty  : uid=1041(audioserver) /system/bin/audioserver expire 7 lines
01-23 19:24:31.342  2279  2576 I chatty  : uid=10030(u0_a30) NonUserFacing3 expire 11 lines
01-23 19:24:31.342  2279  2580 I chatty  : uid=10030(u0_a30) HotwordDetector expire 5 lines
01-23 19:24:31.344  2279  2279 I chatty  : uid=10030(u0_a30) com.google.android.googlequicksearchbox:search expire 13 lines
01-23 19:24:31.344  2279  3966 I chatty  : uid=10030(u0_a30) NonUserFacing4 expire 6 lines
01-23 19:24:36.356  2279  3945 I chatty  : uid=10030(u0_a30) UserFacing4 expire 13 lines
01-23 19:24:36.358  1475  5164 I chatty  : uid=1041(audioserver) /system/bin/audioserver expire 1 line
01-23 19:24:41.387  2279  2343 I chatty  : uid=10030(u0_a30) NonUserFacing0 expire 6 lines
01-23 19:24:41.390  1475  5168 I chatty  : uid=1041(audioserver) /system/bin/audioserver expire 1 line
01-23 19:24:41.395  2279  2279 I chatty  : uid=10030(u0_a30) com.google.android.googlequicksearchbox:search expire 14 lines
01-23 19:24:46.412  1475  5173 I chatty  : uid=1041(audioserver) /system/bin/audioserver expire 1 line
01-23 19:24:46.413  1475  4074 I chatty  : uid=1041(audioserver) Binder:1475_5 expire 3 lines
01-23 19:24:46.414  2279  3945 I chatty  : uid=10030(u0_a30) UserFacing4 expire 11 lines
01-23 19:24:51.455  1475  5177 I chatty  : uid=1041(audioserver) /system/bin/audioserver expire 1 line
01-23 19:24:51.456  1475  1475 I chatty  : uid=1041(audioserver) /system/bin/audioserver expire 6 lines
01-23 19:24:51.461  2279  2279 I chatty  : uid=10030(u0_a30) com.google.android.googlequicksearchbox:search expire 7 lines
01-23 19:24:51.467  2279  2576 I chatty  : uid=10030(u0_a30) NonUserFacing3 expire 4 lines
01-23 19:24:51.469  2279  2343 I chatty  : uid=10030(u0_a30) NonUserFacing0 expire 2 lines
01-23 19:24:46.416  2279  3945 I chatty  : uid=10030(u0_a30) UserFacing4 identical 27 lines
01-23 19:24:51.461  2279  3945 E ActivityThread: Failed to find provider info for com.google.android.apps.gsa.testing.ui.audio.recorded
01-23 19:24:54.089  1623  1641 E BatteryStatsService: modem info is invalid: ModemActivityInfo{ mTimestamp=0 mSleepTimeMs=0 mIdleTimeMs=0 mTxTimeMs[]=[0, 0, 0, 0, 0] mRxTimeMs=0 mEnergyUsed=0}
01-23 19:24:56.483  2279  3945 I chatty  : uid=10030(u0_a30) UserFacing4 expire 6 lines
01-23 19:24:56.484  1475  5184 I chatty  : uid=1041(audioserver) /system/bin/audioserver expire 1 line
01-23 19:24:56.487  2279  3945 E ActivityThread: Failed to find provider info for com.google.android.apps.gsa.testing.ui.audio.recorded
01-23 19:24:56.488  2279  2279 I chatty  : uid=10030(u0_a30) com.google.android.googlequicksearchbox:search expire 7 lines
01-23 19:24:56.493  2279  2343 I chatty  : uid=10030(u0_a30) NonUserFacing0 expire 4 lines
01-23 19:24:56.494  2279  2580 I chatty  : uid=10030(u0_a30) HotwordDetector expire 1 line
01-23 19:24:56.495  2279  3966 I chatty  : uid=10030(u0_a30) NonUserFacing4 expire 1 line
01-23 19:25:00.010  1623  1637 E memtrack: Couldn't load memtrack module
01-23 19:25:00.010  1623  1637 W android.os.Debug: failed to get memory consumption info: -1
01-23 19:25:00.022  1392  1409 D hwcomposer: hw_composer sent 7 syncs in 60s
01-23 19:25:01.502  2279  2576 I chatty  : uid=10030(u0_a30) NonUserFacing3 expire 1 line
01-23 19:25:01.502  2279  3945 I chatty  : uid=10030(u0_a30) UserFacing4 expire 6 lines
01-23 19:25:01.505  1475  1475 I chatty  : uid=1041(audioserver) /system/bin/audioserver expire 6 lines
01-23 19:25:01.506  1475  5189 I chatty  : uid=1041(audioserver) /system/bin/audioserver expire 1 line
01-23 19:25:01.508  2279  2279 I chatty  : uid=10030(u0_a30) com.google.android.googlequicksearchbox:search expire 7 lines
01-23 19:25:01.511  2279  2576 I chatty  : uid=10030(u0_a30) NonUserFacing3 expire 4 lines
01-23 19:25:01.513  2279  2580 I chatty  : uid=10030(u0_a30) HotwordDetector expire 1 line
01-23 19:25:01.514  2279  3966 I chatty  : uid=10030(u0_a30) NonUserFacing4 expire 1 line
01-23 19:25:06.525  2279  2343 I chatty  : uid=10030(u0_a30) NonUserFacing0 expire 1 line
01-23 19:25:06.525  2279  3945 I chatty  : uid=10030(u0_a30) UserFacing4 expire 6 lines
01-23 19:25:06.529  1475  5193 I chatty  : uid=1041(audioserver) /system/bin/audioserver expire 1 line
01-23 19:25:06.534  2279  2279 I chatty  : uid=10030(u0_a30) com.google.android.googlequicksearchbox:search expire 14 lines
01-23 19:25:06.537  2279  2343 I chatty  : uid=10030(u0_a30) NonUserFacing0 expire 4 lines
01-23 19:25:06.537  2279  2580 I chatty  : uid=10030(u0_a30) HotwordDetector expire 5 lines
01-23 19:25:06.539  2279  3966 I chatty  : uid=10030(u0_a30) NonUserFacing4 expire 11 lines
01-23 19:25:11.549  2279  3945 I chatty  : uid=10030(u0_a30) UserFacing4 expire 13 lines
01-23 19:25:11.551  1475  5197 I chatty  : uid=1041(audioserver) /system/bin/audioserver expire 1 line
01-23 19:25:11.552  1475  1475 I chatty  : uid=1041(audioserver) /system/bin/audioserver expire 6 lines
01-23 19:25:11.561  2279  2576 I chatty  : uid=10030(u0_a30) NonUserFacing3 expire 12 lines
01-23 19:25:16.585  1475  5203 I chatty  : uid=1041(audioserver) /system/bin/audioserver expire 1 line
01-23 19:25:16.588  2279  2279 I chatty  : uid=10030(u0_a30) com.google.android.googlequicksearchbox:search expire 14 lines
01-23 19:25:21.609  1475  5207 I chatty  : uid=1041(audioserver) /system/bin/audioserver expire 1 line
01-23 19:25:21.611  1475  1475 I chatty  : uid=1041(audioserver) /system/bin/audioserver expire 6 lines
01-23 19:25:21.611  2279  3945 I chatty  : uid=10030(u0_a30) UserFacing4 expire 12 lines
01-23 19:25:21.644  2279  3966 I chatty  : uid=10030(u0_a30) NonUserFacing4 expire 1 line
01-23 19:25:26.657  1475  5211 I chatty  : uid=1041(audioserver) /system/bin/audioserver expire 1 line
01-23 19:25:26.662  2279  2279 I chatty  : uid=10030(u0_a30) com.google.android.googlequicksearchbox:search expire 15 lines
01-23 19:25:26.667  2279  2343 I chatty  : uid=10030(u0_a30) NonUserFacing0 expire 7 lines
01-23 19:25:31.680  1475  5215 I chatty  : uid=1041(audioserver) /system/bin/audioserver expire 1 line
01-23 19:25:31.682  1475  5127 I chatty  : uid=1041(audioserver) Binder:1475_9 expire 3 lines
01-23 19:25:31.682  2279  3945 I chatty  : uid=10030(u0_a30) UserFacing4 expire 11 lines
01-23 19:25:31.689  2279  2580 I chatty  : uid=10030(u0_a30) HotwordDetector expire 1 line
01-23 19:25:31.690  2279  3966 I chatty  : uid=10030(u0_a30) NonUserFacing4 expire 1 line
01-23 19:25:36.700  1475  5222 I chatty  : uid=1041(audioserver) /system/bin/audioserver expire 1 line
01-23 19:25:36.701  1475  1475 I chatty  : uid=1041(audioserver) /system/bin/audioserver expire 3 lines
01-23 19:25:36.726  2279  2343 I chatty  : uid=10030(u0_a30) NonUserFacing0 expire 4 lines
01-23 19:25:36.727  2279  2580 I chatty  : uid=10030(u0_a30) HotwordDetector expire 2 lines
01-23 19:25:36.729  2279  2279 I chatty  : uid=10030(u0_a30) com.google.android.googlequicksearchbox:search expire 13 lines
01-23 19:25:36.729  2279  3966 I chatty  : uid=10030(u0_a30) NonUserFacing4 expire 6 lines
01-23 19:25:41.740  2279  3945 I chatty  : uid=10030(u0_a30) UserFacing4 expire 19 lines
01-23 19:25:41.742  1475  5226 I chatty  : uid=1041(audioserver) /system/bin/audioserver expire 1 line
01-23 19:25:41.743  1475  4074 I chatty  : uid=1041(audioserver) Binder:1475_5 expire 3 lines
01-23 19:25:41.772  2279  2576 I chatty  : uid=10030(u0_a30) NonUserFacing3 expire 2 lines
01-23 19:25:45.352  3101  3140 I PlayCommon: [178] PlayEventLogger.uploadEventsImpl: Preparing logs for uploading
01-23 19:25:45.353  3101  3140 I PlayCommon: [178] PlayEventLogger.uploadEventsImpl: No file ready to send
01-23 19:25:46.780  1475  5231 I chatty  : uid=1041(audioserver) /system/bin/audioserver expire 1 line
01-23 19:25:46.780  1475  5127 I chatty  : uid=1041(audioserver) Binder:1475_9 expire 9 lines
01-23 19:25:46.784  2279  2279 I chatty  : uid=10030(u0_a30) com.google.android.googlequicksearchbox:search expire 14 lines
01-23 19:25:46.795  2279  2576 I chatty  : uid=10030(u0_a30) NonUserFacing3 expire 11 lines
01-23 19:25:46.795  2279  2580 I chatty  : uid=10030(u0_a30) HotwordDetector expire 5 lines
01-23 19:25:46.797  2279  3966 I chatty  : uid=10030(u0_a30) NonUserFacing4 expire 3 lines
01-23 19:25:51.804  2279  2343 I chatty  : uid=10030(u0_a30) NonUserFacing0 expire 10 lines
01-23 19:25:51.807  1475  5235 I chatty  : uid=1041(audioserver) /system/bin/audioserver expire 1 line
01-23 19:25:46.784  2279  3945 I chatty  : uid=10030(u0_a30) UserFacing4 identical 10 lines
01-23 19:25:51.811  2279  3945 E ActivityThread: Failed to find provider info for com.google.android.apps.gsa.testing.ui.audio.recorded
01-23 19:25:53.989  1623  1641 E BatteryStatsService: modem info is invalid: ModemActivityInfo{ mTimestamp=0 mSleepTimeMs=0 mIdleTimeMs=0 mTxTimeMs[]=[0, 0, 0, 0, 0] mRxTimeMs=0 mEnergyUsed=0}
01-23 19:25:56.830  1475  5242 I chatty  : uid=1041(audioserver) /system/bin/audioserver expire 1 line
01-23 19:25:56.830  2279  3945 I chatty  : uid=10030(u0_a30) UserFacing4 expire 12 lines
01-23 19:25:56.834  2279  3945 E ActivityThread: Failed to find provider info for com.google.android.apps.gsa.testing.ui.audio.recorded
01-23 19:25:56.834  2279  2279 I chatty  : uid=10030(u0_a30) com.google.android.googlequicksearchbox:search expire 14 lines
01-23 19:26:00.006  1623  1637 E memtrack: Couldn't load memtrack module
01-23 19:26:00.006  1623  1637 W android.os.Debug: failed to get memory consumption info: -1
01-23 19:26:00.013  1392  1409 D hwcomposer: hw_composer sent 6 syncs in 60s
01-23 19:26:01.853  1475  5250 I chatty  : uid=1041(audioserver) /system/bin/audioserver expire 1 line
01-23 19:26:01.855  1475  5127 I chatty  : uid=1041(audioserver) Binder:1475_9 expire 9 lines
01-23 19:26:06.877  1475  5254 I chatty  : uid=1041(audioserver) /system/bin/audioserver expire 1 line
01-23 19:26:06.877  2279  3945 I chatty  : uid=10030(u0_a30) UserFacing4 expire 11 lines
01-23 19:26:06.880  2279  2279 I chatty  : uid=10030(u0_a30) com.google.android.googlequicksearchbox:search expire 8 lines
01-23 19:26:06.882  2279  2576 I chatty  : uid=10030(u0_a30) NonUserFacing3 expire 4 lines
01-23 19:26:06.884  2279  3966 I chatty  : uid=10030(u0_a30) NonUserFacing4 expire 1 line
01-23 19:26:11.896  2279  2343 I chatty  : uid=10030(u0_a30) NonUserFacing0 expire 2 lines
01-23 19:26:11.898  1475  5258 I chatty  : uid=1041(audioserver) /system/bin/audioserver expire 1 line
01-23 19:26:11.921  2279  2343 I chatty  : uid=10030(u0_a30) NonUserFacing0 expire 3 lines
01-23 19:26:11.921  2279  2580 I chatty  : uid=10030(u0_a30) HotwordDetector expire 1 line
01-23 19:26:11.922  2279  2279 I chatty  : uid=10030(u0_a30) com.google.android.googlequicksearchbox:search expire 7 lines
01-23 19:26:11.923  2279  3966 I chatty  : uid=10030(u0_a30) NonUserFacing4 expire 1 line
01-23 19:26:16.931  2279  2576 I chatty  : uid=10030(u0_a30) NonUserFacing3 expire 1 line
01-23 19:26:16.932  2279  3945 I chatty  : uid=10030(u0_a30) UserFacing4 expire 6 lines
01-23 19:26:16.933  1475  5264 I chatty  : uid=1041(audioserver) /system/bin/audioserver expire 1 line
01-23 19:26:16.934  1475  4074 I chatty  : uid=1041(audioserver) Binder:1475_5 expire 3 lines
01-23 19:26:16.940  2279  2576 I chatty  : uid=10030(u0_a30) NonUserFacing3 expire 4 lines
01-23 19:26:16.940  2279  2580 I chatty  : uid=10030(u0_a30) HotwordDetector expire 1 line
01-23 19:26:16.941  2279  2279 I chatty  : uid=10030(u0_a30) com.google.android.googlequicksearchbox:search expire 6 lines
01-23 19:26:16.942  2279  3966 I chatty  : uid=10030(u0_a30) NonUserFacing4 expire 1 line
01-23 19:26:21.952  2279  2343 I chatty  : uid=10030(u0_a30) NonUserFacing0 expire 1 line
01-23 19:26:21.953  2279  3945 I chatty  : uid=10030(u0_a30) UserFacing4 expire 6 lines
01-23 19:26:21.954  1475  5268 I chatty  : uid=1041(audioserver) /system/bin/audioserver expire 1 line
01-23 19:26:21.955  1475  1475 I chatty  : uid=1041(audioserver) /system/bin/audioserver expire 3 lines
01-23 19:26:21.959  2279  2279 I chatty  : uid=10030(u0_a30) com.google.android.googlequicksearchbox:search expire 14 lines
01-23 19:26:21.962  2279  2343 I chatty  : uid=10030(u0_a30) NonUserFacing0 expire 4 lines
01-23 19:26:21.963  2279  2580 I chatty  : uid=10030(u0_a30) HotwordDetector expire 6 lines
01-23 19:26:21.966  2279  3966 I chatty  : uid=10030(u0_a30) NonUserFacing4 expire 6 lines
01-23 19:26:26.978  2279  3945 I chatty  : uid=10030(u0_a30) UserFacing4 expire 13 lines
01-23 19:26:26.979  1475  5272 I chatty  : uid=1041(audioserver) /system/bin/audioserver expire 1 line
01-23 19:26:26.981  1475  4074 I chatty  : uid=1041(audioserver) Binder:1475_5 expire 9 lines
01-23 19:26:27.011  2279  2343 I chatty  : uid=10030(u0_a30) NonUserFacing0 expire 13 lines
01-23 19:26:32.024  1475  5276 I chatty  : uid=1041(audioserver) /system/bin/audioserver expire 1 line
01-23 19:26:32.027  2279  2279 I chatty  : uid=10030(u0_a30) com.google.android.googlequicksearchbox:search expire 14 lines
01-23 19:26:32.033  2279  2576 I chatty  : uid=10030(u0_a30) NonUserFacing3 expire 7 lines
01-23 19:26:37.048  1475  5288 I chatty  : uid=1041(audioserver) /system/bin/audioserver expire 1 line
01-23 19:26:37.050  2279  3945 I chatty  : uid=10030(u0_a30) UserFacing4 expire 12 lines
01-23 19:26:42.072  1475  5292 I chatty  : uid=1041(audioserver) /system/bin/audioserver expire 1 line
01-23 19:26:42.073  1475  5127 I chatty  : uid=1041(audioserver) Binder:1475_9 expire 6 lines
01-23 19:26:42.075  2279  2279 I chatty  : uid=10030(u0_a30) com.google.android.googlequicksearchbox:search expire 15 lines
01-23 19:26:47.112  1475  5296 I chatty  : uid=1041(audioserver) /system/bin/audioserver expire 1 line
01-23 19:26:47.113  2279  3945 I chatty  : uid=10030(u0_a30) UserFacing4 expire 11 lines
01-23 19:26:47.120  2279  2343 I chatty  : uid=10030(u0_a30) NonUserFacing0 expire 4 lines
01-23 19:26:47.123  2279  3966 I chatty  : uid=10030(u0_a30) NonUserFacing4 expire 1 line
01-23 19:26:52.133  2279  2576 I chatty  : uid=10030(u0_a30) NonUserFacing3 expire 4 lines
01-23 19:26:52.136  1475  5300 I chatty  : uid=1041(audioserver) /system/bin/audioserver expire 1 line
01-23 19:26:52.136  1475  4074 I chatty  : uid=1041(audioserver) Binder:1475_5 expire 3 lines
01-23 19:26:52.143  2279  2580 I chatty  : uid=10030(u0_a30) HotwordDetector expire 2 lines
01-23 19:26:52.143  2279  2576 I chatty  : uid=10030(u0_a30) NonUserFacing3 expire 1 line
01-23 19:26:52.145  2279  2279 I chatty  : uid=10030(u0_a30) com.google.android.googlequicksearchbox:search expire 20 lines
01-23 19:26:52.145  2279  3966 I chatty  : uid=10030(u0_a30) NonUserFacing4 expire 11 lines
01-23 19:26:57.158  2279  3945 I chatty  : uid=10030(u0_a30) UserFacing4 expire 19 lines
01-23 19:26:57.162  1475  5127 I chatty  : uid=1041(audioserver) Binder:1475_9 expire 3 lines
01-23 19:26:57.162  1475  5306 I chatty  : uid=1041(audioserver) /system/bin/audioserver expire 1 line
01-23 19:26:57.174  2279  2343 I chatty  : uid=10030(u0_a30) NonUserFacing0 expire 12 lines
01-23 19:27:00.014  1623  1637 E memtrack: Couldn't load memtrack module
01-23 19:27:00.014  1623  1637 W android.os.Debug: failed to get memory consumption info: -1
01-23 19:27:00.024  1392  1409 D hwcomposer: hw_composer sent 6 syncs in 60s
01-23 19:27:02.189  1475  5311 I chatty  : uid=1041(audioserver) /system/bin/audioserver expire 1 line
01-23 19:27:02.190  1475  4074 I chatty  : uid=1041(audioserver) Binder:1475_5 expire 3 lines
01-23 19:27:02.196  2279  2580 I chatty  : uid=10030(u0_a30) HotwordDetector expire 4 lines
01-23 19:27:02.198  2279  2576 I chatty  : uid=10030(u0_a30) NonUserFacing3 expire 3 lines
01-23 19:27:07.210  1475  1475 I chatty  : uid=1041(audioserver) /system/bin/audioserver expire 3 lines
01-23 19:27:07.211  1475  5315 I chatty  : uid=1041(audioserver) /system/bin/audioserver expire 1 line
01-23 19:27:07.213  2279  2279 I chatty  : uid=10030(u0_a30) com.google.android.googlequicksearchbox:search expire 14 lines
01-23 19:27:12.251  1475  5319 I chatty  : uid=1041(audioserver) /system/bin/audioserver expire 1 line
01-23 19:27:12.252  1475  5127 I chatty  : uid=1041(audioserver) Binder:1475_9 expire 5 lines
01-23 19:27:12.253  2279  3945 I chatty  : uid=10030(u0_a30) UserFacing4 expire 11 lines
01-23 19:27:12.259  2279  2343 I chatty  : uid=10030(u0_a30) NonUserFacing0 expire 4 lines
01-23 19:27:17.276  1475  5325 I chatty  : uid=1041(audioserver) /system/bin/audioserver expire 1 line
01-23 19:27:17.277  1475  5127 I chatty  : uid=1041(audioserver) Binder:1475_9 expire 4 lines
01-23 19:27:17.281  2279  2279 I chatty  : uid=10030(u0_a30) com.google.android.googlequicksearchbox:search expire 7 lines
01-23 19:27:17.297  2279  2576 I chatty  : uid=10030(u0_a30) NonUserFacing3 expire 1 line
01-23 19:27:22.303  2279  2343 I chatty  : uid=10030(u0_a30) NonUserFacing0 expire 1 line
01-23 19:27:22.303  2279  3945 I chatty  : uid=10030(u0_a30) UserFacing4 expire 6 lines
01-23 19:27:22.306  1475  5330 I chatty  : uid=1041(audioserver) /system/bin/audioserver expire 1 line
01-23 19:27:22.310  2279  2279 I chatty  : uid=10030(u0_a30) com.google.android.googlequicksearchbox:search expire 7 lines
01-23 19:27:22.315  2279  2343 I chatty  : uid=10030(u0_a30) NonUserFacing0 expire 4 lines
01-23 19:27:22.315  2279  2580 I chatty  : uid=10030(u0_a30) HotwordDetector expire 1 line
01-23 19:27:22.317  2279  3966 I chatty  : uid=10030(u0_a30) NonUserFacing4 expire 1 line
01-23 19:27:27.329  2279  2576 I chatty  : uid=10030(u0_a30) NonUserFacing3 expire 1 line
01-23 19:27:27.329  2279  3945 I chatty  : uid=10030(u0_a30) UserFacing4 expire 6 lines
01-23 19:27:27.331  1475  5334 I chatty  : uid=1041(audioserver) /system/bin/audioserver expire 1 line
01-23 19:27:27.332  1475  5127 I chatty  : uid=1041(audioserver) Binder:1475_9 expire 6 lines
01-23 19:27:27.336  2279  2279 I chatty  : uid=10030(u0_a30) com.google.android.googlequicksearchbox:search expire 21 lines
01-23 19:27:27.357  2279  2576 I chatty  : uid=10030(u0_a30) NonUserFacing3 expire 19 lines
01-23 19:27:27.357  2279  2580 I chatty  : uid=10030(u0_a30) HotwordDetector expire 7 lines
01-23 19:27:27.359  2279  3966 I chatty  : uid=10030(u0_a30) NonUserFacing4 expire 1 line
01-23 19:27:22.309  2279  3945 I chatty  : uid=10030(u0_a30) UserFacing4 identical 17 lines
01-23 19:27:27.335  2279  3945 E ActivityThread: Failed to find provider info for com.google.android.apps.gsa.testing.ui.audio.recorded
01-23 19:27:29.509  1623  1641 E BatteryStatsService: modem info is invalid: ModemActivityInfo{ mTimestamp=0 mSleepTimeMs=0 mIdleTimeMs=0 mTxTimeMs[]=[0, 0, 0, 0, 0] mRxTimeMs=0 mEnergyUsed=0}
01-23 19:27:32.370  2279  3945 I chatty  : uid=10030(u0_a30) UserFacing4 expire 19 lines
01-23 19:27:32.372  1475  5339 I chatty  : uid=1041(audioserver) /system/bin/audioserver expire 1 line
01-23 19:27:32.375  2279  3945 E ActivityThread: Failed to find provider info for com.google.android.apps.gsa.testing.ui.audio.recorded
01-23 19:27:32.385  2279  2343 I chatty  : uid=10030(u0_a30) NonUserFacing0 expire 11 lines
01-23 19:27:37.399  1475  5346 I chatty  : uid=1041(audioserver) /system/bin/audioserver expire 1 line
01-23 19:27:37.400  1475  4074 I chatty  : uid=1041(audioserver) Binder:1475_5 expire 3 lines
01-23 19:27:37.408  2279  3966 I chatty  : uid=10030(u0_a30) NonUserFacing4 expire 9 lines
01-23 19:27:42.423  1475  5355 I chatty  : uid=1041(audioserver) /system/bin/audioserver expire 1 line
01-23 19:27:42.424  1475  5127 I chatty  : uid=1041(audioserver) Binder:1475_9 expire 3 lines
01-23 19:27:42.426  2279  2279 I chatty  : uid=10030(u0_a30) com.google.android.googlequicksearchbox:search expire 14 lines
01-23 19:27:47.445  1475  5359 I chatty  : uid=1041(audioserver) /system/bin/audioserver expire 1 line
01-23 19:27:47.445  1475  4074 I chatty  : uid=1041(audioserver) Binder:1475_5 expire 6 lines
01-23 19:27:47.445  2279  3945 I chatty  : uid=10030(u0_a30) UserFacing4 expire 12 lines
01-23 19:27:52.466  1475  5363 I chatty  : uid=1041(audioserver) /system/bin/audioserver expire 1 line
01-23 19:27:52.470  2279  2279 I chatty  : uid=10030(u0_a30) com.google.android.googlequicksearchbox:search expire 8 lines
01-23 19:27:57.494  1475  5370 I chatty  : uid=1041(audioserver) Binder:1475_A expire 3 lines
01-23 19:27:57.494  2279  3945 I chatty  : uid=10030(u0_a30) UserFacing4 expire 11 lines
01-23 19:27:57.495  1475  5374 I chatty  : uid=1041(audioserver) /system/bin/audioserver expire 1 line
01-23 19:27:57.509  2279  2279 I chatty  : uid=10030(u0_a30) com.google.android.googlequicksearchbox:search expire 7 lines
01-23 19:27:57.509  2279  2576 I chatty  : uid=10030(u0_a30) NonUserFacing3 expire 6 lines
01-23 19:28:00.007  1623  1637 E memtrack: Couldn't load memtrack module
01-23 19:28:00.007  1623  1637 W android.os.Debug: failed to get memory consumption info: -1
01-23 19:28:00.023  1392  1409 D hwcomposer: hw_composer sent 5 syncs in 60s
