01-23 22:06:06.172  2279  2580 I chatty  : uid=10030(u0_a30) HotwordDetector expire 4 lines
01-23 22:06:06.174  2279  3966 I chatty  : uid=10030(u0_a30) NonUserFacing4 expire 8 lines
01-23 22:06:11.188  2279  2576 I chatty  : uid=10030(u0_a30) NonUserFacing3 expire 10 lines
01-23 22:06:11.188  2279  6463 I chatty  : uid=10030(u0_a30) UserFacing5 expire 13 lines
01-23 22:06:11.192  1475  7956 I chatty  : uid=1041(audioserver) /system/bin/audioserver expire 1 line
01-23 22:06:11.194  1475  3619 I chatty  : uid=1041(audioserver) Binder:1475_4 expire 3 lines
01-23 22:06:16.236  1475  7960 I chatty  : uid=1041(audioserver) /system/bin/audioserver expire 1 line
01-23 22:06:16.244  1475  1525 I chatty  : uid=1041(audioserver) Binder:1475_1 expire 3 lines
01-23 22:06:16.249  2279  2279 I chatty  : uid=10030(u0_a30) com.google.android.googlequicksearchbox:search expire 8 lines
01-23 22:06:21.276  1475  7964 I chatty  : uid=1041(audioserver) /system/bin/audioserver expire 1 line
01-23 22:06:21.279  1475  5539 I chatty  : uid=1041(audioserver) Binder:1475_B expire 8 lines
01-23 22:06:21.279  2279  6463 I chatty  : uid=10030(u0_a30) UserFacing5 expire 17 lines
01-23 22:06:21.292  2279  2279 I chatty  : uid=10030(u0_a30) com.google.android.googlequicksearchbox:search expire 14 lines
01-23 22:06:21.292  2279  2576 I chatty  : uid=10030(u0_a30) NonUserFacing3 expire 2 lines
01-23 22:06:26.302  2279  2343 I chatty  : uid=10030(u0_a30) NonUserFacing0 expire 5 lines
01-23 22:06:26.306  1475  7968 I chatty  : uid=1041(audioserver) /system/bin/audioserver expire 1 line
01-23 22:06:26.316  2279  2580 I chatty  : uid=10030(u0_a30) HotwordDetector expire 1 line
01-23 22:06:31.330  2279  3966 I chatty  : uid=10030(u0_a30) NonUserFacing4 expire 2 lines
01-23 22:06:31.334  1475  7974 I chatty  : uid=1041(audioserver) /system/bin/audioserver expire 1 line
01-23 22:06:31.335  1475  5539 I chatty  : uid=1041(audioserver) Binder:1475_B expire 1 line
01-23 22:06:31.349  2279  3966 I chatty  : uid=10030(u0_a30) NonUserFacing4 expire 3 lines
01-23 22:06:31.349  2279  2580 I chatty  : uid=10030(u0_a30) HotwordDetector expire 1 line
01-23 22:06:31.351  2279  2279 I chatty  : uid=10030(u0_a30) com.google.android.googlequicksearchbox:search expire 7 lines
01-23 22:06:31.351  2279  2576 I chatty  : uid=10030(u0_a30) NonUserFacing3 expire 1 line
01-23 22:06:36.361  2279  2343 I chatty  : uid=10030(u0_a30) NonUserFacing0 expire 1 line
01-23 22:06:36.362  2279  6463 I chatty  : uid=10030(u0_a30) UserFacing5 expire 13 lines
01-23 22:06:36.363  1475  3619 I chatty  : uid=1041(audioserver) Binder:1475_4 expire 6 lines
01-23 22:06:36.364  1475  7978 I chatty  : uid=1041(audioserver) /system/bin/audioserver expire 1 line
01-23 22:06:36.369  2279  2343 I chatty  : uid=10030(u0_a30) NonUserFacing0 expire 9 lines
01-23 22:06:36.369  2279  2580 I chatty  : uid=10030(u0_a30) HotwordDetector expire 4 lines
01-23 22:06:36.371  2279  2279 I chatty  : uid=10030(u0_a30) com.google.android.googlequicksearchbox:search expire 13 lines
01-23 22:06:36.372  2279  2576 I chatty  : uid=10030(u0_a30) NonUserFacing3 expire 5 lines
01-23 22:06:37.868  1623  1637 E memtrack: Couldn't load memtrack module
01-23 22:06:37.868  1623  1637 W android.os.Debug: failed to get memory consumption info: -1
01-23 22:06:41.378  2279  3966 I chatty  : uid=10030(u0_a30) NonUserFacing4 expire 10 lines
01-23 22:06:41.382  1475  7983 I chatty  : uid=1041(audioserver) /system/bin/audioserver expire 1 line
01-23 22:06:46.403  1475  7987 I chatty  : uid=1041(audioserver) /system/bin/audioserver expire 1 line
01-23 22:06:46.405  1475  3619 I chatty  : uid=1041(audioserver) Binder:1475_4 expire 6 lines
01-23 22:06:46.405  2279  6463 I chatty  : uid=10030(u0_a30) UserFacing5 expire 12 lines
01-23 22:06:46.407  2279  2279 I chatty  : uid=10030(u0_a30) com.google.android.googlequicksearchbox:search expire 14 lines
01-23 22:06:51.427  1475  7993 I chatty  : uid=1041(audioserver) /system/bin/audioserver expire 1 line
01-23 22:06:56.451  1475  7997 I chatty  : uid=1041(audioserver) /system/bin/audioserver expire 1 line
01-23 22:06:56.452  1475  3619 I chatty  : uid=1041(audioserver) Binder:1475_4 expire 6 lines
01-23 22:06:56.452  2279  6463 I chatty  : uid=10030(u0_a30) UserFacing5 expire 11 lines
01-23 22:06:56.455  2279  2279 I chatty  : uid=10030(u0_a30) com.google.android.googlequicksearchbox:search expire 7 lines
01-23 22:06:56.458  2279  2576 I chatty  : uid=10030(u0_a30) NonUserFacing3 expire 5 lines
01-23 22:06:56.458  2279  2580 I chatty  : uid=10030(u0_a30) HotwordDetector expire 1 line
01-23 22:06:56.460  2279  2343 I chatty  : uid=10030(u0_a30) NonUserFacing0 expire 1 line
01-23 22:07:00.019  1392  1409 D hwcomposer: hw_composer sent 5 syncs in 60s
01-23 22:07:00.020  1623  1637 E memtrack: Couldn't load memtrack module
01-23 22:07:00.020  1623  1637 W android.os.Debug: failed to get memory consumption info: -1
01-23 22:07:01.471  1475  8001 I chatty  : uid=1041(audioserver) /system/bin/audioserver expire 1 line
01-23 22:07:01.476  2279  2279 I chatty  : uid=10030(u0_a30) com.google.android.googlequicksearchbox:search expire 14 lines
01-23 22:07:01.479  2279  2576 I chatty  : uid=10030(u0_a30) NonUserFacing3 expire 4 lines
01-23 22:07:01.479  2279  2580 I chatty  : uid=10030(u0_a30) HotwordDetector expire 4 lines
01-23 22:07:01.481  2279  2343 I chatty  : uid=10030(u0_a30) NonUserFacing0 expire 2 lines
01-23 22:07:06.487  2279  3966 I chatty  : uid=10030(u0_a30) NonUserFacing4 expire 11 lines
01-23 22:07:06.488  2279  6463 I chatty  : uid=10030(u0_a30) UserFacing5 expire 13 lines
01-23 22:07:06.489  1475  8006 I chatty  : uid=1041(audioserver) /system/bin/audioserver expire 1 line
01-23 22:07:06.490  1475  3619 I chatty  : uid=1041(audioserver) Binder:1475_4 expire 7 lines
01-23 22:07:11.508  2279  2576 I chatty  : uid=10030(u0_a30) NonUserFacing3 expire 5 lines
01-23 22:07:11.513  1475  8012 I chatty  : uid=1041(audioserver) /system/bin/audioserver expire 1 line
01-23 22:07:11.515  2279  2279 I chatty  : uid=10030(u0_a30) com.google.android.googlequicksearchbox:search expire 8 lines
01-23 22:07:16.538  1475  8016 I chatty  : uid=1041(audioserver) /system/bin/audioserver expire 1 line
01-23 22:07:16.540  1475  3619 I chatty  : uid=1041(audioserver) Binder:1475_4 expire 5 lines
01-23 22:07:16.540  2279  6463 I chatty  : uid=10030(u0_a30) UserFacing5 expire 17 lines
01-23 22:07:16.549  2279  2279 I chatty  : uid=10030(u0_a30) com.google.android.googlequicksearchbox:search expire 14 lines
01-23 22:07:16.550  2279  2576 I chatty  : uid=10030(u0_a30) NonUserFacing3 expire 2 lines
01-23 22:07:21.561  2279  2343 I chatty  : uid=10030(u0_a30) NonUserFacing0 expire 5 lines
01-23 22:07:21.564  1475  8020 I chatty  : uid=1041(audioserver) /system/bin/audioserver expire 1 line
01-23 22:07:21.598  2279  2580 I chatty  : uid=10030(u0_a30) HotwordDetector expire 1 line
01-23 22:07:26.612  2279  3966 I chatty  : uid=10030(u0_a30) NonUserFacing4 expire 2 lines
01-23 22:07:26.614  1475  8024 I chatty  : uid=1041(audioserver) /system/bin/audioserver expire 1 line
01-23 22:07:26.616  1475  1528 I chatty  : uid=1041(audioserver) Binder:1475_2 expire 3 lines
01-23 22:07:26.625  2279  3966 I chatty  : uid=10030(u0_a30) NonUserFacing4 expire 3 lines
01-23 22:07:26.625  2279  2580 I chatty  : uid=10030(u0_a30) HotwordDetector expire 1 line
01-23 22:07:26.627  2279  2279 I chatty  : uid=10030(u0_a30) com.google.android.googlequicksearchbox:search expire 7 lines
01-23 22:07:26.627  2279  2343 I chatty  : uid=10030(u0_a30) NonUserFacing0 expire 1 line
01-23 22:07:31.638  2279  2576 I chatty  : uid=10030(u0_a30) NonUserFacing3 expire 1 line
01-23 22:07:31.638  2279  6463 I chatty  : uid=10030(u0_a30) UserFacing5 expire 6 lines
01-23 22:07:31.642  1475  8030 I chatty  : uid=1041(audioserver) /system/bin/audioserver expire 1 line
01-23 22:07:31.642  1475  3619 I chatty  : uid=1041(audioserver) Binder:1475_4 expire 7 lines
01-23 22:07:31.649  2279  2576 I chatty  : uid=10030(u0_a30) NonUserFacing3 expire 4 lines
01-23 22:07:31.650  2279  2580 I chatty  : uid=10030(u0_a30) HotwordDetector expire 4 lines
01-23 22:07:31.653  2279  2279 I chatty  : uid=10030(u0_a30) com.google.android.googlequicksearchbox:search expire 13 lines
01-23 22:07:31.653  2279  2343 I chatty  : uid=10030(u0_a30) NonUserFacing0 expire 7 lines
01-23 22:07:36.667  2279  3966 I chatty  : uid=10030(u0_a30) NonUserFacing4 expire 6 lines
01-23 22:07:36.667  2279  6463 I chatty  : uid=10030(u0_a30) UserFacing5 expire 13 lines
01-23 22:07:36.669  1475  8034 I chatty  : uid=1041(audioserver) /system/bin/audioserver expire 1 line
01-23 22:07:41.712  1475  8039 I chatty  : uid=1041(audioserver) /system/bin/audioserver expire 1 line
01-23 22:07:41.715  1475  3619 I chatty  : uid=1041(audioserver) Binder:1475_4 expire 2 lines
01-23 22:07:41.717  2279  2279 I chatty  : uid=10030(u0_a30) com.google.android.googlequicksearchbox:search expire 8 lines
01-23 22:07:46.732  2279  2576 I chatty  : uid=10030(u0_a30) NonUserFacing3 expire 5 lines
01-23 22:07:46.736  1475  8043 I chatty  : uid=1041(audioserver) /system/bin/audioserver expire 1 line
01-23 22:07:46.738  1475  1528 I chatty  : uid=1041(audioserver) Binder:1475_2 expire 3 lines
01-23 22:07:46.738  2279  6463 I chatty  : uid=10030(u0_a30) UserFacing5 expire 11 lines
01-23 22:07:46.747  2279  2279 I chatty  : uid=10030(u0_a30) com.google.android.googlequicksearchbox:search expire 7 lines
01-23 22:07:46.747  2279  3966 I chatty  : uid=10030(u0_a30) NonUserFacing4 expire 5 lines
01-23 22:07:51.766  1475  8049 I chatty  : uid=1041(audioserver) /system/bin/audioserver expire 1 line
01-23 22:07:51.767  1475  3619 I chatty  : uid=1041(audioserver) Binder:1475_4 expire 6 lines
01-23 22:07:51.774  2279  2580 I chatty  : uid=10030(u0_a30) HotwordDetector expire 1 line
01-23 22:07:51.774  2279  3966 I chatty  : uid=10030(u0_a30) NonUserFacing4 expire 3 lines
01-23 22:07:51.775  2279  2279 I chatty  : uid=10030(u0_a30) com.google.android.googlequicksearchbox:search expire 7 lines
01-23 22:07:51.776  2279  2343 I chatty  : uid=10030(u0_a30) NonUserFacing0 expire 1 line
01-23 22:07:56.787  2279  6463 I chatty  : uid=10030(u0_a30) UserFacing5 expire 6 lines
01-23 22:07:56.791  1475  8053 I chatty  : uid=1041(audioserver) /system/bin/audioserver expire 1 line
01-23 22:07:56.799  2279  3966 I chatty  : uid=10030(u0_a30) NonUserFacing4 expire 3 lines
01-23 22:07:56.799  2279  2580 I chatty  : uid=10030(u0_a30) HotwordDetector expire 1 line
01-23 22:07:56.801  2279  2279 I chatty  : uid=10030(u0_a30) com.google.android.googlequicksearchbox:search expire 7 lines
01-23 22:07:56.801  2279  2343 I chatty  : uid=10030(u0_a30) NonUserFacing0 expire 2 lines
01-23 22:08:00.009  1392  1409 D hwcomposer: hw_composer sent 4 syncs in 60s
01-23 22:08:01.809  2279  6463 I chatty  : uid=10030(u0_a30) UserFacing5 expire 13 lines
01-23 22:08:01.814  1475  8057 I chatty  : uid=1041(audioserver) /system/bin/audioserver expire 1 line
01-23 22:08:01.814  1475  3619 I chatty  : uid=1041(audioserver) Binder:1475_4 expire 6 lines
01-23 22:08:01.820  2279  2343 I chatty  : uid=10030(u0_a30) NonUserFacing0 expire 11 lines
01-23 22:08:01.821  2279  2580 I chatty  : uid=10030(u0_a30) HotwordDetector expire 4 lines
01-23 22:08:01.822  2279  2279 I chatty  : uid=10030(u0_a30) com.google.android.googlequicksearchbox:search expire 13 lines
01-23 22:08:01.822  2279  2576 I chatty  : uid=10030(u0_a30) NonUserFacing3 expire 8 lines
01-23 22:08:06.833  2279  3966 I chatty  : uid=10030(u0_a30) NonUserFacing4 expire 5 lines
01-23 22:08:06.837  1475  8064 I chatty  : uid=1041(audioserver) /system/bin/audioserver expire 1 line
01-23 22:08:11.884  1475  8070 I chatty  : uid=1041(audioserver) /system/bin/audioserver expire 1 line
01-23 22:08:11.886  1475  3619 I chatty  : uid=1041(audioserver) Binder:1475_4 expire 6 lines
01-23 22:08:11.886  2279  6463 I chatty  : uid=10030(u0_a30) UserFacing5 expire 12 lines
01-23 22:08:11.889  2279  2279 I chatty  : uid=10030(u0_a30) com.google.android.googlequicksearchbox:search expire 14 lines
01-23 22:08:16.908  1475  8074 I chatty  : uid=1041(audioserver) /system/bin/audioserver expire 1 line
01-23 22:08:21.933  1475  8078 I chatty  : uid=1041(audioserver) /system/bin/audioserver expire 1 line
01-23 22:08:21.936  1475  3619 I chatty  : uid=1041(audioserver) Binder:1475_4 expire 6 lines
01-23 22:08:21.936  2279  6463 I chatty  : uid=10030(u0_a30) UserFacing5 expire 11 lines
01-23 22:08:21.939  2279  2279 I chatty  : uid=10030(u0_a30) com.google.android.googlequicksearchbox:search expire 7 lines
01-23 22:08:21.944  2279  2343 I chatty  : uid=10030(u0_a30) NonUserFacing0 expire 4 lines
01-23 22:08:21.945  2279  2580 I chatty  : uid=10030(u0_a30) HotwordDetector expire 1 line
01-23 22:08:21.946  2279  3966 I chatty  : uid=10030(u0_a30) NonUserFacing4 expire 1 line
01-23 22:08:26.957  2279  2576 I chatty  : uid=10030(u0_a30) NonUserFacing3 expire 1 line
01-23 22:08:26.961  1475  8084 I chatty  : uid=1041(audioserver) /system/bin/audioserver expire 1 line
01-23 22:08:26.966  2279  2279 I chatty  : uid=10030(u0_a30) com.google.android.googlequicksearchbox:search expire 7 lines
01-23 22:08:26.984  2279  2576 I chatty  : uid=10030(u0_a30) NonUserFacing3 expire 4 lines
01-23 22:08:26.985  2279  2580 I chatty  : uid=10030(u0_a30) HotwordDetector expire 1 line
01-23 22:08:26.986  2279  3966 I chatty  : uid=10030(u0_a30) NonUserFacing4 expire 1 line
01-23 22:08:31.998  2279  2343 I chatty  : uid=10030(u0_a30) NonUserFacing0 expire 1 line
01-23 22:08:32.001  2279  6463 I chatty  : uid=10030(u0_a30) UserFacing5 expire 13 lines
01-23 22:08:32.004  1475  8089 I chatty  : uid=1041(audioserver) /system/bin/audioserver expire 1 line
01-23 22:08:32.006  1475  3619 I chatty  : uid=1041(audioserver) Binder:1475_4 expire 3 lines
01-23 22:08:32.010  2279  2279 I chatty  : uid=10030(u0_a30) com.google.android.googlequicksearchbox:search expire 14 lines
01-23 22:08:32.012  2279  2343 I chatty  : uid=10030(u0_a30) NonUserFacing0 expire 9 lines
01-23 22:08:32.013  2279  2580 I chatty  : uid=10030(u0_a30) HotwordDetector expire 4 lines
01-23 22:08:32.015  2279  3966 I chatty  : uid=10030(u0_a30) NonUserFacing4 expire 8 lines
01-23 22:08:37.031  1475  8093 I chatty  : uid=1041(audioserver) /system/bin/audioserver expire 1 line
01-23 22:08:37.033  1475  1528 I chatty  : uid=1041(audioserver) Binder:1475_2 expire 3 lines
01-23 22:08:41.680  1623  1637 E memtrack: Couldn't load memtrack module
01-23 22:08:41.680  1623  1637 W android.os.Debug: failed to get memory consumption info: -1
01-23 22:08:32.010  2279  6463 I chatty  : uid=10030(u0_a30) UserFacing5 identical 47 lines
01-23 22:08:37.037  2279  6463 E ActivityThread: Failed to find provider info for com.google.android.apps.gsa.testing.ui.audio.recorded
01-23 22:08:41.682  1623  1641 E BatteryStatsService: modem info is invalid: ModemActivityInfo{ mTimestamp=0 mSleepTimeMs=0 mIdleTimeMs=0 mTxTimeMs[]=[0, 0, 0, 0, 0] mRxTimeMs=0 mEnergyUsed=0}
01-23 22:08:42.052  2279  2576 I chatty  : uid=10030(u0_a30) NonUserFacing3 expire 5 lines
01-23 22:08:42.055  1475  8099 I chatty  : uid=1041(audioserver) /system/bin/audioserver expire 1 line
01-23 22:08:42.057  1475  3619 I chatty  : uid=1041(audioserver) Binder:1475_4 expire 6 lines
01-23 22:08:42.057  2279  6463 I chatty  : uid=10030(u0_a30) UserFacing5 expire 11 lines
01-23 22:08:42.059  2279  6463 E ActivityThread: Failed to find provider info for com.google.android.apps.gsa.testing.ui.audio.recorded
01-23 22:08:42.059  2279  2279 I chatty  : uid=10030(u0_a30) com.google.android.googlequicksearchbox:search expire 14 lines
01-23 22:08:47.076  1475  8105 I chatty  : uid=1041(audioserver) /system/bin/audioserver expire 1 line
01-23 22:08:47.085  2279  2576 I chatty  : uid=10030(u0_a30) NonUserFacing3 expire 1 line
01-23 22:08:52.093  2279  2343 I chatty  : uid=10030(u0_a30) NonUserFacing0 expire 1 line
01-23 22:08:52.093  2279  6463 I chatty  : uid=10030(u0_a30) UserFacing5 expire 6 lines
01-23 22:08:52.095  1475  8109 I chatty  : uid=1041(audioserver) /system/bin/audioserver expire 1 line
01-23 22:08:52.096  1475  1525 I chatty  : uid=1041(audioserver) Binder:1475_1 expire 3 lines
01-23 22:08:52.100  2279  2279 I chatty  : uid=10030(u0_a30) com.google.android.googlequicksearchbox:search expire 7 lines
01-23 22:08:52.103  2279  2343 I chatty  : uid=10030(u0_a30) NonUserFacing0 expire 5 lines
01-23 22:08:52.103  2279  2580 I chatty  : uid=10030(u0_a30) HotwordDetector expire 1 line
01-23 22:08:52.106  2279  2576 I chatty  : uid=10030(u0_a30) NonUserFacing3 expire 1 line
01-23 22:08:57.115  2279  6463 I chatty  : uid=10030(u0_a30) UserFacing5 expire 6 lines
01-23 22:08:57.119  1475  8118 I chatty  : uid=1041(audioserver) /system/bin/audioserver expire 1 line
01-23 22:08:57.122  1475  1528 I chatty  : uid=1041(audioserver) Binder:1475_2 expire 3 lines
01-23 22:08:57.125  2279  2279 I chatty  : uid=10030(u0_a30) com.google.android.googlequicksearchbox:search expire 7 lines
01-23 22:08:57.130  2279  2343 I chatty  : uid=10030(u0_a30) NonUserFacing0 expire 4 lines
01-23 22:08:57.131  2279  2580 I chatty  : uid=10030(u0_a30) HotwordDetector expire 1 line
01-23 22:08:57.135  2279  2576 I chatty  : uid=10030(u0_a30) NonUserFacing3 expire 2 lines
01-23 22:09:00.023  1392  1409 D hwcomposer: hw_composer sent 6 syncs in 60s
01-23 22:09:00.030  1623  1637 E memtrack: Couldn't load memtrack module
01-23 22:09:00.030  1623  1637 W android.os.Debug: failed to get memory consumption info: -1
01-23 22:09:02.146  2279  6463 I chatty  : uid=10030(u0_a30) UserFacing5 expire 13 lines
01-23 22:09:02.147  1475  8122 I chatty  : uid=1041(audioserver) /system/bin/audioserver expire 1 line
01-23 22:09:02.149  1475  1525 I chatty  : uid=1041(audioserver) Binder:1475_1 expire 6 lines
01-23 22:09:02.152  2279  2279 I chatty  : uid=10030(u0_a30) com.google.android.googlequicksearchbox:search expire 14 lines
01-23 22:09:02.156  2279  2576 I chatty  : uid=10030(u0_a30) NonUserFacing3 expire 9 lines
01-23 22:09:02.156  2279  2580 I chatty  : uid=10030(u0_a30) HotwordDetector expire 4 lines
01-23 22:09:02.158  2279  2343 I chatty  : uid=10030(u0_a30) NonUserFacing0 expire 3 lines
01-23 22:09:07.168  2279  3966 I chatty  : uid=10030(u0_a30) NonUserFacing4 expire 10 lines
01-23 22:09:07.171  1475  8129 I chatty  : uid=1041(audioserver) /system/bin/audioserver expire 1 line
01-23 22:09:12.193  1475  8134 I chatty  : uid=1041(audioserver) /system/bin/audioserver expire 1 line
01-23 22:09:12.195  1475  1528 I chatty  : uid=1041(audioserver) Binder:1475_2 expire 3 lines
01-23 22:09:12.195  2279  6463 I chatty  : uid=10030(u0_a30) UserFacing5 expire 11 lines
01-23 22:09:12.198  2279  2279 I chatty  : uid=10030(u0_a30) com.google.android.googlequicksearchbox:search expire 14 lines
01-23 22:09:17.215  1475  8138 I chatty  : uid=1041(audioserver) /system/bin/audioserver expire 1 line
01-23 22:09:17.216  1475  1525 I chatty  : uid=1041(audioserver) Binder:1475_1 expire 3 lines
01-23 22:09:17.227  2279  2343 I chatty  : uid=10030(u0_a30) NonUserFacing0 expire 1 line
01-23 22:09:22.239  2279  2576 I chatty  : uid=10030(u0_a30) NonUserFacing3 expire 1 line
01-23 22:09:22.240  2279  6463 I chatty  : uid=10030(u0_a30) UserFacing5 expire 6 lines
01-23 22:09:22.241  1475  8142 I chatty  : uid=1041(audioserver) /system/bin/audioserver expire 1 line
01-23 22:09:22.242  1475  3619 I chatty  : uid=1041(audioserver) Binder:1475_4 expire 6 lines
01-23 22:09:22.246  2279  2279 I chatty  : uid=10030(u0_a30) com.google.android.googlequicksearchbox:search expire 7 lines
01-23 22:09:22.273  2279  2576 I chatty  : uid=10030(u0_a30) NonUserFacing3 expire 5 lines
01-23 22:09:22.274  2279  2580 I chatty  : uid=10030(u0_a30) HotwordDetector expire 1 line
01-23 22:09:22.276  2279  2343 I chatty  : uid=10030(u0_a30) NonUserFacing0 expire 1 line
01-23 22:09:27.287  2279  6463 I chatty  : uid=10030(u0_a30) UserFacing5 expire 6 lines
01-23 22:09:27.290  1475  8148 I chatty  : uid=1041(audioserver) /system/bin/audioserver expire 1 line
01-23 22:09:27.296  2279  2279 I chatty  : uid=10030(u0_a30) com.google.android.googlequicksearchbox:search expire 7 lines
01-23 22:09:27.299  2279  2576 I chatty  : uid=10030(u0_a30) NonUserFacing3 expire 4 lines
01-23 22:09:27.299  2279  2580 I chatty  : uid=10030(u0_a30) HotwordDetector expire 1 line
01-23 22:09:27.301  2279  2343 I chatty  : uid=10030(u0_a30) NonUserFacing0 expire 2 lines
01-23 22:09:32.312  2279  6463 I chatty  : uid=10030(u0_a30) UserFacing5 expire 13 lines
01-23 22:09:32.315  1475  8152 I chatty  : uid=1041(audioserver) /system/bin/audioserver expire 1 line
01-23 22:09:32.316  1475  3619 I chatty  : uid=1041(audioserver) Binder:1475_4 expire 6 lines
01-23 22:09:32.319  2279  2279 I chatty  : uid=10030(u0_a30) com.google.android.googlequicksearchbox:search expire 14 lines
01-23 22:09:32.322  2279  2343 I chatty  : uid=10030(u0_a30) NonUserFacing0 expire 9 lines
01-23 22:09:32.323  2279  2580 I chatty  : uid=10030(u0_a30) HotwordDetector expire 3 lines
01-23 22:09:32.325  2279  3966 I chatty  : uid=10030(u0_a30) NonUserFacing4 expire 3 lines
01-23 22:09:37.339  1475  8156 I chatty  : uid=1041(audioserver) /system/bin/audioserver expire 1 line
01-23 22:09:42.358  2279  2576 I chatty  : uid=10030(u0_a30) NonUserFacing3 expire 5 lines
01-23 22:09:42.361  1475  8161 I chatty  : uid=1041(audioserver) /system/bin/audioserver expire 1 line
01-23 22:09:42.362  1475  1528 I chatty  : uid=1041(audioserver) Binder:1475_2 expire 8 lines
01-23 22:09:42.362  2279  6463 I chatty  : uid=10030(u0_a30) UserFacing5 expire 17 lines
01-23 22:09:42.366  2279  2279 I chatty  : uid=10030(u0_a30) com.google.android.googlequicksearchbox:search expire 15 lines
01-23 22:09:47.388  2279  3966 I chatty  : uid=10030(u0_a30) NonUserFacing4 expire 10 lines
01-23 22:09:47.390  1475  8172 I chatty  : uid=1041(audioserver) /system/bin/audioserver expire 1 line
01-23 22:09:47.397  2279  2580 I chatty  : uid=10030(u0_a30) HotwordDetector expire 1 line
01-23 22:09:47.398  2279  2576 I chatty  : uid=10030(u0_a30) NonUserFacing3 expire 1 line
01-23 22:09:52.416  1475  8176 I chatty  : uid=1041(audioserver) /system/bin/audioserver expire 1 line
01-23 22:09:52.417  1475  1528 I chatty  : uid=1041(audioserver) Binder:1475_2 expire 1 line
01-23 22:09:52.430  2279  2580 I chatty  : uid=10030(u0_a30) HotwordDetector expire 1 line
01-23 22:09:52.431  2279  2279 I chatty  : uid=10030(u0_a30) com.google.android.googlequicksearchbox:search expire 7 lines
01-23 22:09:52.431  2279  2343 I chatty  : uid=10030(u0_a30) NonUserFacing0 expire 6 lines
01-23 22:09:57.438  2279  6463 I chatty  : uid=10030(u0_a30) UserFacing5 expire 6 lines
01-23 22:09:57.439  1475  8180 I chatty  : uid=1041(audioserver) /system/bin/audioserver expire 1 line
01-23 22:09:57.441  1475  3619 I chatty  : uid=1041(audioserver) Binder:1475_4 expire 5 lines
01-23 22:09:57.454  2279  2580 I chatty  : uid=10030(u0_a30) HotwordDetector expire 4 lines
01-23 22:09:57.455  2279  2279 I chatty  : uid=10030(u0_a30) com.google.android.googlequicksearchbox:search expire 13 lines
01-23 22:09:57.455  2279  3966 I chatty  : uid=10030(u0_a30) NonUserFacing4 expire 4 lines
01-23 22:10:00.023  1392  1409 D hwcomposer: hw_composer sent 5 syncs in 60s
01-23 22:10:02.491  2279  2343 I chatty  : uid=10030(u0_a30) NonUserFacing0 expire 10 lines
01-23 22:10:02.494  2279  6463 I chatty  : uid=10030(u0_a30) UserFacing5 expire 13 lines
01-23 22:10:02.501  1475  8192 I chatty  : uid=1041(audioserver) /system/bin/audioserver expire 1 line
01-23 22:10:02.505  1475  3619 I chatty  : uid=1041(audioserver) Binder:1475_4 expire 4 lines
01-23 22:10:02.609  1623  1633 I zygote  : Background concurrent copying GC freed 53358(1774KB) AllocSpace objects, 1(36KB) LOS objects, 39% free, 9MB/15MB, paused 953us total 132.543ms
01-23 22:10:07.587  1475  8199 I chatty  : uid=1041(audioserver) /system/bin/audioserver expire 1 line
01-23 22:10:07.591  2279  2279 I chatty  : uid=10030(u0_a30) com.google.android.googlequicksearchbox:search expire 10 lines
01-23 22:10:12.609  2279  2576 I chatty  : uid=10030(u0_a30) NonUserFacing3 expire 5 lines
01-23 22:10:12.612  1475  8203 I chatty  : uid=1041(audioserver) /system/bin/audioserver expire 1 line
01-23 22:10:12.613  1475  3619 I chatty  : uid=1041(audioserver) Binder:1475_4 expire 6 lines
01-23 22:10:12.613  2279  6463 I chatty  : uid=10030(u0_a30) UserFacing5 expire 17 lines
01-23 22:10:17.647  2279  2279 I chatty  : uid=10030(u0_a30) com.google.android.googlequicksearchbox:search expire 12 lines
01-23 22:10:17.651  2279  2343 I chatty  : uid=10030(u0_a30) NonUserFacing0 expire 5 lines
01-23 22:10:17.653  1475  8207 I chatty  : uid=1041(audioserver) /system/bin/audioserver expire 1 line
01-23 22:10:17.662  2279  2580 I chatty  : uid=10030(u0_a30) HotwordDetector expire 2 lines
01-23 22:10:17.665  2279  3966 I chatty  : uid=10030(u0_a30) NonUserFacing4 expire 1 line
01-23 22:10:22.677  2279  2576 I chatty  : uid=10030(u0_a30) NonUserFacing3 expire 3 lines
01-23 22:10:22.679  1475  8211 I chatty  : uid=1041(audioserver) /system/bin/audioserver expire 1 line
01-23 22:10:22.680  1475  1525 I chatty  : uid=1041(audioserver) Binder:1475_1 expire 3 lines
01-23 22:10:22.689  2279  2576 I chatty  : uid=10030(u0_a30) NonUserFacing3 expire 2 lines
01-23 22:10:22.690  2279  2279 I chatty  : uid=10030(u0_a30) com.google.android.googlequicksearchbox:search expire 7 lines
01-23 22:10:22.690  2279  3966 I chatty  : uid=10030(u0_a30) NonUserFacing4 expire 1 line
01-23 22:10:27.696  2279  2343 I chatty  : uid=10030(u0_a30) NonUserFacing0 expire 3 lines
01-23 22:10:27.697  2279  6463 I chatty  : uid=10030(u0_a30) UserFacing5 expire 6 lines
01-23 22:10:27.700  1475  8217 I chatty  : uid=1041(audioserver) /system/bin/audioserver expire 1 line
01-23 22:10:27.703  1475  3619 I chatty  : uid=1041(audioserver) Binder:1475_4 expire 3 lines
01-23 22:10:27.711  2279  2580 I chatty  : uid=10030(u0_a30) HotwordDetector expire 1 line
01-23 22:10:27.711  2279  2343 I chatty  : uid=10030(u0_a30) NonUserFacing0 expire 8 lines
01-23 22:10:27.712  2279  2279 I chatty  : uid=10030(u0_a30) com.google.android.googlequicksearchbox:search expire 13 lines
01-23 22:10:27.712  2279  3966 I chatty  : uid=10030(u0_a30) NonUserFacing4 expire 13 lines
01-23 22:10:32.719  2279  6463 I chatty  : uid=10030(u0_a30) UserFacing5 expire 13 lines
01-23 22:10:32.720  1475  8221 I chatty  : uid=1041(audioserver) /system/bin/audioserver expire 1 line
01-23 22:10:32.722  1475  1525 I chatty  : uid=1041(audioserver) Binder:1475_1 expire 6 lines
01-23 22:10:32.729  2279  2580 I chatty  : uid=10030(u0_a30) HotwordDetector expire 4 lines
01-23 22:10:37.741  1475  8225 I chatty  : uid=1041(audioserver) /system/bin/audioserver expire 1 line
01-23 22:10:37.745  2279  2279 I chatty  : uid=10030(u0_a30) com.google.android.googlequicksearchbox:search expire 14 lines
01-23 22:10:37.766  2279  2576 I chatty  : uid=10030(u0_a30) NonUserFacing3 expire 3 lines
01-23 22:10:42.779  1475  8230 I chatty  : uid=1041(audioserver) /system/bin/audioserver expire 1 line
01-23 22:10:42.780  1475  1528 I chatty  : uid=1041(audioserver) Binder:1475_2 expire 3 lines
01-23 22:10:42.780  2279  6463 I chatty  : uid=10030(u0_a30) UserFacing5 expire 12 lines
01-23 22:10:47.820  1475  8236 I chatty  : uid=1041(audioserver) /system/bin/audioserver expire 1 line
01-23 22:10:47.822  1475  3619 I chatty  : uid=1041(audioserver) Binder:1475_4 expire 3 lines
01-23 22:10:47.823  2279  2279 I chatty  : uid=10030(u0_a30) com.google.android.googlequicksearchbox:search expire 7 lines
01-23 22:10:47.827  2279  3966 I chatty  : uid=10030(u0_a30) NonUserFacing4 expire 4 lines
01-23 22:10:52.845  1475  8240 I chatty  : uid=1041(audioserver) /system/bin/audioserver expire 1 line
01-23 22:10:52.846  1475  1528 I chatty  : uid=1041(audioserver) Binder:1475_2 expire 3 lines
01-23 22:10:52.847  2279  6463 I chatty  : uid=10030(u0_a30) UserFacing5 expire 11 lines
01-23 22:10:52.848  2279  2279 I chatty  : uid=10030(u0_a30) com.google.android.googlequicksearchbox:search expire 7 lines
01-23 22:10:52.851  2279  2576 I chatty  : uid=10030(u0_a30) NonUserFacing3 expire 5 lines
01-23 22:10:52.851  2279  2580 I chatty  : uid=10030(u0_a30) HotwordDetector expire 1 line
01-23 22:10:52.853  2279  2343 I chatty  : uid=10030(u0_a30) NonUserFacing0 expire 1 line
01-23 22:10:57.864  1475  8244 I chatty  : uid=1041(audioserver) /system/bin/audioserver expire 1 line
01-23 22:10:57.865  1475  3619 I chatty  : uid=1041(audioserver) Binder:1475_4 expire 5 lines
01-23 22:10:57.866  2279  2279 I chatty  : uid=10030(u0_a30) com.google.android.googlequicksearchbox:search expire 7 lines
01-23 22:10:57.874  2279  2576 I chatty  : uid=10030(u0_a30) NonUserFacing3 expire 4 lines
01-23 22:10:57.875  2279  2580 I chatty  : uid=10030(u0_a30) HotwordDetector expire 1 line
01-23 22:10:57.876  2279  3966 I chatty  : uid=10030(u0_a30) NonUserFacing4 expire 1 line
01-23 22:11:00.006  1623  1637 E memtrack: Couldn't load memtrack module
01-23 22:11:00.006  1623  1637 W android.os.Debug: failed to get memory consumption info: -1
01-23 22:11:00.013  1392  1409 D hwcomposer: hw_composer sent 6 syncs in 60s
01-23 22:11:00.038  1623  1637 E memtrack: Couldn't load memtrack module
01-23 22:11:00.038  1623  1637 W android.os.Debug: failed to get memory consumption info: -1
01-23 22:11:02.890  2279  2343 I chatty  : uid=10030(u0_a30) NonUserFacing0 expire 1 line
01-23 22:11:02.891  2279  6463 I chatty  : uid=10030(u0_a30) UserFacing5 expire 13 lines
01-23 22:11:02.892  1475  8249 I chatty  : uid=1041(audioserver) /system/bin/audioserver expire 1 line
01-23 22:11:02.896  1475  3619 I chatty  : uid=1041(audioserver) Binder:1475_4 expire 4 lines
01-23 22:11:02.898  2279  2279 I chatty  : uid=10030(u0_a30) com.google.android.googlequicksearchbox:search expire 14 lines
01-23 22:11:02.900  2279  2343 I chatty  : uid=10030(u0_a30) NonUserFacing0 expire 9 lines
01-23 22:11:02.901  2279  2580 I chatty  : uid=10030(u0_a30) HotwordDetector expire 4 lines
01-23 22:11:02.902  2279  3966 I chatty  : uid=10030(u0_a30) NonUserFacing4 expire 7 lines
01-23 22:11:07.915  2279  2576 I chatty  : uid=10030(u0_a30) NonUserFacing3 expire 6 lines
01-23 22:11:07.917  1475  8255 I chatty  : uid=1041(audioserver) /system/bin/audioserver expire 1 line
01-23 22:11:12.941  1475  1525 I chatty  : uid=1041(audioserver) Binder:1475_1 expire 3 lines
01-23 22:11:12.942  2279  6463 I chatty  : uid=10030(u0_a30) UserFacing5 expire 11 lines
01-23 22:11:12.942  1475  8259 I chatty  : uid=1041(audioserver) /system/bin/audioserver expire 1 line
01-23 22:11:12.943  2279  2279 I chatty  : uid=10030(u0_a30) com.google.android.googlequicksearchbox:search expire 14 lines
01-23 22:11:17.965  1475  8263 I chatty  : uid=1041(audioserver) /system/bin/audioserver expire 1 line
01-23 22:11:17.967  1475  3619 I chatty  : uid=1041(audioserver) Binder:1475_4 expire 3 lines
01-23 22:11:17.977  2279  3966 I chatty  : uid=10030(u0_a30) NonUserFacing4 expire 3 lines
01-23 22:11:22.987  2279  2576 I chatty  : uid=10030(u0_a30) NonUserFacing3 expire 5 lines
01-23 22:11:22.988  2279  6463 I chatty  : uid=10030(u0_a30) UserFacing5 expire 12 lines
01-23 22:11:22.991  1475  8267 I chatty  : uid=1041(audioserver) /system/bin/audioserver expire 1 line
01-23 22:11:22.994  1475  1525 I chatty  : uid=1041(audioserver) Binder:1475_1 expire 4 lines
01-23 22:11:22.996  2279  2279 I chatty  : uid=10030(u0_a30) com.google.android.googlequicksearchbox:search expire 8 lines
01-23 22:11:23.000  2279  2580 I chatty  : uid=10030(u0_a30) HotwordDetector expire 1 line
01-23 22:11:23.001  2279  2343 I chatty  : uid=10030(u0_a30) NonUserFacing0 expire 1 line
01-23 22:11:28.014  1475  8273 I chatty  : uid=1041(audioserver) /system/bin/audioserver expire 1 line
01-23 22:11:28.016  1475  1525 I chatty  : uid=1041(audioserver) Binder:1475_1 expire 7 lines
01-23 22:11:28.021  2279  3966 I chatty  : uid=10030(u0_a30) NonUserFacing4 expire 3 lines
01-23 22:11:28.022  2279  2580 I chatty  : uid=10030(u0_a30) HotwordDetector expire 6 lines
01-23 22:11:28.024  2279  2279 I chatty  : uid=10030(u0_a30) com.google.android.googlequicksearchbox:search expire 20 lines
01-23 22:11:28.024  2279  2343 I chatty  : uid=10030(u0_a30) NonUserFacing0 expire 9 lines
01-23 22:11:33.035  2279  2576 I chatty  : uid=10030(u0_a30) NonUserFacing3 expire 11 lines
01-23 22:11:33.035  2279  6463 I chatty  : uid=10030(u0_a30) UserFacing5 expire 13 lines
01-23 22:11:33.039  1475  8277 I chatty  : uid=1041(audioserver) /system/bin/audioserver expire 1 line
01-23 22:11:38.073  1475  8281 I chatty  : uid=1041(audioserver) /system/bin/audioserver expire 1 line
01-23 22:11:38.075  1475  1525 I chatty  : uid=1041(audioserver) Binder:1475_1 expire 1 line
01-23 22:11:43.119  2279  3966 I chatty  : uid=10030(u0_a30) NonUserFacing4 expire 10 lines
01-23 22:11:43.122  1475  8286 I chatty  : uid=1041(audioserver) /system/bin/audioserver expire 1 line
01-23 22:11:43.123  1475  1525 I chatty  : uid=1041(audioserver) Binder:1475_1 expire 6 lines
01-23 22:11:43.124  2279  6463 I chatty  : uid=10030(u0_a30) UserFacing5 expire 12 lines
01-23 22:11:43.125  2279  2279 I chatty  : uid=10030(u0_a30) com.google.android.googlequicksearchbox:search expire 14 lines
01-23 22:11:48.145  1475  8292 I chatty  : uid=1041(audioserver) /system/bin/audioserver expire 1 line
01-23 22:11:53.178  1475  1525 I chatty  : uid=1041(audioserver) Binder:1475_1 expire 4 lines
01-23 22:11:53.178  2279  6463 I chatty  : uid=10030(u0_a30) UserFacing5 expire 11 lines
01-23 22:11:53.183  1475  8296 I chatty  : uid=1041(audioserver) /system/bin/audioserver expire 1 line
01-23 22:11:53.185  2279  2279 I chatty  : uid=10030(u0_a30) com.google.android.googlequicksearchbox:search expire 7 lines
01-23 22:11:53.191  2279  2343 I chatty  : uid=10030(u0_a30) NonUserFacing0 expire 2 lines
01-23 22:11:58.203  1475  8300 I chatty  : uid=1041(audioserver) /system/bin/audioserver expire 1 line
01-23 22:11:58.204  1475  1525 I chatty  : uid=1041(audioserver) Binder:1475_1 expire 8 lines
01-23 22:11:58.207  2279  2279 I chatty  : uid=10030(u0_a30) com.google.android.googlequicksearchbox:search expire 21 lines
01-23 22:11:58.210  2279  2343 I chatty  : uid=10030(u0_a30) NonUserFacing0 expire 9 lines
01-23 22:11:58.210  2279  2580 I chatty  : uid=10030(u0_a30) HotwordDetector expire 5 lines
01-23 22:11:58.212  2279  3966 I chatty  : uid=10030(u0_a30) NonUserFacing4 expire 12 lines
01-23 22:12:00.012  1392  1409 D hwcomposer: hw_composer sent 5 syncs in 60s
01-23 22:12:03.223  2279  6463 I chatty  : uid=10030(u0_a30) UserFacing5 expire 19 lines
01-23 22:12:03.224  1475  8307 I chatty  : uid=1041(audioserver) /system/bin/audioserver expire 1 line
01-23 22:12:08.244  1475  8313 I chatty  : uid=1041(audioserver) /system/bin/audioserver expire 1 line
01-23 22:12:08.252  2279  2576 I chatty  : uid=10030(u0_a30) NonUserFacing3 expire 7 lines
01-23 22:12:13.265  1475  8317 I chatty  : uid=1041(audioserver) /system/bin/audioserver expire 1 line
01-23 22:12:13.265  1475  1525 I chatty  : uid=1041(audioserver) Binder:1475_1 expire 3 lines
01-23 22:12:13.269  2279  2279 I chatty  : uid=10030(u0_a30) com.google.android.googlequicksearchbox:search expire 14 lines
01-23 22:12:13.274  2279  2343 I chatty  : uid=10030(u0_a30) NonUserFacing0 expire 2 lines
01-23 22:12:18.288  1475  8321 I chatty  : uid=1041(audioserver) /system/bin/audioserver expire 1 line
01-23 22:12:18.290  1475  1528 I chatty  : uid=1041(audioserver) Binder:1475_2 expire 4 lines
01-23 22:12:18.290  2279  6463 I chatty  : uid=10030(u0_a30) UserFacing5 expire 11 lines
01-23 22:12:23.334  1475  8325 I chatty  : uid=1041(audioserver) /system/bin/audioserver expire 1 line
01-23 22:12:23.336  1475  1528 I chatty  : uid=1041(audioserver) Binder:1475_2 expire 3 lines
01-23 22:12:23.338  2279  2279 I chatty  : uid=10030(u0_a30) com.google.android.googlequicksearchbox:search expire 14 lines
01-23 22:12:23.341  2279  2576 I chatty  : uid=10030(u0_a30) NonUserFacing3 expire 4 lines
01-23 22:12:23.342  2279  2580 I chatty  : uid=10030(u0_a30) HotwordDetector expire 2 lines
01-23 22:12:23.343  2279  2343 I chatty  : uid=10030(u0_a30) NonUserFacing0 expire 7 lines
01-23 22:12:28.354  2279  6463 I chatty  : uid=10030(u0_a30) UserFacing5 expire 12 lines
01-23 22:12:28.355  1475  8331 I chatty  : uid=1041(audioserver) /system/bin/audioserver expire 1 line
01-23 22:12:28.356  1475  1525 I chatty  : uid=1041(audioserver) Binder:1475_1 expire 3 lines
01-23 22:12:28.363  2279  3966 I chatty  : uid=10030(u0_a30) NonUserFacing4 expire 1 line
01-23 22:12:33.378  1475  8335 I chatty  : uid=1041(audioserver) /system/bin/audioserver expire 1 line
01-23 22:12:33.378  1475  1528 I chatty  : uid=1041(audioserver) Binder:1475_2 expire 2 lines
01-23 22:12:33.381  2279  2279 I chatty  : uid=10030(u0_a30) com.google.android.googlequicksearchbox:search expire 14 lines
01-23 22:12:33.387  2279  2343 I chatty  : uid=10030(u0_a30) NonUserFacing0 expire 4 lines
01-23 22:12:33.388  2279  2580 I chatty  : uid=10030(u0_a30) HotwordDetector expire 4 lines
01-23 22:12:33.390  2279  2576 I chatty  : uid=10030(u0_a30) NonUserFacing3 expire 13 lines
01-23 22:12:38.399  2279  3966 I chatty  : uid=10030(u0_a30) NonUserFacing4 expire 6 lines
01-23 22:12:38.399  2279  6463 I chatty  : uid=10030(u0_a30) UserFacing5 expire 13 lines
01-23 22:12:38.401  1475  8339 I chatty  : uid=1041(audioserver) /system/bin/audioserver expire 1 line
01-23 22:12:38.403  1475  3619 I chatty  : uid=1041(audioserver) Binder:1475_4 expire 5 lines
01-23 22:12:43.445  1475  8344 I chatty  : uid=1041(audioserver) /system/bin/audioserver expire 1 line
01-23 22:12:43.448  1475  3619 I chatty  : uid=1041(audioserver) Binder:1475_4 expire 4 lines
01-23 22:12:43.451  2279  2279 I chatty  : uid=10030(u0_a30) com.google.android.googlequicksearchbox:search expire 14 lines
01-23 22:12:43.457  2279  2343 I chatty  : uid=10030(u0_a30) NonUserFacing0 expire 1 line
01-23 22:12:48.470  1475  8350 I chatty  : uid=1041(audioserver) /system/bin/audioserver expire 1 line
01-23 22:12:48.471  2279  6463 I chatty  : uid=10030(u0_a30) UserFacing5 expire 11 lines
01-23 22:12:53.496  1475  8354 I chatty  : uid=1041(audioserver) /system/bin/audioserver expire 1 line
01-23 22:12:53.497  1475  3619 I chatty  : uid=1041(audioserver) Binder:1475_4 expire 6 lines
01-23 22:12:53.499  2279  2279 I chatty  : uid=10030(u0_a30) com.google.android.googlequicksearchbox:search expire 7 lines
01-23 22:12:53.504  2279  2576 I chatty  : uid=10030(u0_a30) NonUserFacing3 expire 5 lines
01-23 22:12:53.504  2279  2580 I chatty  : uid=10030(u0_a30) HotwordDetector expire 1 line
01-23 22:12:53.506  2279  3966 I chatty  : uid=10030(u0_a30) NonUserFacing4 expire 1 line
01-23 22:12:58.520  2279  6463 I chatty  : uid=10030(u0_a30) UserFacing5 expire 6 lines
01-23 22:12:58.521  1475  8358 I chatty  : uid=1041(audioserver) /system/bin/audioserver expire 1 line
01-23 22:12:58.526  2279  2279 I chatty  : uid=10030(u0_a30) com.google.android.googlequicksearchbox:search expire 7 lines
01-23 22:12:58.529  2279  2576 I chatty  : uid=10030(u0_a30) NonUserFacing3 expire 4 lines
01-23 22:12:58.529  2279  2580 I chatty  : uid=10030(u0_a30) HotwordDetector expire 1 line
01-23 22:12:58.530  2279  3966 I chatty  : uid=10030(u0_a30) NonUserFacing4 expire 1 line
01-23 22:13:00.008  1623  1637 E memtrack: Couldn't load memtrack module
01-23 22:13:00.008  1623  1637 W android.os.Debug: failed to get memory consumption info: -1
01-23 22:13:00.029  1392  1409 D hwcomposer: hw_composer sent 6 syncs in 60s
01-23 22:13:00.042  1623  1637 E memtrack: Couldn't load memtrack module
01-23 22:13:00.042  1623  1637 W android.os.Debug: failed to get memory consumption info: -1
01-23 22:13:00.071  1623  1637 E memtrack: Couldn't load memtrack module
01-23 22:13:00.071  1623  1637 W android.os.Debug: failed to get memory consumption info: -1
01-23 22:13:03.538  2279  2343 I chatty  : uid=10030(u0_a30) NonUserFacing0 expire 1 line
01-23 22:13:03.538  2279  6463 I chatty  : uid=10030(u0_a30) UserFacing5 expire 6 lines
01-23 22:13:03.542  1475  8363 I chatty  : uid=1041(audioserver) /system/bin/audioserver expire 1 line
01-23 22:13:03.543  1475  1528 I chatty  : uid=1041(audioserver) Binder:1475_2 expire 6 lines
01-23 22:13:03.546  2279  2279 I chatty  : uid=10030(u0_a30) com.google.android.googlequicksearchbox:search expire 14 lines
01-23 22:13:03.548  2279  2343 I chatty  : uid=10030(u0_a30) NonUserFacing0 expire 4 lines
01-23 22:13:03.549  2279  2580 I chatty  : uid=10030(u0_a30) HotwordDetector expire 4 lines
01-23 22:13:03.551  2279  2576 I chatty  : uid=10030(u0_a30) NonUserFacing3 expire 6 lines
01-23 22:13:08.563  2279  6463 I chatty  : uid=10030(u0_a30) UserFacing5 expire 13 lines
01-23 22:13:08.565  1475  8369 I chatty  : uid=1041(audioserver) /system/bin/audioserver expire 1 line
01-23 22:13:08.575  2279  3966 I chatty  : uid=10030(u0_a30) NonUserFacing4 expire 4 lines
01-23 22:13:13.585  2279  2343 I chatty  : uid=10030(u0_a30) NonUserFacing0 expire 10 lines
01-23 22:13:13.590  1475  8373 I chatty  : uid=1041(audioserver) /system/bin/audioserver expire 1 line
01-23 22:13:13.590  1475  1528 I chatty  : uid=1041(audioserver) Binder:1475_2 expire 4 lines
01-23 22:13:13.594  2279  2279 I chatty  : uid=10030(u0_a30) com.google.android.googlequicksearchbox:search expire 14 lines
01-23 22:13:18.614  1475  8377 I chatty  : uid=1041(audioserver) /system/bin/audioserver expire 1 line
01-23 22:13:18.615  1475  1528 I chatty  : uid=1041(audioserver) Binder:1475_2 expire 7 lines
01-23 22:13:18.615  2279  6463 I chatty  : uid=10030(u0_a30) UserFacing5 expire 17 lines
01-23 22:13:23.639  1475  8381 I chatty  : uid=1041(audioserver) /system/bin/audioserver expire 1 line
01-23 22:13:23.642  2279  2279 I chatty  : uid=10030(u0_a30) com.google.android.googlequicksearchbox:search expire 7 lines
01-23 22:13:23.654  2279  3966 I chatty  : uid=10030(u0_a30) NonUserFacing4 expire 5 lines
01-23 22:13:23.654  2279  2580 I chatty  : uid=10030(u0_a30) HotwordDetector expire 1 line
01-23 22:13:23.656  2279  2343 I chatty  : uid=10030(u0_a30) NonUserFacing0 expire 1 line
01-23 22:13:28.671  1475  8387 I chatty  : uid=1041(audioserver) /system/bin/audioserver expire 1 line
01-23 22:13:28.673  1475  1528 I chatty  : uid=1041(audioserver) Binder:1475_2 expire 2 lines
01-23 22:13:28.676  2279  2279 I chatty  : uid=10030(u0_a30) com.google.android.googlequicksearchbox:search expire 7 lines
01-23 22:13:28.679  2279  3966 I chatty  : uid=10030(u0_a30) NonUserFacing4 expire 5 lines
01-23 22:13:28.679  2279  2580 I chatty  : uid=10030(u0_a30) HotwordDetector expire 1 line
01-23 22:13:28.681  2279  2576 I chatty  : uid=10030(u0_a30) NonUserFacing3 expire 1 line
01-23 22:13:33.691  2279  6463 I chatty  : uid=10030(u0_a30) UserFacing5 expire 6 lines
01-23 22:13:33.694  1475  8391 I chatty  : uid=1041(audioserver) /system/bin/audioserver expire 1 line
01-23 22:13:33.695  1475  1528 I chatty  : uid=1041(audioserver) Binder:1475_2 expire 2 lines
01-23 22:13:33.697  2279  2279 I chatty  : uid=10030(u0_a30) com.google.android.googlequicksearchbox:search expire 14 lines
01-23 22:13:33.700  2279  3966 I chatty  : uid=10030(u0_a30) NonUserFacing4 expire 4 lines
01-23 22:13:33.701  2279  2580 I chatty  : uid=10030(u0_a30) HotwordDetector expire 4 lines
01-23 22:13:33.702  2279  2343 I chatty  : uid=10030(u0_a30) NonUserFacing0 expire 12 lines
01-23 22:13:38.714  2279  6463 I chatty  : uid=10030(u0_a30) UserFacing5 expire 13 lines
01-23 22:13:38.719  1475  8395 I chatty  : uid=1041(audioserver) /system/bin/audioserver expire 1 line
01-23 22:13:38.720  1475  3619 I chatty  : uid=1041(audioserver) Binder:1475_4 expire 3 lines
01-23 22:13:38.728  2279  2576 I chatty  : uid=10030(u0_a30) NonUserFacing3 expire 3 lines
01-23 22:13:43.738  2279  3966 I chatty  : uid=10030(u0_a30) NonUserFacing4 expire 5 lines
01-23 22:13:43.740  1475  8400 I chatty  : uid=1041(audioserver) /system/bin/audioserver expire 1 line
01-23 22:13:43.742  1475  1525 I chatty  : uid=1041(audioserver) Binder:1475_1 expire 3 lines
01-23 22:13:43.744  2279  2279 I chatty  : uid=10030(u0_a30) com.google.android.googlequicksearchbox:search expire 14 lines
01-23 22:13:48.769  1475  8406 I chatty  : uid=1041(audioserver) /system/bin/audioserver expire 1 line
01-23 22:13:48.771  1475  3619 I chatty  : uid=1041(audioserver) Binder:1475_4 expire 6 lines
01-23 22:13:48.771  2279  6463 I chatty  : uid=10030(u0_a30) UserFacing5 expire 11 lines
01-23 22:13:53.800  1475  8410 I chatty  : uid=1041(audioserver) /system/bin/audioserver expire 1 line
01-23 22:13:53.811  2279  2279 I chatty  : uid=10030(u0_a30) com.google.android.googlequicksearchbox:search expire 7 lines
01-23 22:13:53.820  2279  2343 I chatty  : uid=10030(u0_a30) NonUserFacing0 expire 4 lines
01-23 22:13:53.821  2279  2580 I chatty  : uid=10030(u0_a30) HotwordDetector expire 1 line
01-23 22:13:53.824  2279  2576 I chatty  : uid=10030(u0_a30) NonUserFacing3 expire 1 line
01-23 22:13:58.830  2279  3966 I chatty  : uid=10030(u0_a30) NonUserFacing4 expire 1 line
01-23 22:13:58.831  2279  6463 I chatty  : uid=10030(u0_a30) UserFacing5 expire 6 lines
01-23 22:13:58.832  1475  8414 I chatty  : uid=1041(audioserver) /system/bin/audioserver expire 1 line
01-23 22:13:58.833  1475  5127 I chatty  : uid=1041(audioserver) Binder:1475_9 expire 6 lines
01-23 22:13:58.835  2279  2279 I chatty  : uid=10030(u0_a30) com.google.android.googlequicksearchbox:search expire 7 lines
01-23 22:13:58.840  2279  3966 I chatty  : uid=10030(u0_a30) NonUserFacing4 expire 4 lines
01-23 22:13:58.841  2279  2580 I chatty  : uid=10030(u0_a30) HotwordDetector expire 1 line
01-23 22:13:58.842  2279  2576 I chatty  : uid=10030(u0_a30) NonUserFacing3 expire 2 lines
01-23 22:14:00.003  1623  1637 E memtrack: Couldn't load memtrack module
01-23 22:14:00.003  1623  1637 W android.os.Debug: failed to get memory consumption info: -1
01-23 22:14:00.018  1392  1409 D hwcomposer: hw_composer sent 5 syncs in 60s
01-23 22:14:00.026  1623  1637 E memtrack: Couldn't load memtrack module
01-23 22:14:00.026  1623  1637 W android.os.Debug: failed to get memory consumption info: -1
01-23 22:14:00.055  1623  1637 E memtrack: Couldn't load memtrack module
01-23 22:14:00.055  1623  1637 W android.os.Debug: failed to get memory consumption info: -1
01-23 22:14:00.070  1623  1637 E memtrack: Couldn't load memtrack module
01-23 22:14:00.070  1623  1637 W android.os.Debug: failed to get memory consumption info: -1
01-23 22:14:03.848  2279  6463 I chatty  : uid=10030(u0_a30) UserFacing5 expire 6 lines
01-23 22:14:03.850  1475  8422 I chatty  : uid=1041(audioserver) /system/bin/audioserver expire 1 line
01-23 22:14:03.855  2279  2279 I chatty  : uid=10030(u0_a30) com.google.android.googlequicksearchbox:search expire 14 lines
01-23 22:14:03.885  2279  2576 I chatty  : uid=10030(u0_a30) NonUserFacing3 expire 14 lines
01-23 22:14:03.886  2279  2580 I chatty  : uid=10030(u0_a30) HotwordDetector expire 4 lines
01-23 22:14:03.888  2279  3966 I chatty  : uid=10030(u0_a30) NonUserFacing4 expire 6 lines
01-23 22:14:08.898  2279  6463 I chatty  : uid=10030(u0_a30) UserFacing5 expire 13 lines
01-23 22:14:08.899  1475  8428 I chatty  : uid=1041(audioserver) /system/bin/audioserver expire 1 line
01-23 22:14:08.900  1475  5127 I chatty  : uid=1041(audioserver) Binder:1475_9 expire 5 lines
01-23 22:14:08.908  2279  2343 I chatty  : uid=10030(u0_a30) NonUserFacing0 expire 5 lines
01-23 22:14:13.924  1475  8432 I chatty  : uid=1041(audioserver) /system/bin/audioserver expire 1 line
01-23 22:14:13.927  1475  5127 I chatty  : uid=1041(audioserver) Binder:1475_9 expire 2 lines
01-23 22:14:13.930  2279  2279 I chatty  : uid=10030(u0_a30) com.google.android.googlequicksearchbox:search expire 14 lines
01-23 22:14:18.947  1475  8436 I chatty  : uid=1041(audioserver) /system/bin/audioserver expire 1 line
01-23 22:14:18.950  1475  5127 I chatty  : uid=1041(audioserver) Binder:1475_9 expire 5 lines
01-23 22:14:18.950  2279  6463 I chatty  : uid=10030(u0_a30) UserFacing5 expire 11 lines
01-23 22:14:23.970  1475  8440 I chatty  : uid=1041(audioserver) /system/bin/audioserver expire 1 line
01-23 22:14:23.974  2279  2279 I chatty  : uid=10030(u0_a30) com.google.android.googlequicksearchbox:search expire 8 lines
01-23 22:14:24.006  2279  2343 I chatty  : uid=10030(u0_a30) NonUserFacing0 expire 4 lines
01-23 22:14:24.007  2279  2580 I chatty  : uid=10030(u0_a30) HotwordDetector expire 1 line
01-23 22:14:24.008  2279  3966 I chatty  : uid=10030(u0_a30) NonUserFacing4 expire 1 line
01-23 22:14:29.020  2279  6463 I chatty  : uid=10030(u0_a30) UserFacing5 expire 6 lines
01-23 22:14:29.021  1475  8446 I chatty  : uid=1041(audioserver) /system/bin/audioserver expire 1 line
01-23 22:14:29.022  1475  1525 I chatty  : uid=1041(audioserver) Binder:1475_1 expire 3 lines
01-23 22:14:29.028  2279  2343 I chatty  : uid=10030(u0_a30) NonUserFacing0 expire 4 lines
01-23 22:14:29.028  2279  2580 I chatty  : uid=10030(u0_a30) HotwordDetector expire 1 line
01-23 22:14:29.030  2279  2279 I chatty  : uid=10030(u0_a30) com.google.android.googlequicksearchbox:search expire 7 lines
01-23 22:14:29.030  2279  2576 I chatty  : uid=10030(u0_a30) NonUserFacing3 expire 1 line
01-23 22:14:34.040  2279  3966 I chatty  : uid=10030(u0_a30) NonUserFacing4 expire 1 line
01-23 22:14:34.044  2279  6463 I chatty  : uid=10030(u0_a30) UserFacing5 expire 13 lines
01-23 22:14:34.046  1475  8450 I chatty  : uid=1041(audioserver) /system/bin/audioserver expire 1 line
01-23 22:14:34.047  1475  1528 I chatty  : uid=1041(audioserver) Binder:1475_2 expire 3 lines
01-23 22:14:34.052  2279  3966 I chatty  : uid=10030(u0_a30) NonUserFacing4 expire 5 lines
01-23 22:14:34.053  2279  2580 I chatty  : uid=10030(u0_a30) HotwordDetector expire 3 lines
