01-23 19:28:02.518  1475  5378 I chatty  : uid=1041(audioserver) /system/bin/audioserver expire 1 line
01-23 19:28:02.519  1475  4744 I chatty  : uid=1041(audioserver) Binder:1475_7 expire 6 lines
01-23 19:28:02.547  2279  2580 I chatty  : uid=10030(u0_a30) HotwordDetector expire 1 line
01-23 19:28:02.548  2279  2279 I chatty  : uid=10030(u0_a30) com.google.android.googlequicksearchbox:search expire 7 lines
01-23 19:28:02.549  2279  2343 I chatty  : uid=10030(u0_a30) NonUserFacing0 expire 6 lines
01-23 19:28:07.560  2279  3945 I chatty  : uid=10030(u0_a30) UserFacing4 expire 6 lines
01-23 19:28:07.563  1475  5382 I chatty  : uid=1041(audioserver) /system/bin/audioserver expire 1 line
01-23 19:28:07.571  2279  2580 I chatty  : uid=10030(u0_a30) HotwordDetector expire 5 lines
01-23 19:28:07.573  2279  2279 I chatty  : uid=10030(u0_a30) com.google.android.googlequicksearchbox:search expire 13 lines
01-23 19:28:07.574  2279  3966 I chatty  : uid=10030(u0_a30) NonUserFacing4 expire 11 lines
01-23 19:28:12.588  2279  3945 I chatty  : uid=10030(u0_a30) UserFacing4 expire 13 lines
01-23 19:28:12.589  1475  5386 I chatty  : uid=1041(audioserver) /system/bin/audioserver expire 1 line
01-23 19:28:12.591  1475  4744 I chatty  : uid=1041(audioserver) Binder:1475_7 expire 6 lines
01-23 19:28:12.600  2279  2576 I chatty  : uid=10030(u0_a30) NonUserFacing3 expire 2 lines
01-23 19:28:17.609  2279  2343 I chatty  : uid=10030(u0_a30) NonUserFacing0 expire 11 lines
01-23 19:28:17.613  1475  5392 I chatty  : uid=1041(audioserver) /system/bin/audioserver expire 1 line
01-23 19:28:17.618  2279  2279 I chatty  : uid=10030(u0_a30) com.google.android.googlequicksearchbox:search expire 14 lines
01-23 19:28:22.662  1475  5396 I chatty  : uid=1041(audioserver) /system/bin/audioserver expire 1 line
01-23 19:28:22.663  1475  4744 I chatty  : uid=1041(audioserver) Binder:1475_7 expire 3 lines
01-23 19:28:22.663  2279  3945 I chatty  : uid=10030(u0_a30) UserFacing4 expire 11 lines
01-23 19:28:27.686  1475  5400 I chatty  : uid=1041(audioserver) /system/bin/audioserver expire 1 line
01-23 19:28:27.688  1475  5370 I chatty  : uid=1041(audioserver) Binder:1475_A expire 5 lines
01-23 19:28:27.691  2279  2279 I chatty  : uid=10030(u0_a30) com.google.android.googlequicksearchbox:search expire 8 lines
01-23 19:28:27.696  2279  2576 I chatty  : uid=10030(u0_a30) NonUserFacing3 expire 1 line
01-23 19:28:32.709  2279  2343 I chatty  : uid=10030(u0_a30) NonUserFacing0 expire 1 line
01-23 19:28:32.710  2279  3945 I chatty  : uid=10030(u0_a30) UserFacing4 expire 6 lines
01-23 19:28:32.711  1475  5404 I chatty  : uid=1041(audioserver) /system/bin/audioserver expire 1 line
01-23 19:28:32.711  1475  5370 I chatty  : uid=1041(audioserver) Binder:1475_A expire 4 lines
01-23 19:28:32.737  2279  2343 I chatty  : uid=10030(u0_a30) NonUserFacing0 expire 4 lines
01-23 19:28:32.737  2279  2580 I chatty  : uid=10030(u0_a30) HotwordDetector expire 1 line
01-23 19:28:32.738  2279  2279 I chatty  : uid=10030(u0_a30) com.google.android.googlequicksearchbox:search expire 6 lines
01-23 19:28:32.739  2279  2576 I chatty  : uid=10030(u0_a30) NonUserFacing3 expire 1 line
01-23 19:28:37.748  2279  3966 I chatty  : uid=10030(u0_a30) NonUserFacing4 expire 1 line
01-23 19:28:37.751  2279  3945 I chatty  : uid=10030(u0_a30) UserFacing4 expire 6 lines
01-23 19:28:37.753  1475  5411 I chatty  : uid=1041(audioserver) /system/bin/audioserver expire 1 line
01-23 19:28:37.765  2279  2279 I chatty  : uid=10030(u0_a30) com.google.android.googlequicksearchbox:search expire 7 lines
01-23 19:28:37.780  2279  3966 I chatty  : uid=10030(u0_a30) NonUserFacing4 expire 4 lines
01-23 19:28:37.781  2279  2580 I chatty  : uid=10030(u0_a30) HotwordDetector expire 1 line
01-23 19:28:37.782  2279  2343 I chatty  : uid=10030(u0_a30) NonUserFacing0 expire 2 lines
01-23 19:28:42.794  2279  3945 I chatty  : uid=10030(u0_a30) UserFacing4 expire 6 lines
01-23 19:28:42.795  1475  5420 I chatty  : uid=1041(audioserver) /system/bin/audioserver expire 1 line
01-23 19:28:42.797  1475  5370 I chatty  : uid=1041(audioserver) Binder:1475_A expire 5 lines
01-23 19:28:42.799  2279  2279 I chatty  : uid=10030(u0_a30) com.google.android.googlequicksearchbox:search expire 14 lines
01-23 19:28:42.804  2279  2343 I chatty  : uid=10030(u0_a30) NonUserFacing0 expire 4 lines
01-23 19:28:42.805  2279  2580 I chatty  : uid=10030(u0_a30) HotwordDetector expire 6 lines
01-23 19:28:42.806  2279  2576 I chatty  : uid=10030(u0_a30) NonUserFacing3 expire 11 lines
01-23 19:28:44.858  2158  3297 V NativeCrypto: Read error: ssl=0x8a2107c8: I/O error during system call, Connection reset by peer
01-23 19:28:44.860  2158  3297 V NativeCrypto: SSL shutdown failed: ssl=0x8a2107c8: I/O error during system call, Broken pipe
01-23 19:28:37.765  2279  3945 I chatty  : uid=10030(u0_a30) UserFacing4 identical 13 lines
01-23 19:28:42.799  2279  3945 E ActivityThread: Failed to find provider info for com.google.android.apps.gsa.testing.ui.audio.recorded
01-23 19:28:44.864  1623  3459 D ConnectivityService: reportNetworkConnectivity(100, false) by 10013
01-23 19:28:44.864  1623  2106 D NetworkMonitor/NetworkAgentInfo [MOBILE (LTE) - 100]: Forcing reevaluation for UID 10013
01-23 19:28:44.889  1623  5423 D NetworkMonitor/NetworkAgentInfo [MOBILE (LTE) - 100]: PROBE_DNS connectivitycheck.gstatic.com 23ms OK 172.217.6.67,2607:f8b0:4005:808::2003
01-23 19:28:44.895  1623  5422 D NetworkMonitor/NetworkAgentInfo [MOBILE (LTE) - 100]: PROBE_DNS www.google.com 29ms OK 216.58.217.36,2607:f8b0:400a:809::2004
01-23 19:28:44.908  1623  5423 D NetworkMonitor/NetworkAgentInfo [MOBILE (LTE) - 100]: PROBE_HTTP http://connectivitycheck.gstatic.com/generate_204 time=18ms ret=204 request={User-Agent=[Mozilla/5.0 (X11; Linux x86_64) AppleWebKit/537.36 (KHTML, like Gecko) Chrome/52.0.2743.82 Safari/537.36]} headers={null=[HTTP/1.1 204 No Content], Content-Length=[0], Date=[Wed, 23 Jan 2019 19:28:45 GMT], X-Android-Received-Millis=[1548271724908], X-Android-Response-Source=[NETWORK 204], X-Android-Selected-Protocol=[http/1.1], X-Android-Sent-Millis=[1548271724892]}
01-23 19:28:44.952  1623  3459 W ActivityManager: Unable to start service Intent { act=com.android.vending.contentfilters.IContentFiltersService.BIND pkg=com.android.vending } U=0: not found
01-23 19:28:44.952  1623  3459 W ActivityManager: Unbind failed: could not find connection for android.os.BinderProxy@4ae58fd
01-23 19:28:44.961  2158  5427 W InstantApps: DomainFilterUpdateChimeraService: Retry later
01-23 19:28:44.997  1623  4125 W ActivityManager: Unable to start service Intent { act=com.android.vending.contentfilters.IContentFiltersService.BIND pkg=com.android.vending } U=0: not found
01-23 19:28:44.997  1623  4125 W ActivityManager: Unbind failed: could not find connection for android.os.BinderProxy@c84aab5
01-23 19:28:44.998  2158  5428 W InstantApps: DomainFilterUpdateChimeraService: Retry later
01-23 19:28:45.065  1623  5422 D NetworkMonitor/NetworkAgentInfo [MOBILE (LTE) - 100]: PROBE_HTTPS https://www.google.com/generate_204 time=171ms ret=204 request={User-Agent=[Mozilla/5.0 (X11; Linux x86_64) AppleWebKit/537.36 (KHTML, like Gecko) Chrome/52.0.2743.82 Safari/537.36]} headers={null=[HTTP/1.1 204 No Content], Alt-Svc=[quic=":443"; ma=2592000; v="44,43,39"], Content-Length=[0], Date=[Wed, 23 Jan 2019 19:28:45 GMT], X-Android-Received-Millis=[1548271725065], X-Android-Response-Source=[NETWORK 204], X-Android-Selected-Protocol=[http/1.1], X-Android-Sent-Millis=[1548271724995]}
01-23 19:28:45.066  1623  1706 D ConnectivityService: NetworkAgentInfo [MOBILE (LTE) - 100] validation passed
01-23 19:28:45.325  3141  3156 W SystemServiceRegistry: No service published for: persistent_data_block
01-23 19:28:45.331  3141  3156 D EGL_emulation: eglCreateContext: 0xa9fb0ae0: maj 2 min 0 rcv 2
01-23 19:28:45.332  3141  3156 D EGL_emulation: eglMakeCurrent: 0xa9fb0ae0: ver 2 0 (tinfo 0x9e2ff750)
01-23 19:28:45.367  3141  3156 D EGL_emulation: eglCreateContext: 0xa9fb2f40: maj 2 min 0 rcv 2
01-23 19:28:45.368  3141  3156 D EGL_emulation: eglMakeCurrent: 0xa9fb2f40: ver 2 0 (tinfo 0x9e2ff750)
01-23 19:28:45.402  3141  3141 W Binder:3141_3: type=1400 audit(0.0:23): avc: denied { read } for name="modules" dev="proc" ino=4026532034 scontext=u:r:priv_app:s0:c512,c768 tcontext=u:object_r:proc_modules:s0 tclass=file permissive=0
01-23 19:28:45.566  2158  2502 W Conscrypt: Could not set socket write timeout:
01-23 19:28:45.566  2158  2502 W Conscrypt:    java.lang.reflect.Method.invoke(Native Method)
01-23 19:28:45.567  2158  2502 W Conscrypt:    com.google.android.gms.org.conscrypt.Platform.setSocketWriteTimeout(:com.google.android.gms@11947470:13)
01-23 19:28:45.631  2158  2502 W Conscrypt: Could not set socket write timeout:
01-23 19:28:45.631  2158  2502 W Conscrypt:    java.lang.reflect.Method.invoke(Native Method)
01-23 19:28:45.632  2158  2502 W Conscrypt:    com.google.android.gms.org.conscrypt.Platform.setSocketWriteTimeout(:com.google.android.gms@11947470:13)
01-23 19:28:45.688  2158  2502 W GLSUser : [AppCertManager] IOException while requesting key: 
01-23 19:28:45.688  2158  2502 W GLSUser : java.io.IOException: Invalid device key response.
01-23 19:28:45.688  2158  2502 W GLSUser : 	at fuu.a(:com.google.android.gms@11947470:12)
01-23 19:28:45.688  2158  2502 W GLSUser : 	at fuu.a(:com.google.android.gms@11947470:64)
01-23 19:28:45.688  2158  2502 W GLSUser : 	at fus.a(:com.google.android.gms@11947470:8)
01-23 19:28:45.688  2158  2502 W GLSUser : 	at fuo.a(:com.google.android.gms@11947470:1)
01-23 19:28:45.688  2158  2502 W GLSUser : 	at fun.a(:com.google.android.gms@11947470:10)
01-23 19:28:45.688  2158  2502 W GLSUser : 	at com.google.android.gms.auth.account.be.legacy.AuthCronChimeraService.b(:com.google.android.gms@11947470:7)
01-23 19:28:45.688  2158  2502 W GLSUser : 	at ezr.call(:com.google.android.gms@11947470:3)
01-23 19:28:45.688  2158  2502 W GLSUser : 	at java.util.concurrent.FutureTask.run(FutureTask.java:266)
01-23 19:28:45.688  2158  2502 W GLSUser : 	at mvc.run(:com.google.android.gms@11947470:26)
01-23 19:28:45.688  2158  2502 W GLSUser : 	at java.util.concurrent.ThreadPoolExecutor.runWorker(ThreadPoolExecutor.java:1162)
01-23 19:28:45.688  2158  2502 W GLSUser : 	at java.util.concurrent.ThreadPoolExecutor$Worker.run(ThreadPoolExecutor.java:636)
01-23 19:28:45.688  2158  2502 W GLSUser : 	at nak.run(Unknown Source:7)
01-23 19:28:45.688  2158  2502 W GLSUser : 	at java.lang.Thread.run(Thread.java:764)
01-23 19:28:47.815  2279  3966 I chatty  : uid=10030(u0_a30) NonUserFacing4 expire 5 lines
01-23 19:28:47.816  2279  3945 I chatty  : uid=10030(u0_a30) UserFacing4 expire 13 lines
01-23 19:28:47.819  1475  5439 I chatty  : uid=1041(audioserver) /system/bin/audioserver expire 1 line
01-23 19:28:47.822  1475  5370 I chatty  : uid=1041(audioserver) Binder:1475_A expire 5 lines
01-23 19:28:47.826  2279  3945 E ActivityThread: Failed to find provider info for com.google.android.apps.gsa.testing.ui.audio.recorded
01-23 19:28:47.835  2279  2343 I chatty  : uid=10030(u0_a30) NonUserFacing0 expire 13 lines
01-23 19:28:52.847  1475  5447 I chatty  : uid=1041(audioserver) /system/bin/audioserver expire 1 line
01-23 19:28:52.852  2279  2279 I chatty  : uid=10030(u0_a30) com.google.android.googlequicksearchbox:search expire 14 lines
01-23 19:28:57.872  1475  5454 I chatty  : uid=1041(audioserver) /system/bin/audioserver expire 1 line
01-23 19:28:57.874  1475  5370 I chatty  : uid=1041(audioserver) Binder:1475_A expire 5 lines
01-23 19:28:57.874  2279  3945 I chatty  : uid=10030(u0_a30) UserFacing4 expire 12 lines
01-23 19:29:00.025  1392  1409 D hwcomposer: hw_composer sent 5 syncs in 60s
01-23 19:29:00.032  1623  1637 E memtrack: Couldn't load memtrack module
01-23 19:29:00.032  1623  1637 W android.os.Debug: failed to get memory consumption info: -1
01-23 19:28:52.852  2279  3945 I chatty  : uid=10030(u0_a30) UserFacing4 identical 1 line
01-23 19:28:57.877  2279  3945 E ActivityThread: Failed to find provider info for com.google.android.apps.gsa.testing.ui.audio.recorded
01-23 19:29:01.549  1623  1641 E BatteryStatsService: modem info is invalid: ModemActivityInfo{ mTimestamp=0 mSleepTimeMs=0 mIdleTimeMs=0 mTxTimeMs[]=[0, 0, 0, 0, 0] mRxTimeMs=0 mEnergyUsed=0}
01-23 19:29:02.894  1475  5459 I chatty  : uid=1041(audioserver) /system/bin/audioserver expire 1 line
01-23 19:29:02.895  1475  3619 I chatty  : uid=1041(audioserver) Binder:1475_4 expire 3 lines
01-23 19:29:02.898  2279  3945 E ActivityThread: Failed to find provider info for com.google.android.apps.gsa.testing.ui.audio.recorded
01-23 19:29:02.899  2279  2279 I chatty  : uid=10030(u0_a30) com.google.android.googlequicksearchbox:search expire 15 lines
01-23 19:29:02.929  2279  2576 I chatty  : uid=10030(u0_a30) NonUserFacing3 expire 6 lines
01-23 19:29:07.943  2279  3945 I chatty  : uid=10030(u0_a30) UserFacing4 expire 11 lines
01-23 19:29:07.943  1475  5463 I chatty  : uid=1041(audioserver) /system/bin/audioserver expire 1 line
01-23 19:29:07.954  2279  3966 I chatty  : uid=10030(u0_a30) NonUserFacing4 expire 1 line
01-23 19:29:12.966  1475  5467 I chatty  : uid=1041(audioserver) /system/bin/audioserver expire 1 line
01-23 19:29:12.968  1475  5370 I chatty  : uid=1041(audioserver) Binder:1475_A expire 5 lines
01-23 19:29:12.977  2279  2580 I chatty  : uid=10030(u0_a30) HotwordDetector expire 1 line
01-23 19:29:12.978  2279  2279 I chatty  : uid=10030(u0_a30) com.google.android.googlequicksearchbox:search expire 7 lines
01-23 19:29:12.979  2279  3966 I chatty  : uid=10030(u0_a30) NonUserFacing4 expire 1 line
01-23 19:29:17.989  2279  2343 I chatty  : uid=10030(u0_a30) NonUserFacing0 expire 5 lines
01-23 19:29:17.992  2279  3945 I chatty  : uid=10030(u0_a30) UserFacing4 expire 5 lines
01-23 19:29:17.994  1475  5473 I chatty  : uid=1041(audioserver) /system/bin/audioserver expire 1 line
01-23 19:29:17.996  1475  5370 I chatty  : uid=1041(audioserver) Binder:1475_A expire 1 line
01-23 19:29:18.004  2279  2580 I chatty  : uid=10030(u0_a30) HotwordDetector expire 5 lines
01-23 19:29:18.004  2279  3945 I chatty  : uid=10030(u0_a30) UserFacing4 expire 14 lines
01-23 19:29:18.006  2279  2279 I chatty  : uid=10030(u0_a30) com.google.android.googlequicksearchbox:search expire 13 lines
01-23 19:29:18.007  2279  3966 I chatty  : uid=10030(u0_a30) NonUserFacing4 expire 11 lines
01-23 19:29:23.021  1475  5477 I chatty  : uid=1041(audioserver) /system/bin/audioserver expire 1 line
01-23 19:29:23.023  1475  4744 I chatty  : uid=1041(audioserver) Binder:1475_7 expire 6 lines
01-23 19:29:23.031  2279  2576 I chatty  : uid=10030(u0_a30) NonUserFacing3 expire 7 lines
01-23 19:29:28.041  2279  2343 I chatty  : uid=10030(u0_a30) NonUserFacing0 expire 6 lines
01-23 19:29:28.043  1475  5481 I chatty  : uid=1041(audioserver) /system/bin/audioserver expire 1 line
01-23 19:29:28.046  2279  2279 I chatty  : uid=10030(u0_a30) com.google.android.googlequicksearchbox:search expire 14 lines
01-23 19:29:33.067  1475  5485 I chatty  : uid=1041(audioserver) /system/bin/audioserver expire 1 line
01-23 19:29:33.068  1475  4744 I chatty  : uid=1041(audioserver) Binder:1475_7 expire 4 lines
01-23 19:29:33.068  2279  3945 I chatty  : uid=10030(u0_a30) UserFacing4 expire 11 lines
01-23 19:29:38.098  1475  5492 I chatty  : uid=1041(audioserver) /system/bin/audioserver expire 1 line
01-23 19:29:38.100  1475  4744 I chatty  : uid=1041(audioserver) Binder:1475_7 expire 5 lines
01-23 19:29:38.103  2279  2279 I chatty  : uid=10030(u0_a30) com.google.android.googlequicksearchbox:search expire 8 lines
01-23 19:29:38.127  2279  2343 I chatty  : uid=10030(u0_a30) NonUserFacing0 expire 1 line
01-23 19:29:43.138  2279  2576 I chatty  : uid=10030(u0_a30) NonUserFacing3 expire 5 lines
01-23 19:29:43.138  2279  3945 I chatty  : uid=10030(u0_a30) UserFacing4 expire 6 lines
01-23 19:29:43.140  1475  5496 I chatty  : uid=1041(audioserver) /system/bin/audioserver expire 1 line
01-23 19:29:43.149  2279  2580 I chatty  : uid=10030(u0_a30) HotwordDetector expire 1 line
01-23 19:29:43.150  2279  2279 I chatty  : uid=10030(u0_a30) com.google.android.googlequicksearchbox:search expire 7 lines
01-23 19:29:43.150  2279  2343 I chatty  : uid=10030(u0_a30) NonUserFacing0 expire 5 lines
01-23 19:29:48.161  2279  3945 I chatty  : uid=10030(u0_a30) UserFacing4 expire 6 lines
01-23 19:29:48.163  1475  5500 I chatty  : uid=1041(audioserver) /system/bin/audioserver expire 1 line
01-23 19:29:48.165  1475  4744 I chatty  : uid=1041(audioserver) Binder:1475_7 expire 6 lines
01-23 19:29:48.172  2279  2580 I chatty  : uid=10030(u0_a30) HotwordDetector expire 1 line
01-23 19:29:48.172  2279  2343 I chatty  : uid=10030(u0_a30) NonUserFacing0 expire 1 line
01-23 19:29:48.174  2279  2279 I chatty  : uid=10030(u0_a30) com.google.android.googlequicksearchbox:search expire 7 lines
01-23 19:29:48.174  2279  2576 I chatty  : uid=10030(u0_a30) NonUserFacing3 expire 6 lines
01-23 19:29:53.184  2279  3945 I chatty  : uid=10030(u0_a30) UserFacing4 expire 6 lines
01-23 19:29:53.188  1475  5504 I chatty  : uid=1041(audioserver) /system/bin/audioserver expire 1 line
01-23 19:29:53.198  2279  2580 I chatty  : uid=10030(u0_a30) HotwordDetector expire 5 lines
01-23 19:29:53.200  2279  2279 I chatty  : uid=10030(u0_a30) com.google.android.googlequicksearchbox:search expire 13 lines
01-23 19:29:53.201  2279  2343 I chatty  : uid=10030(u0_a30) NonUserFacing0 expire 10 lines
01-23 19:29:57.522  1623  1637 E memtrack: Couldn't load memtrack module
01-23 19:29:57.522  1623  1637 W android.os.Debug: failed to get memory consumption info: -1
01-23 19:29:57.545  1623  1637 E memtrack: Couldn't load memtrack module
01-23 19:29:57.545  1623  1637 W android.os.Debug: failed to get memory consumption info: -1
01-23 19:29:58.211  2279  3966 I chatty  : uid=10030(u0_a30) NonUserFacing4 expire 6 lines
01-23 19:29:58.213  2279  3945 I chatty  : uid=10030(u0_a30) UserFacing4 expire 13 lines
01-23 19:29:58.217  1475  4744 I chatty  : uid=1041(audioserver) Binder:1475_7 expire 6 lines
01-23 19:29:58.218  1475  5511 I chatty  : uid=1041(audioserver) /system/bin/audioserver expire 1 line
01-23 19:29:58.226  2279  2576 I chatty  : uid=10030(u0_a30) NonUserFacing3 expire 6 lines
01-23 19:30:00.011  1623  1637 E memtrack: Couldn't load memtrack module
01-23 19:30:00.011  1623  1637 W android.os.Debug: failed to get memory consumption info: -1
01-23 19:30:00.026  1392  1409 D hwcomposer: hw_composer sent 6 syncs in 60s
01-23 19:30:03.241  1475  5515 I chatty  : uid=1041(audioserver) /system/bin/audioserver expire 1 line
01-23 19:30:03.247  2279  2279 I chatty  : uid=10030(u0_a30) com.google.android.googlequicksearchbox:search expire 14 lines
01-23 19:30:06.935  1623  1702 E HalDeviceManager: Should have at least 1 chip!
01-23 19:30:06.935  1623  1702 E HalDeviceManager: getSupportedIfaceTypesInternal: no chip info found
01-23 19:30:06.936  1623  1641 E BluetoothAdapter: Bluetooth binder is null
01-23 19:29:58.218  2279  3945 I chatty  : uid=10030(u0_a30) UserFacing4 identical 11 lines
01-23 19:30:03.246  2279  3945 E ActivityThread: Failed to find provider info for com.google.android.apps.gsa.testing.ui.audio.recorded
01-23 19:30:06.936  1623  1641 E BatteryStatsService: no controller energy info supplied
01-23 19:30:06.938  1623  1641 E KernelCpuSpeedReader: Failed to read cpu-freq: /sys/devices/system/cpu/cpu0/cpufreq/stats/time_in_state (No such file or directory)
01-23 19:30:06.939  1623  1641 E KernelUidCpuFreqTimeReader: Failed to read /proc/uid_time_in_state: java.io.FileNotFoundException: /proc/uid_time_in_state (No such file or directory)
01-23 19:30:06.939  1623  1641 E BatteryStatsService: modem info is invalid: ModemActivityInfo{ mTimestamp=0 mSleepTimeMs=0 mIdleTimeMs=0 mTxTimeMs[]=[0, 0, 0, 0, 0] mRxTimeMs=0 mEnergyUsed=0}
01-23 19:30:08.263  1475  5519 I chatty  : uid=1041(audioserver) /system/bin/audioserver expire 1 line
01-23 19:30:08.264  1475  3619 I chatty  : uid=1041(audioserver) Binder:1475_4 expire 3 lines
01-23 19:30:08.264  2279  3945 I chatty  : uid=10030(u0_a30) UserFacing4 expire 11 lines
01-23 19:30:08.268  2279  3945 E ActivityThread: Failed to find provider info for com.google.android.apps.gsa.testing.ui.audio.recorded
01-23 19:30:13.309  1475  5523 I chatty  : uid=1041(audioserver) /system/bin/audioserver expire 1 line
01-23 19:30:13.310  1475  4744 I chatty  : uid=1041(audioserver) Binder:1475_7 expire 8 lines
01-23 19:30:13.312  2279  2279 I chatty  : uid=10030(u0_a30) com.google.android.googlequicksearchbox:search expire 15 lines
01-23 19:30:13.317  2279  2343 I chatty  : uid=10030(u0_a30) NonUserFacing0 expire 2 lines
01-23 19:30:13.318  2279  2576 I chatty  : uid=10030(u0_a30) NonUserFacing3 expire 2 lines
01-23 19:30:18.334  2279  3966 I chatty  : uid=10030(u0_a30) NonUserFacing4 expire 6 lines
01-23 19:30:18.334  2279  3945 I chatty  : uid=10030(u0_a30) UserFacing4 expire 12 lines
01-23 19:30:18.338  1475  5529 I chatty  : uid=1041(audioserver) /system/bin/audioserver expire 1 line
01-23 19:30:18.346  2279  2580 I chatty  : uid=10030(u0_a30) HotwordDetector expire 1 line
01-23 19:30:23.363  1475  5533 I chatty  : uid=1041(audioserver) /system/bin/audioserver expire 1 line
01-23 19:30:23.365  1475  4744 I chatty  : uid=1041(audioserver) Binder:1475_7 expire 1 line
01-23 19:30:23.371  2279  3966 I chatty  : uid=10030(u0_a30) NonUserFacing4 expire 4 lines
01-23 19:30:23.371  2279  2580 I chatty  : uid=10030(u0_a30) HotwordDetector expire 1 line
01-23 19:30:23.373  2279  2279 I chatty  : uid=10030(u0_a30) com.google.android.googlequicksearchbox:search expire 6 lines
01-23 19:30:23.374  2279  2576 I chatty  : uid=10030(u0_a30) NonUserFacing3 expire 1 line
01-23 19:30:28.388  2279  2343 I chatty  : uid=10030(u0_a30) NonUserFacing0 expire 1 line
01-23 19:30:28.388  2279  3945 I chatty  : uid=10030(u0_a30) UserFacing4 expire 13 lines
01-23 19:30:28.390  1475  5537 I chatty  : uid=1041(audioserver) /system/bin/audioserver expire 1 line
01-23 19:30:28.392  1475  4744 I chatty  : uid=1041(audioserver) Binder:1475_7 expire 3 lines
01-23 19:30:28.404  2279  2279 I chatty  : uid=10030(u0_a30) com.google.android.googlequicksearchbox:search expire 14 lines
01-23 19:30:28.407  2279  2343 I chatty  : uid=10030(u0_a30) NonUserFacing0 expire 7 lines
01-23 19:30:28.408  2279  2580 I chatty  : uid=10030(u0_a30) HotwordDetector expire 4 lines
01-23 19:30:28.410  2279  2576 I chatty  : uid=10030(u0_a30) NonUserFacing3 expire 1 line
01-23 19:30:33.419  2279  3966 I chatty  : uid=10030(u0_a30) NonUserFacing4 expire 11 lines
01-23 19:30:33.422  1475  5543 I chatty  : uid=1041(audioserver) /system/bin/audioserver expire 1 line
01-23 19:30:33.424  1475  5539 I chatty  : uid=1041(audioserver) Binder:1475_B expire 5 lines
01-23 19:30:38.445  1475  5551 I chatty  : uid=1041(audioserver) /system/bin/audioserver expire 1 line
01-23 19:30:38.446  1475  5539 I chatty  : uid=1041(audioserver) Binder:1475_B expire 1 line
01-23 19:30:38.446  2279  3945 I chatty  : uid=10030(u0_a30) UserFacing4 expire 12 lines
01-23 19:30:38.448  2279  2279 I chatty  : uid=10030(u0_a30) com.google.android.googlequicksearchbox:search expire 14 lines
01-23 19:30:43.467  1475  5561 I chatty  : uid=1041(audioserver) /system/bin/audioserver expire 1 line
01-23 19:30:43.469  1475  1475 I chatty  : uid=1041(audioserver) /system/bin/audioserver expire 5 lines
01-23 19:30:43.476  2279  3966 I chatty  : uid=10030(u0_a30) NonUserFacing4 expire 6 lines
01-23 19:30:45.455  3101  3140 I PlayCommon: [178] PlayEventLogger.uploadEventsImpl: Preparing logs for uploading
01-23 19:30:45.455  3101  3140 I PlayCommon: [178] PlayEventLogger.uploadEventsImpl: No file ready to send
01-23 19:30:48.491  1475  5566 I chatty  : uid=1041(audioserver) /system/bin/audioserver expire 1 line
01-23 19:30:48.492  1475  1475 I chatty  : uid=1041(audioserver) /system/bin/audioserver expire 3 lines
01-23 19:30:48.492  2279  3945 I chatty  : uid=10030(u0_a30) UserFacing4 expire 11 lines
01-23 19:30:48.495  2279  3945 I chatty  : uid=10030(u0_a30) UserFacing4 identical 8 lines
01-23 19:30:48.495  2279  2279 I chatty  : uid=10030(u0_a30) com.google.android.googlequicksearchbox:search expire 8 lines
01-23 19:30:48.500  2279  3966 I chatty  : uid=10030(u0_a30) NonUserFacing4 expire 4 lines
01-23 19:30:48.500  2279  2580 I chatty  : uid=10030(u0_a30) HotwordDetector expire 1 line
01-23 19:30:48.502  2279  2343 I chatty  : uid=10030(u0_a30) NonUserFacing0 expire 1 line
01-23 19:30:53.516  1475  5570 I chatty  : uid=1041(audioserver) /system/bin/audioserver expire 1 line
01-23 19:30:53.518  1475  1475 I chatty  : uid=1041(audioserver) /system/bin/audioserver expire 1 line
01-23 19:30:53.521  2279  3945 E ActivityThread: Failed to find provider info for com.google.android.apps.gsa.testing.ui.audio.recorded
01-23 19:30:53.526  2279  3966 I chatty  : uid=10030(u0_a30) NonUserFacing4 expire 4 lines
01-23 19:30:53.526  2279  2580 I chatty  : uid=10030(u0_a30) HotwordDetector expire 1 line
01-23 19:30:53.528  2279  2279 I chatty  : uid=10030(u0_a30) com.google.android.googlequicksearchbox:search expire 7 lines
01-23 19:30:53.528  2279  2343 I chatty  : uid=10030(u0_a30) NonUserFacing0 expire 1 line
01-23 19:30:55.046  1623  4125 I ActivityManager: Killing 2708:com.google.android.apps.photos/u0a66 (adj 904): empty for 1801s
01-23 19:30:55.046  1623  4125 I ActivityManager: Killing 3405:com.google.android.apps.messaging:rcs/u0a67 (adj 906): empty for 1803s
01-23 19:30:55.053  1623  1641 E BatteryStatsService: modem info is invalid: ModemActivityInfo{ mTimestamp=0 mSleepTimeMs=0 mIdleTimeMs=0 mTxTimeMs[]=[0, 0, 0, 0, 0] mRxTimeMs=0 mEnergyUsed=0}
01-23 19:30:57.561  1623  1684 I ActivityManager: Killing 2895:com.google.android.gm/u0a71 (adj 904): empty for 1801s
01-23 19:30:57.562  1623  1684 I ActivityManager: Killing 3232:com.google.android.gms.ui/u0a13 (adj 906): empty for 1801s
01-23 19:30:57.563  1623  1684 I ActivityManager: Killing 3514:com.google.android.ext.services/u0a14 (adj 906): empty for 1802s
01-23 19:30:57.900  1623  1637 E memtrack: Couldn't load memtrack module
01-23 19:30:57.900  1623  1637 W android.os.Debug: failed to get memory consumption info: -1
01-23 19:30:57.916  1623  2312 W ActivityManager: Unable to start service Intent { act=com.android.vending.contentfilters.IContentFiltersService.BIND pkg=com.android.vending } U=0: not found
01-23 19:30:57.917  1623  2312 W ActivityManager: Unbind failed: could not find connection for android.os.BinderProxy@efc5a6b
01-23 19:30:57.918  2158  5583 W InstantApps: DomainFilterUpdateChimeraService: Retry later
01-23 19:30:57.943  1623  1637 E memtrack: Couldn't load memtrack module
01-23 19:30:57.943  1623  1637 W android.os.Debug: failed to get memory consumption info: -1
01-23 19:30:57.954  1623  1637 E memtrack: Couldn't load memtrack module
01-23 19:30:57.955  1623  1637 W android.os.Debug: failed to get memory consumption info: -1
01-23 19:30:58.538  2279  2576 I chatty  : uid=10030(u0_a30) NonUserFacing3 expire 1 line
01-23 19:30:58.539  2279  3945 I chatty  : uid=10030(u0_a30) UserFacing4 expire 6 lines
01-23 19:30:58.541  1475  5587 I chatty  : uid=1041(audioserver) /system/bin/audioserver expire 1 line
01-23 19:30:58.543  1475  5539 I chatty  : uid=1041(audioserver) Binder:1475_B expire 3 lines
01-23 19:30:58.547  2279  3945 E ActivityThread: Failed to find provider info for com.google.android.apps.gsa.testing.ui.audio.recorded
01-23 19:30:58.580  2279  2576 I chatty  : uid=10030(u0_a30) NonUserFacing3 expire 4 lines
01-23 19:30:58.581  2279  2580 I chatty  : uid=10030(u0_a30) HotwordDetector expire 6 lines
01-23 19:30:58.583  2279  2279 I chatty  : uid=10030(u0_a30) com.google.android.googlequicksearchbox:search expire 13 lines
01-23 19:30:58.583  2279  3966 I chatty  : uid=10030(u0_a30) NonUserFacing4 expire 12 lines
01-23 19:31:00.004  1623  1623 I ActivityManager: Killing 3552:com.android.keychain/1000 (adj 906): empty for 1801s
01-23 19:31:00.008  1623  1637 E memtrack: Couldn't load memtrack module
01-23 19:31:00.008  1623  1637 W android.os.Debug: failed to get memory consumption info: -1
01-23 19:31:00.027  1392  1409 D hwcomposer: hw_composer sent 10 syncs in 60s
01-23 19:31:00.033  1623  1637 E memtrack: Couldn't load memtrack module
01-23 19:31:00.033  1623  1637 W android.os.Debug: failed to get memory consumption info: -1
01-23 19:31:03.593  2279  2343 I chatty  : uid=10030(u0_a30) NonUserFacing0 expire 7 lines
01-23 19:31:03.593  2279  3945 I chatty  : uid=10030(u0_a30) UserFacing4 expire 13 lines
01-23 19:31:03.596  1475  5591 I chatty  : uid=1041(audioserver) /system/bin/audioserver expire 1 line
01-23 19:31:03.597  1475  1475 I chatty  : uid=1041(audioserver) /system/bin/audioserver expire 6 lines
01-23 19:31:03.599  2279  3945 E ActivityThread: Failed to find provider info for com.google.android.apps.gsa.testing.ui.audio.recorded
01-23 19:31:07.810  1623  1641 E BatteryStatsService: modem info is invalid: ModemActivityInfo{ mTimestamp=0 mSleepTimeMs=0 mIdleTimeMs=0 mTxTimeMs[]=[0, 0, 0, 0, 0] mRxTimeMs=0 mEnergyUsed=0}
01-23 19:31:08.630  1475  5596 I chatty  : uid=1041(audioserver) /system/bin/audioserver expire 1 line
01-23 19:31:08.634  2279  3945 E ActivityThread: Failed to find provider info for com.google.android.apps.gsa.testing.ui.audio.recorded
01-23 19:31:08.634  2279  2279 I chatty  : uid=10030(u0_a30) com.google.android.googlequicksearchbox:search expire 14 lines
01-23 19:31:13.679  1475  5600 I chatty  : uid=1041(audioserver) /system/bin/audioserver expire 1 line
01-23 19:31:13.680  1475  1475 I chatty  : uid=1041(audioserver) /system/bin/audioserver expire 3 lines
01-23 19:31:13.680  2279  3945 I chatty  : uid=10030(u0_a30) UserFacing4 expire 12 lines
01-23 19:31:18.700  2279  2576 I chatty  : uid=10030(u0_a30) NonUserFacing3 expire 5 lines
01-23 19:31:18.704  1475  5606 I chatty  : uid=1041(audioserver) /system/bin/audioserver expire 1 line
01-23 19:31:18.706  1475  5539 I chatty  : uid=1041(audioserver) Binder:1475_B expire 6 lines
01-23 19:31:18.709  2279  2279 I chatty  : uid=10030(u0_a30) com.google.android.googlequicksearchbox:search expire 8 lines
01-23 19:31:18.720  2279  3966 I chatty  : uid=10030(u0_a30) NonUserFacing4 expire 6 lines
01-23 19:31:23.734  1475  5610 I chatty  : uid=1041(audioserver) /system/bin/audioserver expire 1 line
01-23 19:31:23.737  2279  3945 I chatty  : uid=10030(u0_a30) UserFacing4 expire 11 lines
01-23 19:31:23.748  2279  2279 I chatty  : uid=10030(u0_a30) com.google.android.googlequicksearchbox:search expire 7 lines
01-23 19:31:23.749  2279  2576 I chatty  : uid=10030(u0_a30) NonUserFacing3 expire 1 line
01-23 19:31:28.759  2279  2343 I chatty  : uid=10030(u0_a30) NonUserFacing0 expire 5 lines
01-23 19:31:28.761  1475  5614 I chatty  : uid=1041(audioserver) /system/bin/audioserver expire 1 line
01-23 19:31:28.762  1475  5539 I chatty  : uid=1041(audioserver) Binder:1475_B expire 3 lines
01-23 19:31:28.779  2279  2580 I chatty  : uid=10030(u0_a30) HotwordDetector expire 1 line
01-23 19:31:28.781  2279  2279 I chatty  : uid=10030(u0_a30) com.google.android.googlequicksearchbox:search expire 7 lines
01-23 19:31:28.782  2279  2576 I chatty  : uid=10030(u0_a30) NonUserFacing3 expire 6 lines
01-23 19:31:33.793  2279  3945 I chatty  : uid=10030(u0_a30) UserFacing4 expire 6 lines
01-23 19:31:33.794  1475  5618 I chatty  : uid=1041(audioserver) /system/bin/audioserver expire 1 line
01-23 19:31:33.795  1475  5127 I chatty  : uid=1041(audioserver) Binder:1475_9 expire 3 lines
01-23 19:31:33.802  2279  2580 I chatty  : uid=10030(u0_a30) HotwordDetector expire 2 lines
01-23 19:31:33.803  2279  2279 I chatty  : uid=10030(u0_a30) com.google.android.googlequicksearchbox:search expire 7 lines
01-23 19:31:33.803  2279  2343 I chatty  : uid=10030(u0_a30) NonUserFacing0 expire 1 line
01-23 19:31:38.813  2279  2576 I chatty  : uid=10030(u0_a30) NonUserFacing3 expire 3 lines
01-23 19:31:38.814  2279  3945 I chatty  : uid=10030(u0_a30) UserFacing4 expire 13 lines
01-23 19:31:38.815  1475  5625 I chatty  : uid=1041(audioserver) /system/bin/audioserver expire 1 line
01-23 19:31:38.816  1475  1475 I chatty  : uid=1041(audioserver) /system/bin/audioserver expire 6 lines
01-23 19:31:38.828  2279  2576 I chatty  : uid=10030(u0_a30) NonUserFacing3 expire 13 lines
01-23 19:31:38.830  2279  2279 I chatty  : uid=10030(u0_a30) com.google.android.googlequicksearchbox:search expire 13 lines
01-23 19:31:38.830  2279  2343 I chatty  : uid=10030(u0_a30) NonUserFacing0 expire 7 lines
01-23 19:31:43.839  2279  3966 I chatty  : uid=10030(u0_a30) NonUserFacing4 expire 6 lines
01-23 19:31:43.841  1475  5629 I chatty  : uid=1041(audioserver) /system/bin/audioserver expire 1 line
01-23 19:31:43.849  2279  2580 I chatty  : uid=10030(u0_a30) HotwordDetector expire 4 lines
01-23 19:31:48.862  1475  5633 I chatty  : uid=1041(audioserver) /system/bin/audioserver expire 1 line
01-23 19:31:48.862  1475  5127 I chatty  : uid=1041(audioserver) Binder:1475_9 expire 3 lines
01-23 19:31:48.863  2279  3945 I chatty  : uid=10030(u0_a30) UserFacing4 expire 12 lines
01-23 19:31:48.867  2279  3945 I chatty  : uid=10030(u0_a30) UserFacing4 identical 8 lines
01-23 19:31:48.867  2279  2279 I chatty  : uid=10030(u0_a30) com.google.android.googlequicksearchbox:search expire 14 lines
01-23 19:31:53.885  1475  5637 I chatty  : uid=1041(audioserver) /system/bin/audioserver expire 1 line
01-23 19:31:53.886  1475  1475 I chatty  : uid=1041(audioserver) /system/bin/audioserver expire 3 lines
01-23 19:31:53.887  2279  3945 E ActivityThread: Failed to find provider info for com.google.android.apps.gsa.testing.ui.audio.recorded
01-23 19:31:57.668  1623  1684 I ActivityManager: Killing 2654:com.android.printspooler/u0a68 (adj 906): empty for 1857s
01-23 19:31:57.671  1623  1637 E memtrack: Couldn't load memtrack module
01-23 19:31:57.671  1623  1637 W android.os.Debug: failed to get memory consumption info: -1
01-23 19:31:57.687  1623  1637 E memtrack: Couldn't load memtrack module
01-23 19:31:57.687  1623  1637 W android.os.Debug: failed to get memory consumption info: -1
01-23 19:31:57.710  1623  1637 E memtrack: Couldn't load memtrack module
01-23 19:31:57.710  1623  1637 W android.os.Debug: failed to get memory consumption info: -1
01-23 19:31:57.722  1623  1637 E memtrack: Couldn't load memtrack module
01-23 19:31:57.722  1623  1637 W android.os.Debug: failed to get memory consumption info: -1
01-23 19:31:58.917  1475  5127 I chatty  : uid=1041(audioserver) Binder:1475_9 expire 6 lines
01-23 19:31:58.917  2279  3945 I chatty  : uid=10030(u0_a30) UserFacing4 expire 11 lines
01-23 19:31:58.917  1475  5647 I chatty  : uid=1041(audioserver) /system/bin/audioserver expire 1 line
01-23 19:31:58.919  2279  3945 E ActivityThread: Failed to find provider info for com.google.android.apps.gsa.testing.ui.audio.recorded
01-23 19:31:58.919  2279  2279 I chatty  : uid=10030(u0_a30) com.google.android.googlequicksearchbox:search expire 7 lines
01-23 19:31:58.937  2279  3966 I chatty  : uid=10030(u0_a30) NonUserFacing4 expire 1 line
01-23 19:32:00.010  1623  1637 E memtrack: Couldn't load memtrack module
01-23 19:32:00.010  1623  1637 W android.os.Debug: failed to get memory consumption info: -1
01-23 19:32:00.026  1392  1409 D hwcomposer: hw_composer sent 8 syncs in 60s
01-23 19:32:03.947  2279  2343 I chatty  : uid=10030(u0_a30) NonUserFacing0 expire 1 line
01-23 19:32:03.950  1475  5652 I chatty  : uid=1041(audioserver) /system/bin/audioserver expire 1 line
01-23 19:32:03.955  2279  2279 I chatty  : uid=10030(u0_a30) com.google.android.googlequicksearchbox:search expire 7 lines
01-23 19:32:03.958  2279  2343 I chatty  : uid=10030(u0_a30) NonUserFacing0 expire 4 lines
01-23 19:32:03.958  2279  2580 I chatty  : uid=10030(u0_a30) HotwordDetector expire 1 line
01-23 19:32:03.959  2279  3966 I chatty  : uid=10030(u0_a30) NonUserFacing4 expire 1 line
01-23 19:32:08.972  2279  2576 I chatty  : uid=10030(u0_a30) NonUserFacing3 expire 1 line
01-23 19:32:08.974  2279  3945 I chatty  : uid=10030(u0_a30) UserFacing4 expire 6 lines
01-23 19:32:08.976  1475  5656 I chatty  : uid=1041(audioserver) /system/bin/audioserver expire 1 line
01-23 19:32:08.977  1475  5127 I chatty  : uid=1041(audioserver) Binder:1475_9 expire 3 lines
01-23 19:32:08.981  2279  2279 I chatty  : uid=10030(u0_a30) com.google.android.googlequicksearchbox:search expire 7 lines
01-23 19:32:08.984  2279  2576 I chatty  : uid=10030(u0_a30) NonUserFacing3 expire 4 lines
01-23 19:32:08.984  2279  2580 I chatty  : uid=10030(u0_a30) HotwordDetector expire 1 line
01-23 19:32:08.985  2279  3966 I chatty  : uid=10030(u0_a30) NonUserFacing4 expire 1 line
01-23 19:32:13.996  2279  2343 I chatty  : uid=10030(u0_a30) NonUserFacing0 expire 1 line
01-23 19:32:13.997  2279  3945 I chatty  : uid=10030(u0_a30) UserFacing4 expire 6 lines
01-23 19:32:14.000  1475  5660 I chatty  : uid=1041(audioserver) /system/bin/audioserver expire 1 line
01-23 19:32:14.002  1475  1475 I chatty  : uid=1041(audioserver) /system/bin/audioserver expire 3 lines
01-23 19:32:14.005  2279  2279 I chatty  : uid=10030(u0_a30) com.google.android.googlequicksearchbox:search expire 14 lines
01-23 19:32:14.007  2279  2343 I chatty  : uid=10030(u0_a30) NonUserFacing0 expire 4 lines
01-23 19:32:14.008  2279  2580 I chatty  : uid=10030(u0_a30) HotwordDetector expire 5 lines
01-23 19:32:14.010  2279  3966 I chatty  : uid=10030(u0_a30) NonUserFacing4 expire 12 lines
01-23 19:32:19.018  2279  3945 I chatty  : uid=10030(u0_a30) UserFacing4 expire 13 lines
01-23 19:32:19.019  1475  5666 I chatty  : uid=1041(audioserver) /system/bin/audioserver expire 1 line
01-23 19:32:19.020  1475  5127 I chatty  : uid=1041(audioserver) Binder:1475_9 expire 6 lines
01-23 19:32:19.028  2279  2576 I chatty  : uid=10030(u0_a30) NonUserFacing3 expire 4 lines
01-23 19:32:24.038  2279  2343 I chatty  : uid=10030(u0_a30) NonUserFacing0 expire 10 lines
01-23 19:32:24.041  1475  5670 I chatty  : uid=1041(audioserver) /system/bin/audioserver expire 1 line
01-23 19:32:24.046  2279  2279 I chatty  : uid=10030(u0_a30) com.google.android.googlequicksearchbox:search expire 14 lines
01-23 19:32:29.067  1475  5674 I chatty  : uid=1041(audioserver) /system/bin/audioserver expire 1 line
01-23 19:32:29.068  1475  5127 I chatty  : uid=1041(audioserver) Binder:1475_9 expire 3 lines
01-23 19:32:29.068  2279  3945 I chatty  : uid=10030(u0_a30) UserFacing4 expire 12 lines
01-23 19:32:34.106  1475  5679 I chatty  : uid=1041(audioserver) /system/bin/audioserver expire 1 line
01-23 19:32:34.107  1475  1475 I chatty  : uid=1041(audioserver) /system/bin/audioserver expire 3 lines
01-23 19:32:34.109  2279  3945 I chatty  : uid=10030(u0_a30) UserFacing4 identical 7 lines
01-23 19:32:34.110  2279  2279 I chatty  : uid=10030(u0_a30) com.google.android.googlequicksearchbox:search expire 7 lines
01-23 19:32:39.156  1475  5539 I chatty  : uid=1041(audioserver) Binder:1475_B expire 3 lines
01-23 19:32:39.156  2279  3945 I chatty  : uid=10030(u0_a30) UserFacing4 expire 11 lines
01-23 19:32:39.156  1475  5686 I chatty  : uid=1041(audioserver) /system/bin/audioserver expire 1 line
01-23 19:32:39.158  2279  3945 E ActivityThread: Failed to find provider info for com.google.android.apps.gsa.testing.ui.audio.recorded
01-23 19:32:39.158  2279  2279 I chatty  : uid=10030(u0_a30) com.google.android.googlequicksearchbox:search expire 7 lines
01-23 19:32:39.167  2279  2576 I chatty  : uid=10030(u0_a30) NonUserFacing3 expire 4 lines
01-23 19:32:39.167  2279  2580 I chatty  : uid=10030(u0_a30) HotwordDetector expire 1 line
01-23 19:32:39.169  2279  3966 I chatty  : uid=10030(u0_a30) NonUserFacing4 expire 1 line
01-23 19:32:39.607  1623  1641 E BatteryStatsService: modem info is invalid: ModemActivityInfo{ mTimestamp=0 mSleepTimeMs=0 mIdleTimeMs=0 mTxTimeMs[]=[0, 0, 0, 0, 0] mRxTimeMs=0 mEnergyUsed=0}
01-23 19:32:44.174  2279  2343 I chatty  : uid=10030(u0_a30) NonUserFacing0 expire 1 line
01-23 19:32:44.176  1475  1475 I chatty  : uid=1041(audioserver) /system/bin/audioserver expire 3 lines
01-23 19:32:44.176  1475  5691 I chatty  : uid=1041(audioserver) /system/bin/audioserver expire 1 line
01-23 19:32:44.179  2279  3945 E ActivityThread: Failed to find provider info for com.google.android.apps.gsa.testing.ui.audio.recorded
01-23 19:32:44.179  2279  2279 I chatty  : uid=10030(u0_a30) com.google.android.googlequicksearchbox:search expire 7 lines
01-23 19:32:44.205  2279  2343 I chatty  : uid=10030(u0_a30) NonUserFacing0 expire 4 lines
01-23 19:32:44.206  2279  2580 I chatty  : uid=10030(u0_a30) HotwordDetector expire 1 line
01-23 19:32:44.207  2279  3966 I chatty  : uid=10030(u0_a30) NonUserFacing4 expire 2 lines
01-23 19:32:49.216  2279  3945 I chatty  : uid=10030(u0_a30) UserFacing4 expire 6 lines
01-23 19:32:49.219  1475  5539 I chatty  : uid=1041(audioserver) Binder:1475_B expire 6 lines
01-23 19:32:49.220  1475  5696 I chatty  : uid=1041(audioserver) /system/bin/audioserver expire 1 line
01-23 19:32:49.224  2279  2279 I chatty  : uid=10030(u0_a30) com.google.android.googlequicksearchbox:search expire 14 lines
01-23 19:32:49.227  2279  3966 I chatty  : uid=10030(u0_a30) NonUserFacing4 expire 4 lines
01-23 19:32:49.228  2279  2580 I chatty  : uid=10030(u0_a30) HotwordDetector expire 5 lines
01-23 19:32:49.229  2279  2343 I chatty  : uid=10030(u0_a30) NonUserFacing0 expire 12 lines
01-23 19:32:54.237  2279  2576 I chatty  : uid=10030(u0_a30) NonUserFacing3 expire 7 lines
01-23 19:32:54.237  2279  3945 I chatty  : uid=10030(u0_a30) UserFacing4 expire 13 lines
01-23 19:32:54.240  1475  5700 I chatty  : uid=1041(audioserver) /system/bin/audioserver expire 1 line
01-23 19:32:49.224  2279  3945 I chatty  : uid=10030(u0_a30) UserFacing4 identical 1 line
01-23 19:32:54.245  2279  3945 E ActivityThread: Failed to find provider info for com.google.android.apps.gsa.testing.ui.audio.recorded
01-23 19:32:55.250  1623  1641 E BatteryStatsService: modem info is invalid: ModemActivityInfo{ mTimestamp=0 mSleepTimeMs=0 mIdleTimeMs=0 mTxTimeMs[]=[0, 0, 0, 0, 0] mRxTimeMs=0 mEnergyUsed=0}
01-23 19:32:59.267  1475  5708 I chatty  : uid=1041(audioserver) /system/bin/audioserver expire 1 line
01-23 19:32:59.269  1475  5539 I chatty  : uid=1041(audioserver) Binder:1475_B expire 6 lines
01-23 19:32:59.271  2279  3945 E ActivityThread: Failed to find provider info for com.google.android.apps.gsa.testing.ui.audio.recorded
01-23 19:32:59.271  2279  2279 I chatty  : uid=10030(u0_a30) com.google.android.googlequicksearchbox:search expire 14 lines
01-23 19:33:00.005  1623  1637 E memtrack: Couldn't load memtrack module
01-23 19:33:00.005  1623  1637 W android.os.Debug: failed to get memory consumption info: -1
01-23 19:33:00.022  1392  1409 D hwcomposer: hw_composer sent 6 syncs in 60s
01-23 19:33:00.034  1623  1637 E memtrack: Couldn't load memtrack module
01-23 19:33:00.034  1623  1637 W android.os.Debug: failed to get memory consumption info: -1
01-23 19:33:00.062  1623  1637 E memtrack: Couldn't load memtrack module
01-23 19:33:00.062  1623  1637 W android.os.Debug: failed to get memory consumption info: -1
01-23 19:33:02.780  1623  1637 E memtrack: Couldn't load memtrack module
01-23 19:33:02.780  1623  1637 W android.os.Debug: failed to get memory consumption info: -1
01-23 19:33:04.289  2279  3966 I chatty  : uid=10030(u0_a30) NonUserFacing4 expire 5 lines
01-23 19:33:04.292  1475  5712 I chatty  : uid=1041(audioserver) /system/bin/audioserver expire 1 line
01-23 19:33:04.305  2279  3945 I chatty  : uid=10030(u0_a30) UserFacing4 expire 11 lines
01-23 19:33:09.325  1475  5716 I chatty  : uid=1041(audioserver) /system/bin/audioserver expire 1 line
01-23 19:33:09.328  1475  4074 I chatty  : uid=1041(audioserver) Binder:1475_5 expire 6 lines
01-23 19:33:09.331  2279  2279 I chatty  : uid=10030(u0_a30) com.google.android.googlequicksearchbox:search expire 8 lines
01-23 19:33:09.336  2279  3966 I chatty  : uid=10030(u0_a30) NonUserFacing4 expire 1 line
01-23 19:33:14.347  2279  2576 I chatty  : uid=10030(u0_a30) NonUserFacing3 expire 3 lines
01-23 19:33:14.348  2279  3945 I chatty  : uid=10030(u0_a30) UserFacing4 expire 6 lines
01-23 19:33:14.349  1475  5720 I chatty  : uid=1041(audioserver) /system/bin/audioserver expire 1 line
01-23 19:33:14.379  2279  2580 I chatty  : uid=10030(u0_a30) HotwordDetector expire 1 line
01-23 19:33:14.379  2279  2576 I chatty  : uid=10030(u0_a30) NonUserFacing3 expire 2 lines
01-23 19:33:14.380  2279  2279 I chatty  : uid=10030(u0_a30) com.google.android.googlequicksearchbox:search expire 7 lines
01-23 19:33:14.381  2279  3966 I chatty  : uid=10030(u0_a30) NonUserFacing4 expire 4 lines
01-23 19:33:19.392  2279  3945 I chatty  : uid=10030(u0_a30) UserFacing4 expire 6 lines
01-23 19:33:19.397  1475  4074 I chatty  : uid=1041(audioserver) Binder:1475_5 expire 4 lines
01-23 19:33:19.399  1475  5726 I chatty  : uid=1041(audioserver) /system/bin/audioserver expire 1 line
01-23 19:33:19.406  2279  2580 I chatty  : uid=10030(u0_a30) HotwordDetector expire 1 line
01-23 19:33:19.406  2279  3966 I chatty  : uid=10030(u0_a30) NonUserFacing4 expire 5 lines
01-23 19:33:19.407  2279  2279 I chatty  : uid=10030(u0_a30) com.google.android.googlequicksearchbox:search expire 7 lines
01-23 19:33:19.408  2279  2343 I chatty  : uid=10030(u0_a30) NonUserFacing0 expire 1 line
01-23 19:33:24.422  2279  3945 I chatty  : uid=10030(u0_a30) UserFacing4 expire 13 lines
01-23 19:33:24.424  1475  5730 I chatty  : uid=1041(audioserver) /system/bin/audioserver expire 1 line
01-23 19:33:24.425  1475  4074 I chatty  : uid=1041(audioserver) Binder:1475_5 expire 2 lines
01-23 19:33:24.432  2279  2580 I chatty  : uid=10030(u0_a30) HotwordDetector expire 5 lines
01-23 19:33:24.432  2279  3966 I chatty  : uid=10030(u0_a30) NonUserFacing4 expire 6 lines
01-23 19:33:24.433  2279  2279 I chatty  : uid=10030(u0_a30) com.google.android.googlequicksearchbox:search expire 13 lines
01-23 19:33:24.434  2279  2343 I chatty  : uid=10030(u0_a30) NonUserFacing0 expire 11 lines
01-23 19:33:29.448  1475  5734 I chatty  : uid=1041(audioserver) /system/bin/audioserver expire 1 line
01-23 19:33:29.450  1475  5539 I chatty  : uid=1041(audioserver) Binder:1475_B expire 3 lines
01-23 19:33:34.478  2279  2576 I chatty  : uid=10030(u0_a30) NonUserFacing3 expire 10 lines
01-23 19:33:34.482  1475  5738 I chatty  : uid=1041(audioserver) /system/bin/audioserver expire 1 line
01-23 19:33:34.483  1475  4074 I chatty  : uid=1041(audioserver) Binder:1475_5 expire 3 lines
01-23 19:33:34.484  2279  3945 I chatty  : uid=10030(u0_a30) UserFacing4 expire 12 lines
01-23 19:33:34.486  2279  2279 I chatty  : uid=10030(u0_a30) com.google.android.googlequicksearchbox:search expire 14 lines
01-23 19:33:39.513  1475  5745 I chatty  : uid=1041(audioserver) /system/bin/audioserver expire 1 line
01-23 19:33:39.513  1475  5539 I chatty  : uid=1041(audioserver) Binder:1475_B expire 3 lines
01-23 19:33:44.538  1475  5749 I chatty  : uid=1041(audioserver) /system/bin/audioserver expire 1 line
01-23 19:33:44.540  1475  5539 I chatty  : uid=1041(audioserver) Binder:1475_B expire 7 lines
01-23 19:33:44.540  2279  3945 I chatty  : uid=10030(u0_a30) UserFacing4 expire 17 lines
01-23 19:33:44.543  2279  2279 I chatty  : uid=10030(u0_a30) com.google.android.googlequicksearchbox:search expire 14 lines
01-23 19:33:49.586  2279  2343 I chatty  : uid=10030(u0_a30) NonUserFacing0 expire 5 lines
01-23 19:33:49.587  1475  5754 I chatty  : uid=1041(audioserver) /system/bin/audioserver expire 1 line
01-23 19:33:49.595  2279  2580 I chatty  : uid=10030(u0_a30) HotwordDetector expire 1 line
01-23 19:33:49.596  2279  3966 I chatty  : uid=10030(u0_a30) NonUserFacing4 expire 1 line
01-23 19:33:54.605  2279  2576 I chatty  : uid=10030(u0_a30) NonUserFacing3 expire 1 line
01-23 19:33:54.606  1475  5758 I chatty  : uid=1041(audioserver) /system/bin/audioserver expire 1 line
01-23 19:33:54.608  1475  5539 I chatty  : uid=1041(audioserver) Binder:1475_B expire 5 lines
01-23 19:33:54.610  2279  2279 I chatty  : uid=10030(u0_a30) com.google.android.googlequicksearchbox:search expire 7 lines
01-23 19:33:54.614  2279  2576 I chatty  : uid=10030(u0_a30) NonUserFacing3 expire 4 lines
01-23 19:33:54.615  2279  2580 I chatty  : uid=10030(u0_a30) HotwordDetector expire 1 line
01-23 19:33:54.617  2279  3966 I chatty  : uid=10030(u0_a30) NonUserFacing4 expire 2 lines
01-23 19:33:59.634  2279  3945 I chatty  : uid=10030(u0_a30) UserFacing4 expire 6 lines
01-23 19:33:59.635  1475  5767 I chatty  : uid=1041(audioserver) /system/bin/audioserver expire 1 line
01-23 19:33:59.639  2279  2279 I chatty  : uid=10030(u0_a30) com.google.android.googlequicksearchbox:search expire 14 lines
01-23 19:33:59.642  2279  3966 I chatty  : uid=10030(u0_a30) NonUserFacing4 expire 11 lines
01-23 19:33:59.643  2279  2580 I chatty  : uid=10030(u0_a30) HotwordDetector expire 5 lines
01-23 19:33:59.646  2279  2343 I chatty  : uid=10030(u0_a30) NonUserFacing0 expire 11 lines
01-23 19:34:00.011  1623  1637 E memtrack: Couldn't load memtrack module
01-23 19:34:00.011  1623  1637 W android.os.Debug: failed to get memory consumption info: -1
01-23 19:34:00.023  1392  1409 D hwcomposer: hw_composer sent 4 syncs in 60s
01-23 19:34:04.658  2279  3945 I chatty  : uid=10030(u0_a30) UserFacing4 expire 13 lines
01-23 19:34:04.660  1475  5771 I chatty  : uid=1041(audioserver) /system/bin/audioserver expire 1 line
01-23 19:34:04.663  1475  5539 I chatty  : uid=1041(audioserver) Binder:1475_B expire 3 lines
01-23 19:34:04.693  2279  2576 I chatty  : uid=10030(u0_a30) NonUserFacing3 expire 6 lines
01-23 19:33:59.639  2279  3945 I chatty  : uid=10030(u0_a30) UserFacing4 identical 12 lines
01-23 19:34:04.665  2279  3945 E ActivityThread: Failed to find provider info for com.google.android.apps.gsa.testing.ui.audio.recorded
