--------- beginning of main
01-23 19:12:32.495  2279  3966 I chatty  : uid=10030(u0_a30) NonUserFacing4 expire 5 lines
01-23 19:12:32.499  1475  4420 I chatty  : uid=1041(audioserver) /system/bin/audioserver expire 1 line
01-23 19:12:32.502  1475  1528 I chatty  : uid=1041(audioserver) Binder:1475_2 expire 6 lines
01-23 19:12:32.502  2279  3945 I chatty  : uid=10030(u0_a30) UserFacing4 expire 11 lines
01-23 19:12:32.510  2279  2343 I chatty  : uid=10030(u0_a30) NonUserFacing0 expire 3 lines
01-23 19:12:32.510  2279  2279 I chatty  : uid=10030(u0_a30) com.google.android.googlequicksearchbox:search expire 7 lines
01-23 19:12:37.522  1475  4427 I chatty  : uid=1041(audioserver) /system/bin/audioserver expire 1 line
01-23 19:12:37.530  2279  2343 I chatty  : uid=10030(u0_a30) NonUserFacing0 expire 3 lines
01-23 19:12:37.530  2279  2580 I chatty  : uid=10030(u0_a30) HotwordDetector expire 1 line
01-23 19:12:37.532  2279  2279 I chatty  : uid=10030(u0_a30) com.google.android.googlequicksearchbox:search expire 7 lines
01-23 19:12:37.532  2279  3966 I chatty  : uid=10030(u0_a30) NonUserFacing4 expire 1 line
01-23 19:12:42.546  2279  2576 I chatty  : uid=10030(u0_a30) NonUserFacing3 expire 1 line
01-23 19:12:42.546  2279  3945 I chatty  : uid=10030(u0_a30) UserFacing4 expire 6 lines
01-23 19:12:42.550  1475  4431 I chatty  : uid=1041(audioserver) /system/bin/audioserver expire 1 line
01-23 19:12:42.551  1475  4074 I chatty  : uid=1041(audioserver) Binder:1475_5 expire 3 lines
01-23 19:12:42.559  2279  2576 I chatty  : uid=10030(u0_a30) NonUserFacing3 expire 4 lines
01-23 19:12:42.559  2279  2580 I chatty  : uid=10030(u0_a30) HotwordDetector expire 1 line
01-23 19:12:42.561  2279  2279 I chatty  : uid=10030(u0_a30) com.google.android.googlequicksearchbox:search expire 6 lines
01-23 19:12:42.561  2279  3966 I chatty  : uid=10030(u0_a30) NonUserFacing4 expire 2 lines
01-23 19:12:47.574  2279  3945 I chatty  : uid=10030(u0_a30) UserFacing4 expire 6 lines
01-23 19:12:47.575  1475  4435 I chatty  : uid=1041(audioserver) /system/bin/audioserver expire 1 line
01-23 19:12:47.576  1475  3512 I chatty  : uid=1041(audioserver) Binder:1475_3 expire 5 lines
01-23 19:12:47.579  2279  2279 I chatty  : uid=10030(u0_a30) com.google.android.googlequicksearchbox:search expire 7 lines
01-23 19:12:47.581  2279  3966 I chatty  : uid=10030(u0_a30) NonUserFacing4 expire 4 lines
01-23 19:12:47.582  2279  2580 I chatty  : uid=10030(u0_a30) HotwordDetector expire 1 line
01-23 19:12:47.584  2279  2576 I chatty  : uid=10030(u0_a30) NonUserFacing3 expire 2 lines
01-23 19:12:52.596  2279  3945 I chatty  : uid=10030(u0_a30) UserFacing4 expire 6 lines
01-23 19:12:52.597  1475  4439 I chatty  : uid=1041(audioserver) /system/bin/audioserver expire 1 line
01-23 19:12:52.597  1475  3512 I chatty  : uid=1041(audioserver) Binder:1475_3 expire 1 line
01-23 19:12:52.599  2279  2279 I chatty  : uid=10030(u0_a30) com.google.android.googlequicksearchbox:search expire 7 lines
01-23 19:12:52.603  2279  2576 I chatty  : uid=10030(u0_a30) NonUserFacing3 expire 4 lines
01-23 19:12:52.603  2279  2580 I chatty  : uid=10030(u0_a30) HotwordDetector expire 1 line
01-23 19:12:52.605  2279  3966 I chatty  : uid=10030(u0_a30) NonUserFacing4 expire 1 line
01-23 19:12:57.615  2279  2343 I chatty  : uid=10030(u0_a30) NonUserFacing0 expire 1 line
01-23 19:12:57.618  2279  3945 I chatty  : uid=10030(u0_a30) UserFacing4 expire 6 lines
01-23 19:12:57.622  1475  4074 I chatty  : uid=1041(audioserver) Binder:1475_5 expire 4 lines
01-23 19:12:57.623  1475  4445 I chatty  : uid=1041(audioserver) /system/bin/audioserver expire 1 line
01-23 19:12:57.626  2279  2279 I chatty  : uid=10030(u0_a30) com.google.android.googlequicksearchbox:search expire 14 lines
01-23 19:12:57.631  2279  2343 I chatty  : uid=10030(u0_a30) NonUserFacing0 expire 4 lines
01-23 19:12:57.637  2279  2580 I chatty  : uid=10030(u0_a30) HotwordDetector expire 6 lines
01-23 19:12:57.642  2279  3966 I chatty  : uid=10030(u0_a30) NonUserFacing4 expire 9 lines
01-23 19:12:57.691  1623  1637 E memtrack: Couldn't load memtrack module
01-23 19:12:57.691  1623  1637 W android.os.Debug: failed to get memory consumption info: -1
01-23 19:13:00.020  1392  1409 D hwcomposer: hw_composer sent 5 syncs in 60s
01-23 19:13:00.029  1734  1734 I zygote  : Deoptimizing void com.android.systemui.statusbar.ActivatableNotificationView.setOverrideTintColor(int, float) due to JIT inline cache
01-23 19:13:02.652  2279  3945 I chatty  : uid=10030(u0_a30) UserFacing4 expire 13 lines
01-23 19:13:02.655  1475  4455 I chatty  : uid=1041(audioserver) /system/bin/audioserver expire 1 line
01-23 19:13:02.657  1475  4074 I chatty  : uid=1041(audioserver) Binder:1475_5 expire 5 lines
01-23 19:13:02.664  2279  2576 I chatty  : uid=10030(u0_a30) NonUserFacing3 expire 11 lines
01-23 19:13:07.679  1475  4459 I chatty  : uid=1041(audioserver) /system/bin/audioserver expire 1 line
01-23 19:13:07.683  2279  2279 I chatty  : uid=10030(u0_a30) com.google.android.googlequicksearchbox:search expire 14 lines
01-23 19:13:12.708  2279  2343 I chatty  : uid=10030(u0_a30) NonUserFacing0 expire 10 lines
01-23 19:13:12.710  1475  4463 I chatty  : uid=1041(audioserver) /system/bin/audioserver expire 1 line
01-23 19:13:12.712  1475  4074 I chatty  : uid=1041(audioserver) Binder:1475_5 expire 3 lines
01-23 19:13:12.713  2279  3945 I chatty  : uid=10030(u0_a30) UserFacing4 expire 12 lines
01-23 19:13:17.744  1475  4469 I chatty  : uid=1041(audioserver) /system/bin/audioserver expire 1 line
01-23 19:13:17.745  1475  1528 I chatty  : uid=1041(audioserver) Binder:1475_2 expire 5 lines
01-23 19:13:17.747  2279  2279 I chatty  : uid=10030(u0_a30) com.google.android.googlequicksearchbox:search expire 8 lines
01-23 19:13:22.779  1475  4473 I chatty  : uid=1041(audioserver) /system/bin/audioserver expire 1 line
01-23 19:13:22.781  1475  1528 I chatty  : uid=1041(audioserver) Binder:1475_2 expire 4 lines
01-23 19:13:22.781  2279  3945 I chatty  : uid=10030(u0_a30) UserFacing4 expire 11 lines
01-23 19:13:22.802  2279  2279 I chatty  : uid=10030(u0_a30) com.google.android.googlequicksearchbox:search expire 7 lines
01-23 19:13:22.803  2279  3966 I chatty  : uid=10030(u0_a30) NonUserFacing4 expire 6 lines
01-23 19:13:27.817  1475  4477 I chatty  : uid=1041(audioserver) /system/bin/audioserver expire 1 line
01-23 19:13:27.826  2279  2580 I chatty  : uid=10030(u0_a30) HotwordDetector expire 1 line
01-23 19:13:27.829  2279  2279 I chatty  : uid=10030(u0_a30) com.google.android.googlequicksearchbox:search expire 7 lines
01-23 19:13:27.829  2279  2343 I chatty  : uid=10030(u0_a30) NonUserFacing0 expire 1 line
01-23 19:13:32.841  2279  3966 I chatty  : uid=10030(u0_a30) NonUserFacing4 expire 1 line
01-23 19:13:32.845  2279  3945 I chatty  : uid=10030(u0_a30) UserFacing4 expire 6 lines
01-23 19:13:32.847  1475  1528 I chatty  : uid=1041(audioserver) Binder:1475_2 expire 2 lines
01-23 19:13:32.847  1475  4481 I chatty  : uid=1041(audioserver) /system/bin/audioserver expire 1 line
01-23 19:13:32.847  1475  1528 I chatty  : uid=1041(audioserver) Binder:1475_2 expire 1 line
01-23 19:13:32.856  2279  3966 I chatty  : uid=10030(u0_a30) NonUserFacing4 expire 4 lines
01-23 19:13:32.857  2279  2580 I chatty  : uid=10030(u0_a30) HotwordDetector expire 1 line
01-23 19:13:32.858  2279  2279 I chatty  : uid=10030(u0_a30) com.google.android.googlequicksearchbox:search expire 7 lines
01-23 19:13:32.859  2279  2343 I chatty  : uid=10030(u0_a30) NonUserFacing0 expire 2 lines
01-23 19:13:37.872  2279  3945 I chatty  : uid=10030(u0_a30) UserFacing4 expire 6 lines
01-23 19:13:37.873  1475  4488 I chatty  : uid=1041(audioserver) /system/bin/audioserver expire 1 line
01-23 19:13:37.874  1475  4074 I chatty  : uid=1041(audioserver) Binder:1475_5 expire 6 lines
01-23 19:13:37.880  2279  2343 I chatty  : uid=10030(u0_a30) NonUserFacing0 expire 4 lines
01-23 19:13:37.881  2279  2580 I chatty  : uid=10030(u0_a30) HotwordDetector expire 1 line
01-23 19:13:37.882  2279  2279 I chatty  : uid=10030(u0_a30) com.google.android.googlequicksearchbox:search expire 6 lines
01-23 19:13:37.883  2279  3966 I chatty  : uid=10030(u0_a30) NonUserFacing4 expire 2 lines
01-23 19:13:42.896  2279  3945 I chatty  : uid=10030(u0_a30) UserFacing4 expire 6 lines
01-23 19:13:42.898  1475  4492 I chatty  : uid=1041(audioserver) /system/bin/audioserver expire 1 line
01-23 19:13:42.902  2279  2279 I chatty  : uid=10030(u0_a30) com.google.android.googlequicksearchbox:search expire 7 lines
01-23 19:13:42.906  2279  3966 I chatty  : uid=10030(u0_a30) NonUserFacing4 expire 5 lines
01-23 19:13:42.907  2279  2580 I chatty  : uid=10030(u0_a30) HotwordDetector expire 1 line
01-23 19:13:42.908  2279  2576 I chatty  : uid=10030(u0_a30) NonUserFacing3 expire 1 line
01-23 19:13:47.920  2279  3945 I chatty  : uid=10030(u0_a30) UserFacing4 expire 6 lines
01-23 19:13:47.921  1475  4496 I chatty  : uid=1041(audioserver) /system/bin/audioserver expire 1 line
01-23 19:13:47.922  1475  4074 I chatty  : uid=1041(audioserver) Binder:1475_5 expire 6 lines
01-23 19:13:47.926  2279  2279 I chatty  : uid=10030(u0_a30) com.google.android.googlequicksearchbox:search expire 14 lines
01-23 19:13:47.928  2279  3966 I chatty  : uid=10030(u0_a30) NonUserFacing4 expire 15 lines
01-23 19:13:47.929  2279  2580 I chatty  : uid=10030(u0_a30) HotwordDetector expire 6 lines
01-23 19:13:47.932  2279  2576 I chatty  : uid=10030(u0_a30) NonUserFacing3 expire 13 lines
01-23 19:13:52.944  2279  3945 I chatty  : uid=10030(u0_a30) UserFacing4 expire 13 lines
01-23 19:13:52.945  1475  4500 I chatty  : uid=1041(audioserver) /system/bin/audioserver expire 1 line
01-23 19:13:57.772  1623  1637 E memtrack: Couldn't load memtrack module
01-23 19:13:57.772  1623  1637 W android.os.Debug: failed to get memory consumption info: -1
01-23 19:13:57.975  1475  4507 I chatty  : uid=1041(audioserver) /system/bin/audioserver expire 1 line
01-23 19:13:57.975  1475  1528 I chatty  : uid=1041(audioserver) Binder:1475_2 expire 3 lines
01-23 19:13:57.979  2279  2279 I chatty  : uid=10030(u0_a30) com.google.android.googlequicksearchbox:search expire 14 lines
01-23 19:14:00.016  1392  1409 D hwcomposer: hw_composer sent 4 syncs in 60s
01-23 19:14:03.000  1475  4511 I chatty  : uid=1041(audioserver) /system/bin/audioserver expire 1 line
01-23 19:14:03.001  1475  4074 I chatty  : uid=1041(audioserver) Binder:1475_5 expire 3 lines
01-23 19:14:03.002  2279  3945 I chatty  : uid=10030(u0_a30) UserFacing4 expire 12 lines
01-23 19:14:03.011  2279  2343 I chatty  : uid=10030(u0_a30) NonUserFacing0 expire 2 lines
01-23 19:14:08.035  1475  4515 I chatty  : uid=1041(audioserver) /system/bin/audioserver expire 1 line
01-23 19:14:08.037  1475  1528 I chatty  : uid=1041(audioserver) Binder:1475_2 expire 6 lines
01-23 19:14:08.040  2279  2279 I chatty  : uid=10030(u0_a30) com.google.android.googlequicksearchbox:search expire 8 lines
01-23 19:14:13.067  1475  4519 I chatty  : uid=1041(audioserver) /system/bin/audioserver expire 1 line
01-23 19:14:13.068  2279  3945 I chatty  : uid=10030(u0_a30) UserFacing4 expire 11 lines
01-23 19:14:13.075  2279  2576 I chatty  : uid=10030(u0_a30) NonUserFacing3 expire 4 lines
01-23 19:14:13.077  2279  2279 I chatty  : uid=10030(u0_a30) com.google.android.googlequicksearchbox:search expire 7 lines
01-23 19:14:13.077  2279  2343 I chatty  : uid=10030(u0_a30) NonUserFacing0 expire 1 line
01-23 19:14:18.082  2279  3966 I chatty  : uid=10030(u0_a30) NonUserFacing4 expire 3 lines
01-23 19:14:18.086  1475  4525 I chatty  : uid=1041(audioserver) /system/bin/audioserver expire 1 line
01-23 19:14:18.089  1475  1528 I chatty  : uid=1041(audioserver) Binder:1475_2 expire 6 lines
01-23 19:14:18.099  2279  2580 I chatty  : uid=10030(u0_a30) HotwordDetector expire 1 line
01-23 19:14:18.099  2279  3966 I chatty  : uid=10030(u0_a30) NonUserFacing4 expire 2 lines
01-23 19:14:18.101  2279  2279 I chatty  : uid=10030(u0_a30) com.google.android.googlequicksearchbox:search expire 7 lines
01-23 19:14:18.102  2279  2343 I chatty  : uid=10030(u0_a30) NonUserFacing0 expire 1 line
01-23 19:14:23.113  2279  2576 I chatty  : uid=10030(u0_a30) NonUserFacing3 expire 1 line
01-23 19:14:23.114  2279  3945 I chatty  : uid=10030(u0_a30) UserFacing4 expire 6 lines
01-23 19:14:23.116  1475  4529 I chatty  : uid=1041(audioserver) /system/bin/audioserver expire 1 line
01-23 19:14:23.121  2279  2576 I chatty  : uid=10030(u0_a30) NonUserFacing3 expire 5 lines
01-23 19:14:23.122  2279  2580 I chatty  : uid=10030(u0_a30) HotwordDetector expire 1 line
01-23 19:14:23.123  2279  2279 I chatty  : uid=10030(u0_a30) com.google.android.googlequicksearchbox:search expire 7 lines
01-23 19:14:23.123  2279  2343 I chatty  : uid=10030(u0_a30) NonUserFacing0 expire 1 line
01-23 19:14:28.134  2279  3945 I chatty  : uid=10030(u0_a30) UserFacing4 expire 6 lines
01-23 19:14:28.136  1475  4533 I chatty  : uid=1041(audioserver) /system/bin/audioserver expire 1 line
01-23 19:14:28.139  1475  3512 I chatty  : uid=1041(audioserver) Binder:1475_3 expire 6 lines
01-23 19:14:28.145  2279  2576 I chatty  : uid=10030(u0_a30) NonUserFacing3 expire 4 lines
01-23 19:14:28.146  2279  2580 I chatty  : uid=10030(u0_a30) HotwordDetector expire 1 line
01-23 19:14:28.148  2279  2279 I chatty  : uid=10030(u0_a30) com.google.android.googlequicksearchbox:search expire 6 lines
01-23 19:14:28.148  2279  2343 I chatty  : uid=10030(u0_a30) NonUserFacing0 expire 1 line
01-23 19:14:33.161  2279  3966 I chatty  : uid=10030(u0_a30) NonUserFacing4 expire 1 line
01-23 19:14:33.161  2279  3945 I chatty  : uid=10030(u0_a30) UserFacing4 expire 6 lines
01-23 19:14:33.165  1475  4537 I chatty  : uid=1041(audioserver) /system/bin/audioserver expire 1 line
01-23 19:14:33.170  2279  2279 I chatty  : uid=10030(u0_a30) com.google.android.googlequicksearchbox:search expire 7 lines
01-23 19:14:33.173  2279  3966 I chatty  : uid=10030(u0_a30) NonUserFacing4 expire 4 lines
01-23 19:14:33.173  2279  2580 I chatty  : uid=10030(u0_a30) HotwordDetector expire 1 line
01-23 19:14:33.175  2279  2343 I chatty  : uid=10030(u0_a30) NonUserFacing0 expire 1 line
01-23 19:14:38.188  2279  2576 I chatty  : uid=10030(u0_a30) NonUserFacing3 expire 1 line
01-23 19:14:38.189  2279  3945 I chatty  : uid=10030(u0_a30) UserFacing4 expire 6 lines
01-23 19:14:38.191  1475  4544 I chatty  : uid=1041(audioserver) /system/bin/audioserver expire 1 line
01-23 19:14:38.192  1475  3512 I chatty  : uid=1041(audioserver) Binder:1475_3 expire 6 lines
01-23 19:14:38.198  2279  2279 I chatty  : uid=10030(u0_a30) com.google.android.googlequicksearchbox:search expire 14 lines
01-23 19:14:38.202  2279  2576 I chatty  : uid=10030(u0_a30) NonUserFacing3 expire 4 lines
01-23 19:14:38.202  2279  2580 I chatty  : uid=10030(u0_a30) HotwordDetector expire 6 lines
01-23 19:14:38.205  2279  2343 I chatty  : uid=10030(u0_a30) NonUserFacing0 expire 11 lines
01-23 19:14:43.222  2279  3945 I chatty  : uid=10030(u0_a30) UserFacing4 expire 13 lines
01-23 19:14:43.223  1475  4549 I chatty  : uid=1041(audioserver) /system/bin/audioserver expire 1 line
01-23 19:14:43.237  2279  3966 I chatty  : uid=10030(u0_a30) NonUserFacing4 expire 2 lines
01-23 19:14:48.253  1475  3512 I chatty  : uid=1041(audioserver) Binder:1475_3 expire 3 lines
01-23 19:14:48.254  1475  4553 I chatty  : uid=1041(audioserver) /system/bin/audioserver expire 1 line
01-23 19:14:48.255  2279  2279 I chatty  : uid=10030(u0_a30) com.google.android.googlequicksearchbox:search expire 14 lines
01-23 19:14:53.271  2279  2576 I chatty  : uid=10030(u0_a30) NonUserFacing3 expire 11 lines
01-23 19:14:53.274  1475  4557 I chatty  : uid=1041(audioserver) /system/bin/audioserver expire 1 line
01-23 19:14:53.276  1475  1528 I chatty  : uid=1041(audioserver) Binder:1475_2 expire 3 lines
01-23 19:14:53.276  2279  3945 I chatty  : uid=10030(u0_a30) UserFacing4 expire 12 lines
01-23 19:14:53.284  2279  2343 I chatty  : uid=10030(u0_a30) NonUserFacing0 expire 3 lines
01-23 19:14:57.836  1623  1637 E memtrack: Couldn't load memtrack module
01-23 19:14:57.836  1623  1637 W android.os.Debug: failed to get memory consumption info: -1
--------- beginning of system
01-23 19:14:48.255  2279  3945 I chatty  : uid=10030(u0_a30) UserFacing4 expire 43 lines
01-23 19:14:53.278  2279  3945 E ActivityThread: Failed to find provider info for com.google.android.apps.gsa.testing.ui.audio.recorded
01-23 19:14:57.930  1623  3396 W ActivityManager: Unable to start service Intent { act=com.android.vending.contentfilters.IContentFiltersService.BIND pkg=com.android.vending } U=0: not found
01-23 19:14:57.930  1623  3396 W ActivityManager: Unbind failed: could not find connection for android.os.BinderProxy@ad27da1
01-23 19:14:57.931  2158  4564 W InstantApps: DomainFilterUpdateChimeraService: Retry later
01-23 19:14:58.297  1475  4569 I chatty  : uid=1041(audioserver) /system/bin/audioserver expire 1 line
01-23 19:14:58.299  1475  4545 I chatty  : uid=1041(audioserver) Binder:1475_6 expire 9 lines
01-23 19:14:58.301  2279  3945 E ActivityThread: Failed to find provider info for com.google.android.apps.gsa.testing.ui.audio.recorded
01-23 19:14:58.301  2279  2279 I chatty  : uid=10030(u0_a30) com.google.android.googlequicksearchbox:search expire 14 lines
01-23 19:15:00.021  1392  1409 D hwcomposer: hw_composer sent 5 syncs in 60s
01-23 19:15:03.322  1475  4574 I chatty  : uid=1041(audioserver) /system/bin/audioserver expire 1 line
01-23 19:15:03.325  2279  3945 I chatty  : uid=10030(u0_a30) UserFacing4 expire 17 lines
01-23 19:15:03.327  2279  3945 E ActivityThread: Failed to find provider info for com.google.android.apps.gsa.testing.ui.audio.recorded
01-23 19:15:03.331  2279  2576 I chatty  : uid=10030(u0_a30) NonUserFacing3 expire 10 lines
01-23 19:15:08.249  1623  1641 E BatteryStatsService: modem info is invalid: ModemActivityInfo{ mTimestamp=0 mSleepTimeMs=0 mIdleTimeMs=0 mTxTimeMs[]=[0, 0, 0, 0, 0] mRxTimeMs=0 mEnergyUsed=0}
01-23 19:15:08.349  1475  4579 I chatty  : uid=1041(audioserver) /system/bin/audioserver expire 1 line
01-23 19:15:08.350  2279  3945 E ActivityThread: Failed to find provider info for com.google.android.apps.gsa.testing.ui.audio.recorded
01-23 19:15:08.350  2279  2279 I chatty  : uid=10030(u0_a30) com.google.android.googlequicksearchbox:search expire 7 lines
01-23 19:15:08.354  2279  2580 I chatty  : uid=10030(u0_a30) HotwordDetector expire 1 line
01-23 19:15:08.356  2279  2343 I chatty  : uid=10030(u0_a30) NonUserFacing0 expire 1 line
01-23 19:15:13.370  1475  4588 I chatty  : uid=1041(audioserver) /system/bin/audioserver expire 1 line
01-23 19:15:13.371  1475  3512 I chatty  : uid=1041(audioserver) Binder:1475_3 expire 3 lines
01-23 19:15:13.374  2279  2279 I chatty  : uid=10030(u0_a30) com.google.android.googlequicksearchbox:search expire 7 lines
01-23 19:15:13.376  2279  2576 I chatty  : uid=10030(u0_a30) NonUserFacing3 expire 5 lines
01-23 19:15:13.377  2279  2580 I chatty  : uid=10030(u0_a30) HotwordDetector expire 1 line
01-23 19:15:13.379  2279  2343 I chatty  : uid=10030(u0_a30) NonUserFacing0 expire 1 line
01-23 19:15:18.404  2279  3945 I chatty  : uid=10030(u0_a30) UserFacing4 expire 6 lines
01-23 19:15:18.405  1475  4595 I chatty  : uid=1041(audioserver) /system/bin/audioserver expire 1 line
01-23 19:15:18.406  1475  1528 I chatty  : uid=1041(audioserver) Binder:1475_2 expire 3 lines
01-23 19:15:18.408  2279  2279 I chatty  : uid=10030(u0_a30) com.google.android.googlequicksearchbox:search expire 7 lines
01-23 19:15:18.412  2279  2576 I chatty  : uid=10030(u0_a30) NonUserFacing3 expire 5 lines
01-23 19:15:18.415  2279  2580 I chatty  : uid=10030(u0_a30) HotwordDetector expire 1 line
01-23 19:15:18.419  2279  2343 I chatty  : uid=10030(u0_a30) NonUserFacing0 expire 1 line
01-23 19:15:23.432  2279  3945 I chatty  : uid=10030(u0_a30) UserFacing4 expire 6 lines
01-23 19:15:23.434  1475  4599 I chatty  : uid=1041(audioserver) /system/bin/audioserver expire 1 line
01-23 19:15:23.435  1475  3512 I chatty  : uid=1041(audioserver) Binder:1475_3 expire 3 lines
01-23 19:15:23.438  2279  2279 I chatty  : uid=10030(u0_a30) com.google.android.googlequicksearchbox:search expire 14 lines
01-23 19:15:23.440  2279  2576 I chatty  : uid=10030(u0_a30) NonUserFacing3 expire 4 lines
01-23 19:15:23.441  2279  2580 I chatty  : uid=10030(u0_a30) HotwordDetector expire 6 lines
01-23 19:15:23.443  2279  2343 I chatty  : uid=10030(u0_a30) NonUserFacing0 expire 9 lines
01-23 19:15:18.408  2279  3945 I chatty  : uid=10030(u0_a30) UserFacing4 identical 2 lines
01-23 19:15:23.437  2279  3945 E ActivityThread: Failed to find provider info for com.google.android.apps.gsa.testing.ui.audio.recorded
01-23 19:15:24.988  1623  1641 E BatteryStatsService: modem info is invalid: ModemActivityInfo{ mTimestamp=0 mSleepTimeMs=0 mIdleTimeMs=0 mTxTimeMs[]=[0, 0, 0, 0, 0] mRxTimeMs=0 mEnergyUsed=0}
01-23 19:15:28.458  2279  3945 I chatty  : uid=10030(u0_a30) UserFacing4 expire 13 lines
01-23 19:15:28.461  1475  4545 I chatty  : uid=1041(audioserver) Binder:1475_6 expire 4 lines
01-23 19:15:28.461  1475  4604 I chatty  : uid=1041(audioserver) /system/bin/audioserver expire 1 line
01-23 19:15:28.463  2279  3945 E ActivityThread: Failed to find provider info for com.google.android.apps.gsa.testing.ui.audio.recorded
01-23 19:15:28.475  2279  2576 I chatty  : uid=10030(u0_a30) NonUserFacing3 expire 11 lines
01-23 19:15:33.483  1475  4608 I chatty  : uid=1041(audioserver) /system/bin/audioserver expire 1 line
01-23 19:15:33.484  1475  4545 I chatty  : uid=1041(audioserver) Binder:1475_6 expire 5 lines
01-23 19:15:33.488  2279  2279 I chatty  : uid=10030(u0_a30) com.google.android.googlequicksearchbox:search expire 14 lines
01-23 19:15:38.501  2279  3966 I chatty  : uid=10030(u0_a30) NonUserFacing4 expire 8 lines
01-23 19:15:38.506  2279  3945 I chatty  : uid=10030(u0_a30) UserFacing4 expire 12 lines
01-23 19:15:38.506  1475  4615 I chatty  : uid=1041(audioserver) /system/bin/audioserver expire 1 line
01-23 19:15:43.531  1475  1528 I chatty  : uid=1041(audioserver) Binder:1475_2 expire 3 lines
01-23 19:15:43.531  1475  4619 I chatty  : uid=1041(audioserver) /system/bin/audioserver expire 1 line
01-23 19:15:43.534  2279  2279 I chatty  : uid=10030(u0_a30) com.google.android.googlequicksearchbox:search expire 8 lines
01-23 19:15:48.560  1475  4623 I chatty  : uid=1041(audioserver) /system/bin/audioserver expire 1 line
01-23 19:15:48.562  1475  4545 I chatty  : uid=1041(audioserver) Binder:1475_6 expire 3 lines
01-23 19:15:48.562  2279  3945 I chatty  : uid=10030(u0_a30) UserFacing4 expire 11 lines
01-23 19:15:48.568  2279  3966 I chatty  : uid=10030(u0_a30) NonUserFacing4 expire 2 lines
01-23 19:15:48.573  2279  2279 I chatty  : uid=10030(u0_a30) com.google.android.googlequicksearchbox:search expire 7 lines
01-23 19:15:48.574  2279  2343 I chatty  : uid=10030(u0_a30) NonUserFacing0 expire 1 line
01-23 19:15:53.585  2279  2576 I chatty  : uid=10030(u0_a30) NonUserFacing3 expire 2 lines
01-23 19:15:53.588  1475  4627 I chatty  : uid=1041(audioserver) /system/bin/audioserver expire 1 line
01-23 19:15:53.590  1475  1528 I chatty  : uid=1041(audioserver) Binder:1475_2 expire 3 lines
01-23 19:15:53.597  2279  2576 I chatty  : uid=10030(u0_a30) NonUserFacing3 expire 3 lines
01-23 19:15:53.597  2279  2580 I chatty  : uid=10030(u0_a30) HotwordDetector expire 1 line
01-23 19:15:53.598  2279  2279 I chatty  : uid=10030(u0_a30) com.google.android.googlequicksearchbox:search expire 7 lines
01-23 19:15:53.598  2279  2343 I chatty  : uid=10030(u0_a30) NonUserFacing0 expire 1 line
01-23 19:15:57.900  1623  1637 E memtrack: Couldn't load memtrack module
01-23 19:15:57.900  1623  1637 W android.os.Debug: failed to get memory consumption info: -1
01-23 19:15:57.965  1623  1637 E memtrack: Couldn't load memtrack module
01-23 19:15:57.965  1623  1637 W android.os.Debug: failed to get memory consumption info: -1
01-23 19:15:57.979  1623  1637 E memtrack: Couldn't load memtrack module
01-23 19:15:57.979  1623  1637 W android.os.Debug: failed to get memory consumption info: -1
01-23 19:15:57.990  1623  1637 E memtrack: Couldn't load memtrack module
01-23 19:15:57.990  1623  1637 W android.os.Debug: failed to get memory consumption info: -1
01-23 19:15:58.606  2279  3966 I chatty  : uid=10030(u0_a30) NonUserFacing4 expire 1 line
01-23 19:15:58.607  2279  3945 I chatty  : uid=10030(u0_a30) UserFacing4 expire 6 lines
01-23 19:15:58.609  1475  4637 I chatty  : uid=1041(audioserver) /system/bin/audioserver expire 1 line
01-23 19:15:58.610  1475  4545 I chatty  : uid=1041(audioserver) Binder:1475_6 expire 3 lines
01-23 19:15:58.623  2279  3966 I chatty  : uid=10030(u0_a30) NonUserFacing4 expire 5 lines
01-23 19:15:58.623  2279  2580 I chatty  : uid=10030(u0_a30) HotwordDetector expire 1 line
01-23 19:15:58.625  2279  2279 I chatty  : uid=10030(u0_a30) com.google.android.googlequicksearchbox:search expire 7 lines
01-23 19:15:58.625  2279  2343 I chatty  : uid=10030(u0_a30) NonUserFacing0 expire 1 line
01-23 19:16:00.005  1623  1637 E memtrack: Couldn't load memtrack module
01-23 19:16:00.005  1623  1637 W android.os.Debug: failed to get memory consumption info: -1
01-23 19:16:00.024  1392  1409 D hwcomposer: hw_composer sent 6 syncs in 60s
01-23 19:16:03.636  2279  3945 I chatty  : uid=10030(u0_a30) UserFacing4 expire 6 lines
01-23 19:16:03.639  1475  4641 I chatty  : uid=1041(audioserver) /system/bin/audioserver expire 1 line
01-23 19:16:03.642  1475  1528 I chatty  : uid=1041(audioserver) Binder:1475_2 expire 6 lines
01-23 19:16:03.648  2279  3966 I chatty  : uid=10030(u0_a30) NonUserFacing4 expire 4 lines
01-23 19:16:03.649  2279  2580 I chatty  : uid=10030(u0_a30) HotwordDetector expire 1 line
01-23 19:16:03.650  2279  2279 I chatty  : uid=10030(u0_a30) com.google.android.googlequicksearchbox:search expire 6 lines
01-23 19:16:03.650  2279  2576 I chatty  : uid=10030(u0_a30) NonUserFacing3 expire 1 line
01-23 19:15:58.613  2279  3945 I chatty  : uid=10030(u0_a30) UserFacing4 identical 6 lines
01-23 19:16:03.644  2279  3945 E ActivityThread: Failed to find provider info for com.google.android.apps.gsa.testing.ui.audio.recorded
01-23 19:16:08.128  1623  1641 E BatteryStatsService: modem info is invalid: ModemActivityInfo{ mTimestamp=0 mSleepTimeMs=0 mIdleTimeMs=0 mTxTimeMs[]=[0, 0, 0, 0, 0] mRxTimeMs=0 mEnergyUsed=0}
01-23 19:16:08.662  2279  2343 I chatty  : uid=10030(u0_a30) NonUserFacing0 expire 1 line
01-23 19:16:08.664  2279  3945 I chatty  : uid=10030(u0_a30) UserFacing4 expire 13 lines
01-23 19:16:08.665  1475  4646 I chatty  : uid=1041(audioserver) /system/bin/audioserver expire 1 line
01-23 19:16:08.669  2279  3945 E ActivityThread: Failed to find provider info for com.google.android.apps.gsa.testing.ui.audio.recorded
01-23 19:16:08.669  2279  2279 I chatty  : uid=10030(u0_a30) com.google.android.googlequicksearchbox:search expire 14 lines
01-23 19:16:08.673  2279  2343 I chatty  : uid=10030(u0_a30) NonUserFacing0 expire 11 lines
01-23 19:16:08.673  2279  2580 I chatty  : uid=10030(u0_a30) HotwordDetector expire 6 lines
01-23 19:16:08.675  2279  2576 I chatty  : uid=10030(u0_a30) NonUserFacing3 expire 11 lines
01-23 19:16:13.688  2279  3966 I chatty  : uid=10030(u0_a30) NonUserFacing4 expire 7 lines
01-23 19:16:13.690  1475  1528 I chatty  : uid=1041(audioserver) Binder:1475_2 expire 3 lines
01-23 19:16:13.690  1475  4650 I chatty  : uid=1041(audioserver) /system/bin/audioserver expire 1 line
01-23 19:16:18.721  1475  4656 I chatty  : uid=1041(audioserver) /system/bin/audioserver expire 1 line
01-23 19:16:18.723  1475  4545 I chatty  : uid=1041(audioserver) Binder:1475_6 expire 6 lines
01-23 19:16:18.723  2279  3945 I chatty  : uid=10030(u0_a30) UserFacing4 expire 12 lines
01-23 19:16:18.732  2279  2279 I chatty  : uid=10030(u0_a30) com.google.android.googlequicksearchbox:search expire 14 lines
01-23 19:16:23.758  1475  4660 I chatty  : uid=1041(audioserver) /system/bin/audioserver expire 1 line
01-23 19:16:23.772  2279  2343 I chatty  : uid=10030(u0_a30) NonUserFacing0 expire 4 lines
01-23 19:16:28.793  1475  4545 I chatty  : uid=1041(audioserver) Binder:1475_6 expire 3 lines
01-23 19:16:28.793  2279  3945 I chatty  : uid=10030(u0_a30) UserFacing4 expire 11 lines
01-23 19:16:28.803  1475  4664 I chatty  : uid=1041(audioserver) /system/bin/audioserver expire 1 line
01-23 19:16:28.804  2279  2279 I chatty  : uid=10030(u0_a30) com.google.android.googlequicksearchbox:search expire 14 lines
01-23 19:16:33.825  1475  4668 I chatty  : uid=1041(audioserver) /system/bin/audioserver expire 1 line
01-23 19:16:33.826  1475  3512 I chatty  : uid=1041(audioserver) Binder:1475_3 expire 5 lines
01-23 19:16:33.834  2279  2576 I chatty  : uid=10030(u0_a30) NonUserFacing3 expire 4 lines
01-23 19:16:33.836  2279  3966 I chatty  : uid=10030(u0_a30) NonUserFacing4 expire 1 line
01-23 19:16:38.847  2279  3945 I chatty  : uid=10030(u0_a30) UserFacing4 expire 6 lines
01-23 19:16:38.848  1475  4675 I chatty  : uid=1041(audioserver) /system/bin/audioserver expire 1 line
01-23 19:16:38.849  1475  3512 I chatty  : uid=1041(audioserver) Binder:1475_3 expire 1 line
01-23 19:16:38.852  2279  2279 I chatty  : uid=10030(u0_a30) com.google.android.googlequicksearchbox:search expire 8 lines
01-23 19:16:38.857  2279  2580 I chatty  : uid=10030(u0_a30) HotwordDetector expire 1 line
01-23 19:16:38.857  2279  2576 I chatty  : uid=10030(u0_a30) NonUserFacing3 expire 2 lines
01-23 19:16:38.858  2279  3966 I chatty  : uid=10030(u0_a30) NonUserFacing4 expire 1 line
01-23 19:16:43.870  2279  2343 I chatty  : uid=10030(u0_a30) NonUserFacing0 expire 2 lines
01-23 19:16:43.871  2279  3945 I chatty  : uid=10030(u0_a30) UserFacing4 expire 6 lines
01-23 19:16:43.874  1475  4679 I chatty  : uid=1041(audioserver) /system/bin/audioserver expire 1 line
01-23 19:16:43.876  1475  4545 I chatty  : uid=1041(audioserver) Binder:1475_6 expire 4 lines
01-23 19:16:43.882  2279  2343 I chatty  : uid=10030(u0_a30) NonUserFacing0 expire 3 lines
01-23 19:16:43.883  2279  2580 I chatty  : uid=10030(u0_a30) HotwordDetector expire 1 line
01-23 19:16:43.885  2279  2279 I chatty  : uid=10030(u0_a30) com.google.android.googlequicksearchbox:search expire 7 lines
01-23 19:16:43.885  2279  3966 I chatty  : uid=10030(u0_a30) NonUserFacing4 expire 1 line
01-23 19:16:48.896  2279  2576 I chatty  : uid=10030(u0_a30) NonUserFacing3 expire 1 line
01-23 19:16:48.897  2279  3945 I chatty  : uid=10030(u0_a30) UserFacing4 expire 13 lines
01-23 19:16:48.900  1475  4683 I chatty  : uid=1041(audioserver) /system/bin/audioserver expire 1 line
01-23 19:16:48.903  1475  4545 I chatty  : uid=1041(audioserver) Binder:1475_6 expire 2 lines
01-23 19:16:48.908  2279  2576 I chatty  : uid=10030(u0_a30) NonUserFacing3 expire 10 lines
01-23 19:16:48.908  2279  2580 I chatty  : uid=10030(u0_a30) HotwordDetector expire 5 lines
01-23 19:16:48.910  2279  2279 I chatty  : uid=10030(u0_a30) com.google.android.googlequicksearchbox:search expire 13 lines
01-23 19:16:48.910  2279  2343 I chatty  : uid=10030(u0_a30) NonUserFacing0 expire 11 lines
01-23 19:16:53.923  1475  4687 I chatty  : uid=1041(audioserver) /system/bin/audioserver expire 1 line
01-23 19:16:53.924  1475  3512 I chatty  : uid=1041(audioserver) Binder:1475_3 expire 3 lines
01-23 19:16:57.963  1623  1637 E memtrack: Couldn't load memtrack module
01-23 19:16:57.963  1623  1637 W android.os.Debug: failed to get memory consumption info: -1
01-23 19:16:58.961  1475  4694 I chatty  : uid=1041(audioserver) /system/bin/audioserver expire 1 line
01-23 19:16:58.963  1475  4545 I chatty  : uid=1041(audioserver) Binder:1475_6 expire 6 lines
01-23 19:16:58.964  2279  3945 I chatty  : uid=10030(u0_a30) UserFacing4 expire 12 lines
01-23 19:16:58.966  2279  2279 I chatty  : uid=10030(u0_a30) com.google.android.googlequicksearchbox:search expire 14 lines
01-23 19:16:58.971  2279  3966 I chatty  : uid=10030(u0_a30) NonUserFacing4 expire 3 lines
01-23 19:17:00.021  1392  1409 D hwcomposer: hw_composer sent 4 syncs in 60s
01-23 19:17:03.980  2279  2576 I chatty  : uid=10030(u0_a30) NonUserFacing3 expire 6 lines
01-23 19:17:03.986  1475  4698 I chatty  : uid=1041(audioserver) /system/bin/audioserver expire 1 line
01-23 19:17:09.007  1475  4702 I chatty  : uid=1041(audioserver) /system/bin/audioserver expire 1 line
01-23 19:17:09.008  1475  4545 I chatty  : uid=1041(audioserver) Binder:1475_6 expire 7 lines
01-23 19:17:09.008  2279  3945 I chatty  : uid=10030(u0_a30) UserFacing4 expire 17 lines
01-23 19:17:09.010  2279  2279 I chatty  : uid=10030(u0_a30) com.google.android.googlequicksearchbox:search expire 14 lines
01-23 19:17:14.031  1475  4706 I chatty  : uid=1041(audioserver) /system/bin/audioserver expire 1 line
01-23 19:17:14.038  2279  2576 I chatty  : uid=10030(u0_a30) NonUserFacing3 expire 4 lines
01-23 19:17:14.039  2279  2580 I chatty  : uid=10030(u0_a30) HotwordDetector expire 1 line
01-23 19:17:14.040  2279  3966 I chatty  : uid=10030(u0_a30) NonUserFacing4 expire 2 lines
01-23 19:17:19.052  1475  4712 I chatty  : uid=1041(audioserver) /system/bin/audioserver expire 1 line
01-23 19:17:19.054  1475  4545 I chatty  : uid=1041(audioserver) Binder:1475_6 expire 7 lines
01-23 19:17:19.056  2279  2279 I chatty  : uid=10030(u0_a30) com.google.android.googlequicksearchbox:search expire 14 lines
01-23 19:17:19.072  2279  3966 I chatty  : uid=10030(u0_a30) NonUserFacing4 expire 9 lines
01-23 19:17:19.073  2279  2580 I chatty  : uid=10030(u0_a30) HotwordDetector expire 2 lines
01-23 19:17:19.074  2279  2343 I chatty  : uid=10030(u0_a30) NonUserFacing0 expire 2 lines
01-23 19:17:24.087  2279  3945 I chatty  : uid=10030(u0_a30) UserFacing4 expire 12 lines
01-23 19:17:24.090  1475  4716 I chatty  : uid=1041(audioserver) /system/bin/audioserver expire 1 line
01-23 19:17:29.108  2279  2576 I chatty  : uid=10030(u0_a30) NonUserFacing3 expire 1 line
01-23 19:17:29.110  1475  4720 I chatty  : uid=1041(audioserver) /system/bin/audioserver expire 1 line
01-23 19:17:29.111  1475  4545 I chatty  : uid=1041(audioserver) Binder:1475_6 expire 1 line
01-23 19:17:29.115  2279  2279 I chatty  : uid=10030(u0_a30) com.google.android.googlequicksearchbox:search expire 14 lines
01-23 19:17:29.117  2279  2576 I chatty  : uid=10030(u0_a30) NonUserFacing3 expire 16 lines
01-23 19:17:29.118  2279  2580 I chatty  : uid=10030(u0_a30) HotwordDetector expire 6 lines
01-23 19:17:29.120  2279  2343 I chatty  : uid=10030(u0_a30) NonUserFacing0 expire 9 lines
01-23 19:17:34.129  2279  3945 I chatty  : uid=10030(u0_a30) UserFacing4 expire 13 lines
01-23 19:17:34.131  1475  4724 I chatty  : uid=1041(audioserver) /system/bin/audioserver expire 1 line
01-23 19:17:34.134  1475  3512 I chatty  : uid=1041(audioserver) Binder:1475_3 expire 6 lines
01-23 19:17:39.151  1475  4731 I chatty  : uid=1041(audioserver) /system/bin/audioserver expire 1 line
01-23 19:17:39.157  2279  2279 I chatty  : uid=10030(u0_a30) com.google.android.googlequicksearchbox:search expire 14 lines
01-23 19:17:44.171  2279  3966 I chatty  : uid=10030(u0_a30) NonUserFacing4 expire 5 lines
01-23 19:17:44.173  1475  4735 I chatty  : uid=1041(audioserver) /system/bin/audioserver expire 1 line
01-23 19:17:44.175  1475  3512 I chatty  : uid=1041(audioserver) Binder:1475_3 expire 3 lines
01-23 19:17:44.175  2279  3945 I chatty  : uid=10030(u0_a30) UserFacing4 expire 12 lines
01-23 19:17:49.190  1475  4739 I chatty  : uid=1041(audioserver) /system/bin/audioserver expire 1 line
01-23 19:17:49.191  1475  4545 I chatty  : uid=1041(audioserver) Binder:1475_6 expire 5 lines
01-23 19:17:49.195  2279  2279 I chatty  : uid=10030(u0_a30) com.google.android.googlequicksearchbox:search expire 8 lines
01-23 19:17:54.208  1475  4743 I chatty  : uid=1041(audioserver) /system/bin/audioserver expire 1 line
01-23 19:17:54.211  1475  4545 I chatty  : uid=1041(audioserver) Binder:1475_6 expire 1 line
01-23 19:17:54.211  2279  3945 I chatty  : uid=10030(u0_a30) UserFacing4 expire 11 lines
01-23 19:17:54.219  2279  2576 I chatty  : uid=10030(u0_a30) NonUserFacing3 expire 4 lines
01-23 19:17:54.221  2279  2279 I chatty  : uid=10030(u0_a30) com.google.android.googlequicksearchbox:search expire 6 lines
01-23 19:17:54.222  2279  2343 I chatty  : uid=10030(u0_a30) NonUserFacing0 expire 1 line
01-23 19:17:58.004  1623  1637 E memtrack: Couldn't load memtrack module
01-23 19:17:58.004  1623  1637 W android.os.Debug: failed to get memory consumption info: -1
01-23 19:17:58.024  1623  1637 E memtrack: Couldn't load memtrack module
01-23 19:17:58.024  1623  1637 W android.os.Debug: failed to get memory consumption info: -1
01-23 19:17:58.045  1623  1637 E memtrack: Couldn't load memtrack module
01-23 19:17:58.045  1623  1637 W android.os.Debug: failed to get memory consumption info: -1
01-23 19:17:58.060  1623  1637 E memtrack: Couldn't load memtrack module
01-23 19:17:58.060  1623  1637 W android.os.Debug: failed to get memory consumption info: -1
01-23 19:17:59.225  2279  3966 I chatty  : uid=10030(u0_a30) NonUserFacing4 expire 1 line
01-23 19:17:59.227  1475  3512 I chatty  : uid=1041(audioserver) Binder:1475_3 expire 3 lines
01-23 19:17:59.228  1475  4751 I chatty  : uid=1041(audioserver) /system/bin/audioserver expire 1 line
01-23 19:17:59.229  2279  2279 I chatty  : uid=10030(u0_a30) com.google.android.googlequicksearchbox:search expire 7 lines
01-23 19:17:59.231  2279  3966 I chatty  : uid=10030(u0_a30) NonUserFacing4 expire 5 lines
01-23 19:17:59.232  2279  2580 I chatty  : uid=10030(u0_a30) HotwordDetector expire 1 line
01-23 19:17:59.234  2279  2576 I chatty  : uid=10030(u0_a30) NonUserFacing3 expire 1 line
01-23 19:18:00.022  1392  1409 D hwcomposer: hw_composer sent 5 syncs in 60s
01-23 19:18:04.246  2279  3945 I chatty  : uid=10030(u0_a30) UserFacing4 expire 6 lines
01-23 19:18:04.248  1475  4545 I chatty  : uid=1041(audioserver) Binder:1475_6 expire 7 lines
01-23 19:18:04.248  1475  4755 I chatty  : uid=1041(audioserver) /system/bin/audioserver expire 1 line
01-23 19:18:04.250  2279  2279 I chatty  : uid=10030(u0_a30) com.google.android.googlequicksearchbox:search expire 21 lines
01-23 19:18:04.253  2279  3966 I chatty  : uid=10030(u0_a30) NonUserFacing4 expire 12 lines
01-23 19:18:04.254  2279  2580 I chatty  : uid=10030(u0_a30) HotwordDetector expire 6 lines
01-23 19:18:04.255  2279  2576 I chatty  : uid=10030(u0_a30) NonUserFacing3 expire 13 lines
01-23 19:18:09.266  2279  2343 I chatty  : uid=10030(u0_a30) NonUserFacing0 expire 5 lines
01-23 19:18:09.266  2279  3945 I chatty  : uid=10030(u0_a30) UserFacing4 expire 19 lines
01-23 19:18:09.270  1475  4759 I chatty  : uid=1041(audioserver) /system/bin/audioserver expire 1 line
01-23 19:18:14.301  1475  4763 I chatty  : uid=1041(audioserver) /system/bin/audioserver expire 1 line
01-23 19:18:14.303  1475  4545 I chatty  : uid=1041(audioserver) Binder:1475_6 expire 2 lines
01-23 19:18:19.322  2279  2343 I chatty  : uid=10030(u0_a30) NonUserFacing0 expire 5 lines
01-23 19:18:19.324  1475  4769 I chatty  : uid=1041(audioserver) /system/bin/audioserver expire 1 line
01-23 19:18:19.326  1475  4074 I chatty  : uid=1041(audioserver) Binder:1475_5 expire 3 lines
01-23 19:18:19.328  2279  2279 I chatty  : uid=10030(u0_a30) com.google.android.googlequicksearchbox:search expire 14 lines
01-23 19:18:24.346  1475  4773 I chatty  : uid=1041(audioserver) /system/bin/audioserver expire 1 line
01-23 19:18:24.349  1475  3512 I chatty  : uid=1041(audioserver) Binder:1475_3 expire 3 lines
01-23 19:18:24.349  2279  3945 I chatty  : uid=10030(u0_a30) UserFacing4 expire 11 lines
01-23 19:18:29.377  1475  4777 I chatty  : uid=1041(audioserver) /system/bin/audioserver expire 1 line
01-23 19:18:29.378  1475  3512 I chatty  : uid=1041(audioserver) Binder:1475_3 expire 6 lines
01-23 19:18:29.382  2279  2279 I chatty  : uid=10030(u0_a30) com.google.android.googlequicksearchbox:search expire 7 lines
01-23 19:18:34.397  2279  2343 I chatty  : uid=10030(u0_a30) NonUserFacing0 expire 1 line
01-23 19:18:34.397  2279  3945 I chatty  : uid=10030(u0_a30) UserFacing4 expire 6 lines
01-23 19:18:34.398  1475  4781 I chatty  : uid=1041(audioserver) /system/bin/audioserver expire 1 line
01-23 19:18:34.404  2279  2279 I chatty  : uid=10030(u0_a30) com.google.android.googlequicksearchbox:search expire 8 lines
01-23 19:18:34.406  2279  2343 I chatty  : uid=10030(u0_a30) NonUserFacing0 expire 4 lines
01-23 19:18:34.407  2279  2580 I chatty  : uid=10030(u0_a30) HotwordDetector expire 1 line
01-23 19:18:34.410  2279  3966 I chatty  : uid=10030(u0_a30) NonUserFacing4 expire 6 lines
01-23 19:18:39.421  2279  3945 I chatty  : uid=10030(u0_a30) UserFacing4 expire 6 lines
01-23 19:18:39.423  1475  4793 I chatty  : uid=1041(audioserver) /system/bin/audioserver expire 1 line
01-23 19:18:39.425  1475  3512 I chatty  : uid=1041(audioserver) Binder:1475_3 expire 4 lines
01-23 19:18:39.433  2279  2580 I chatty  : uid=10030(u0_a30) HotwordDetector expire 1 line
01-23 19:18:39.436  2279  2279 I chatty  : uid=10030(u0_a30) com.google.android.googlequicksearchbox:search expire 7 lines
01-23 19:18:39.436  2279  2343 I chatty  : uid=10030(u0_a30) NonUserFacing0 expire 1 line
01-23 19:18:44.446  2279  2576 I chatty  : uid=10030(u0_a30) NonUserFacing3 expire 5 lines
01-23 19:18:44.446  2279  3945 I chatty  : uid=10030(u0_a30) UserFacing4 expire 6 lines
01-23 19:18:44.449  1475  4797 I chatty  : uid=1041(audioserver) /system/bin/audioserver expire 1 line
01-23 19:18:44.451  1475  3512 I chatty  : uid=1041(audioserver) Binder:1475_3 expire 5 lines
01-23 19:18:44.457  2279  2580 I chatty  : uid=10030(u0_a30) HotwordDetector expire 1 line
01-23 19:18:44.459  2279  2279 I chatty  : uid=10030(u0_a30) com.google.android.googlequicksearchbox:search expire 7 lines
01-23 19:18:44.459  2279  2343 I chatty  : uid=10030(u0_a30) NonUserFacing0 expire 1 line
01-23 19:18:49.468  2279  3966 I chatty  : uid=10030(u0_a30) NonUserFacing4 expire 5 lines
01-23 19:18:49.471  2279  3945 I chatty  : uid=10030(u0_a30) UserFacing4 expire 6 lines
01-23 19:18:49.472  1475  4801 I chatty  : uid=1041(audioserver) /system/bin/audioserver expire 1 line
01-23 19:18:49.482  2279  2580 I chatty  : uid=10030(u0_a30) HotwordDetector expire 6 lines
01-23 19:18:49.483  2279  2279 I chatty  : uid=10030(u0_a30) com.google.android.googlequicksearchbox:search expire 13 lines
01-23 19:18:49.483  2279  2576 I chatty  : uid=10030(u0_a30) NonUserFacing3 expire 12 lines
01-23 19:18:54.494  2279  2343 I chatty  : uid=10030(u0_a30) NonUserFacing0 expire 12 lines
01-23 19:18:54.494  2279  3945 I chatty  : uid=10030(u0_a30) UserFacing4 expire 13 lines
01-23 19:18:54.497  1475  4805 I chatty  : uid=1041(audioserver) /system/bin/audioserver expire 1 line
01-23 19:18:54.499  1475  3512 I chatty  : uid=1041(audioserver) Binder:1475_3 expire 7 lines
01-23 19:18:58.049  1623  1637 E memtrack: Couldn't load memtrack module
01-23 19:18:58.049  1623  1637 W android.os.Debug: failed to get memory consumption info: -1
01-23 19:18:59.523  1475  4815 I chatty  : uid=1041(audioserver) /system/bin/audioserver expire 1 line
01-23 19:18:59.525  2279  2279 I chatty  : uid=10030(u0_a30) com.google.android.googlequicksearchbox:search expire 14 lines
01-23 19:19:00.023  1392  1409 D hwcomposer: hw_composer sent 5 syncs in 60s
01-23 19:19:04.545  1475  4819 I chatty  : uid=1041(audioserver) /system/bin/audioserver expire 1 line
01-23 19:19:04.546  1475  3512 I chatty  : uid=1041(audioserver) Binder:1475_3 expire 7 lines
01-23 19:19:04.546  2279  3945 I chatty  : uid=10030(u0_a30) UserFacing4 expire 12 lines
01-23 19:19:04.555  2279  3966 I chatty  : uid=10030(u0_a30) NonUserFacing4 expire 4 lines
01-23 19:19:09.571  1475  4828 I chatty  : uid=1041(audioserver) /system/bin/audioserver expire 1 line
01-23 19:19:09.575  2279  2279 I chatty  : uid=10030(u0_a30) com.google.android.googlequicksearchbox:search expire 14 lines
01-23 19:19:14.617  1475  4832 I chatty  : uid=1041(audioserver) /system/bin/audioserver expire 1 line
01-23 19:19:14.619  1475  3512 I chatty  : uid=1041(audioserver) Binder:1475_3 expire 4 lines
01-23 19:19:14.619  2279  3945 I chatty  : uid=10030(u0_a30) UserFacing4 expire 17 lines
01-23 19:19:14.626  2279  2343 I chatty  : uid=10030(u0_a30) NonUserFacing0 expire 5 lines
01-23 19:19:19.642  1475  4838 I chatty  : uid=1041(audioserver) /system/bin/audioserver expire 1 line
01-23 19:19:19.647  2279  2279 I chatty  : uid=10030(u0_a30) com.google.android.googlequicksearchbox:search expire 7 lines
01-23 19:19:19.649  2279  3966 I chatty  : uid=10030(u0_a30) NonUserFacing4 expire 4 lines
01-23 19:19:19.650  2279  2580 I chatty  : uid=10030(u0_a30) HotwordDetector expire 1 line
01-23 19:19:19.651  2279  2576 I chatty  : uid=10030(u0_a30) NonUserFacing3 expire 1 line
01-23 19:19:24.664  1475  4847 I chatty  : uid=1041(audioserver) /system/bin/audioserver expire 1 line
01-23 19:19:24.668  1475  4545 I chatty  : uid=1041(audioserver) Binder:1475_6 expire 3 lines
01-23 19:19:24.670  2279  2279 I chatty  : uid=10030(u0_a30) com.google.android.googlequicksearchbox:search expire 7 lines
01-23 19:19:24.676  2279  2343 I chatty  : uid=10030(u0_a30) NonUserFacing0 expire 5 lines
01-23 19:19:24.676  2279  2580 I chatty  : uid=10030(u0_a30) HotwordDetector expire 1 line
01-23 19:19:24.678  2279  2576 I chatty  : uid=10030(u0_a30) NonUserFacing3 expire 1 line
01-23 19:19:29.690  2279  3945 I chatty  : uid=10030(u0_a30) UserFacing4 expire 6 lines
01-23 19:19:29.693  1475  4851 I chatty  : uid=1041(audioserver) /system/bin/audioserver expire 1 line
01-23 19:19:29.695  1475  3512 I chatty  : uid=1041(audioserver) Binder:1475_3 expire 6 lines
01-23 19:19:29.697  2279  2279 I chatty  : uid=10030(u0_a30) com.google.android.googlequicksearchbox:search expire 14 lines
01-23 19:19:29.701  2279  2343 I chatty  : uid=10030(u0_a30) NonUserFacing0 expire 15 lines
01-23 19:19:29.701  2279  2580 I chatty  : uid=10030(u0_a30) HotwordDetector expire 5 lines
01-23 19:19:29.703  2279  2576 I chatty  : uid=10030(u0_a30) NonUserFacing3 expire 12 lines
01-23 19:19:34.710  2279  3945 I chatty  : uid=10030(u0_a30) UserFacing4 expire 13 lines
01-23 19:19:34.712  1475  4855 I chatty  : uid=1041(audioserver) /system/bin/audioserver expire 1 line
01-23 19:19:39.734  1475  4862 I chatty  : uid=1041(audioserver) /system/bin/audioserver expire 1 line
01-23 19:19:39.736  1475  3512 I chatty  : uid=1041(audioserver) Binder:1475_3 expire 3 lines
01-23 19:19:39.739  2279  2279 I chatty  : uid=10030(u0_a30) com.google.android.googlequicksearchbox:search expire 14 lines
01-23 19:19:44.777  1475  4866 I chatty  : uid=1041(audioserver) /system/bin/audioserver expire 1 line
01-23 19:19:44.779  1475  4545 I chatty  : uid=1041(audioserver) Binder:1475_6 expire 3 lines
01-23 19:19:44.779  2279  3945 I chatty  : uid=10030(u0_a30) UserFacing4 expire 11 lines
01-23 19:19:44.806  2279  3966 I chatty  : uid=10030(u0_a30) NonUserFacing4 expire 1 line
01-23 19:19:49.822  1475  4870 I chatty  : uid=1041(audioserver) /system/bin/audioserver expire 1 line
01-23 19:19:49.824  1475  3512 I chatty  : uid=1041(audioserver) Binder:1475_3 expire 3 lines
01-23 19:19:49.828  2279  2279 I chatty  : uid=10030(u0_a30) com.google.android.googlequicksearchbox:search expire 8 lines
01-23 19:19:49.833  2279  3966 I chatty  : uid=10030(u0_a30) NonUserFacing4 expire 1 line
01-23 19:19:54.841  2279  2343 I chatty  : uid=10030(u0_a30) NonUserFacing0 expire 5 lines
01-23 19:19:54.842  2279  3945 I chatty  : uid=10030(u0_a30) UserFacing4 expire 6 lines
01-23 19:19:54.844  1475  4874 I chatty  : uid=1041(audioserver) /system/bin/audioserver expire 1 line
01-23 19:19:54.846  1475  4545 I chatty  : uid=1041(audioserver) Binder:1475_6 expire 6 lines
01-23 19:19:54.865  2279  2580 I chatty  : uid=10030(u0_a30) HotwordDetector expire 3 lines
01-23 19:19:54.867  2279  2279 I chatty  : uid=10030(u0_a30) com.google.android.googlequicksearchbox:search expire 14 lines
01-23 19:19:54.867  2279  3966 I chatty  : uid=10030(u0_a30) NonUserFacing4 expire 6 lines
01-23 19:19:59.878  2279  3945 I chatty  : uid=10030(u0_a30) UserFacing4 expire 12 lines
01-23 19:19:59.883  1475  4880 I chatty  : uid=1041(audioserver) /system/bin/audioserver expire 1 line
01-23 19:19:59.904  2279  2576 I chatty  : uid=10030(u0_a30) NonUserFacing3 expire 4 lines
01-23 19:20:00.004  1623  1637 E memtrack: Couldn't load memtrack module
01-23 19:20:00.004  1623  1637 W android.os.Debug: failed to get memory consumption info: -1
01-23 19:20:00.020  1392  1409 D hwcomposer: hw_composer sent 5 syncs in 60s
01-23 19:20:04.907  1475  4889 I chatty  : uid=1041(audioserver) /system/bin/audioserver expire 1 line
01-23 19:20:04.907  1475  4074 I chatty  : uid=1041(audioserver) Binder:1475_5 expire 6 lines
01-23 19:20:04.915  2279  2576 I chatty  : uid=10030(u0_a30) NonUserFacing3 expire 8 lines
01-23 19:20:04.916  2279  2279 I chatty  : uid=10030(u0_a30) com.google.android.googlequicksearchbox:search expire 20 lines
01-23 19:20:04.916  2279  3966 I chatty  : uid=10030(u0_a30) NonUserFacing4 expire 9 lines
01-23 19:20:09.920  2279  3945 I chatty  : uid=10030(u0_a30) UserFacing4 expire 19 lines
01-23 19:20:09.923  1475  4893 I chatty  : uid=1041(audioserver) /system/bin/audioserver expire 1 line
01-23 19:20:09.924  1475  4545 I chatty  : uid=1041(audioserver) Binder:1475_6 expire 3 lines
01-23 19:20:09.931  2279  2580 I chatty  : uid=10030(u0_a30) HotwordDetector expire 5 lines
01-23 19:20:14.944  2279  2343 I chatty  : uid=10030(u0_a30) NonUserFacing0 expire 10 lines
01-23 19:20:14.946  1475  4897 I chatty  : uid=1041(audioserver) /system/bin/audioserver expire 1 line
01-23 19:20:19.968  1475  4903 I chatty  : uid=1041(audioserver) /system/bin/audioserver expire 1 line
01-23 19:20:19.970  1475  4545 I chatty  : uid=1041(audioserver) Binder:1475_6 expire 6 lines
01-23 19:20:19.971  2279  2279 I chatty  : uid=10030(u0_a30) com.google.android.googlequicksearchbox:search expire 14 lines
