--------- beginning of main
01-23 21:58:58.525  1475  7526 I chatty  : uid=1041(audioserver) /system/bin/audioserver expire 1 line
01-23 21:58:58.530  2279  2279 I chatty  : uid=10030(u0_a30) com.google.android.googlequicksearchbox:search expire 14 lines
01-23 21:58:58.534  2279  2576 I chatty  : uid=10030(u0_a30) NonUserFacing3 expire 4 lines
01-23 21:58:58.535  2279  2580 I chatty  : uid=10030(u0_a30) HotwordDetector expire 2 lines
01-23 21:58:58.536  2279  3966 I chatty  : uid=10030(u0_a30) NonUserFacing4 expire 2 lines
01-23 21:59:00.010  1623  1637 E memtrack: Couldn't load memtrack module
01-23 21:59:00.010  1623  1637 W android.os.Debug: failed to get memory consumption info: -1
01-23 21:59:00.021  1392  1409 D hwcomposer: hw_composer sent 8 syncs in 60s
01-23 21:59:01.919  1623  1637 E memtrack: Couldn't load memtrack module
01-23 21:59:01.919  1623  1637 W android.os.Debug: failed to get memory consumption info: -1
01-23 21:59:03.548  2279  2343 I chatty  : uid=10030(u0_a30) NonUserFacing0 expire 10 lines
01-23 21:59:03.548  2279  6463 I chatty  : uid=10030(u0_a30) UserFacing5 expire 12 lines
01-23 21:59:03.550  1475  7531 I chatty  : uid=1041(audioserver) /system/bin/audioserver expire 1 line
01-23 21:59:03.550  1475  1475 I chatty  : uid=1041(audioserver) /system/bin/audioserver expire 7 lines
01-23 21:59:08.581  1475  7537 I chatty  : uid=1041(audioserver) /system/bin/audioserver expire 1 line
01-23 21:59:08.584  2279  2279 I chatty  : uid=10030(u0_a30) com.google.android.googlequicksearchbox:search expire 14 lines
01-23 21:59:08.590  2279  2580 I chatty  : uid=10030(u0_a30) HotwordDetector expire 4 lines
01-23 21:59:08.593  2279  3966 I chatty  : uid=10030(u0_a30) NonUserFacing4 expire 3 lines
01-23 21:59:13.604  2279  2343 I chatty  : uid=10030(u0_a30) NonUserFacing0 expire 12 lines
01-23 21:59:13.606  2279  6463 I chatty  : uid=10030(u0_a30) UserFacing5 expire 13 lines
01-23 21:59:13.608  1475  1475 I chatty  : uid=1041(audioserver) /system/bin/audioserver expire 2 lines
01-23 21:59:13.609  1475  7541 I chatty  : uid=1041(audioserver) /system/bin/audioserver expire 1 line
01-23 21:59:18.640  2279  2576 I chatty  : uid=10030(u0_a30) NonUserFacing3 expire 5 lines
01-23 21:59:18.644  1475  7545 I chatty  : uid=1041(audioserver) /system/bin/audioserver expire 1 line
01-23 21:59:18.646  1475  3619 I chatty  : uid=1041(audioserver) Binder:1475_4 expire 5 lines
01-23 21:59:18.649  2279  2279 I chatty  : uid=10030(u0_a30) com.google.android.googlequicksearchbox:search expire 14 lines
--------- beginning of system
01-23 21:59:13.611  2279  6463 I chatty  : uid=10030(u0_a30) UserFacing5 expire 7 lines
01-23 21:59:18.649  2279  6463 E ActivityThread: Failed to find provider info for com.google.android.apps.gsa.testing.ui.audio.recorded
01-23 21:59:19.081  1623  1641 E BatteryStatsService: modem info is invalid: ModemActivityInfo{ mTimestamp=0 mSleepTimeMs=0 mIdleTimeMs=0 mTxTimeMs[]=[0, 0, 0, 0, 0] mRxTimeMs=0 mEnergyUsed=0}
01-23 21:59:23.694  1475  7551 I chatty  : uid=1041(audioserver) /system/bin/audioserver expire 1 line
01-23 21:59:23.696  1475  3619 I chatty  : uid=1041(audioserver) Binder:1475_4 expire 1 line
01-23 21:59:23.696  2279  6463 I chatty  : uid=10030(u0_a30) UserFacing5 expire 11 lines
01-23 21:59:23.698  2279  6463 E ActivityThread: Failed to find provider info for com.google.android.apps.gsa.testing.ui.audio.recorded
01-23 21:59:28.716  1475  7557 I chatty  : uid=1041(audioserver) /system/bin/audioserver expire 1 line
01-23 21:59:28.717  1475  3512 I chatty  : uid=1041(audioserver) Binder:1475_3 expire 6 lines
01-23 21:59:28.720  2279  6463 E ActivityThread: Failed to find provider info for com.google.android.apps.gsa.testing.ui.audio.recorded
01-23 21:59:28.720  2279  2279 I chatty  : uid=10030(u0_a30) com.google.android.googlequicksearchbox:search expire 7 lines
01-23 21:59:28.724  2279  2343 I chatty  : uid=10030(u0_a30) NonUserFacing0 expire 4 lines
01-23 21:59:28.725  2279  2580 I chatty  : uid=10030(u0_a30) HotwordDetector expire 1 line
01-23 21:59:28.727  2279  3966 I chatty  : uid=10030(u0_a30) NonUserFacing4 expire 2 lines
01-23 21:59:32.563  1623  1641 E BatteryStatsService: modem info is invalid: ModemActivityInfo{ mTimestamp=0 mSleepTimeMs=0 mIdleTimeMs=0 mTxTimeMs[]=[0, 0, 0, 0, 0] mRxTimeMs=0 mEnergyUsed=0}
01-23 21:59:33.740  2279  6463 I chatty  : uid=10030(u0_a30) UserFacing5 expire 6 lines
01-23 21:59:33.742  1475  7562 I chatty  : uid=1041(audioserver) /system/bin/audioserver expire 1 line
01-23 21:59:33.747  2279  6463 E ActivityThread: Failed to find provider info for com.google.android.apps.gsa.testing.ui.audio.recorded
01-23 21:59:33.747  2279  2279 I chatty  : uid=10030(u0_a30) com.google.android.googlequicksearchbox:search expire 7 lines
01-23 21:59:33.752  2279  3966 I chatty  : uid=10030(u0_a30) NonUserFacing4 expire 9 lines
01-23 21:59:33.753  2279  2580 I chatty  : uid=10030(u0_a30) HotwordDetector expire 1 line
01-23 21:59:33.754  2279  2576 I chatty  : uid=10030(u0_a30) NonUserFacing3 expire 1 line
01-23 21:59:38.762  2279  6463 I chatty  : uid=10030(u0_a30) UserFacing5 expire 6 lines
01-23 21:59:38.764  1475  3512 I chatty  : uid=1041(audioserver) Binder:1475_3 expire 3 lines
01-23 21:59:38.765  1475  7566 I chatty  : uid=1041(audioserver) /system/bin/audioserver expire 1 line
01-23 21:59:38.767  2279  2279 I chatty  : uid=10030(u0_a30) com.google.android.googlequicksearchbox:search expire 14 lines
01-23 21:59:38.771  2279  2580 I chatty  : uid=10030(u0_a30) HotwordDetector expire 4 lines
01-23 21:59:38.773  2279  2576 I chatty  : uid=10030(u0_a30) NonUserFacing3 expire 3 lines
01-23 21:59:43.786  2279  3966 I chatty  : uid=10030(u0_a30) NonUserFacing4 expire 11 lines
01-23 21:59:43.786  2279  6463 I chatty  : uid=10030(u0_a30) UserFacing5 expire 13 lines
01-23 21:59:43.789  1475  7571 I chatty  : uid=1041(audioserver) /system/bin/audioserver expire 1 line
01-23 21:59:43.791  1475  3619 I chatty  : uid=1041(audioserver) Binder:1475_4 expire 6 lines
01-23 21:59:48.834  2279  2343 I chatty  : uid=10030(u0_a30) NonUserFacing0 expire 6 lines
01-23 21:59:48.839  1475  7577 I chatty  : uid=1041(audioserver) /system/bin/audioserver expire 1 line
01-23 21:59:48.842  2279  2279 I chatty  : uid=10030(u0_a30) com.google.android.googlequicksearchbox:search expire 14 lines
01-23 21:59:53.863  1475  7582 I chatty  : uid=1041(audioserver) /system/bin/audioserver expire 1 line
01-23 21:59:53.866  1475  3619 I chatty  : uid=1041(audioserver) Binder:1475_4 expire 6 lines
01-23 21:59:53.866  2279  6463 I chatty  : uid=10030(u0_a30) UserFacing5 expire 11 lines
01-23 21:59:58.927  1475  7586 I chatty  : uid=1041(audioserver) /system/bin/audioserver expire 1 line
01-23 21:59:58.931  2279  2279 I chatty  : uid=10030(u0_a30) com.google.android.googlequicksearchbox:search expire 7 lines
01-23 21:59:58.934  2279  2343 I chatty  : uid=10030(u0_a30) NonUserFacing0 expire 4 lines
01-23 21:59:58.934  2279  2580 I chatty  : uid=10030(u0_a30) HotwordDetector expire 1 line
01-23 21:59:58.936  2279  2576 I chatty  : uid=10030(u0_a30) NonUserFacing3 expire 1 line
01-23 21:59:53.870  2279  6463 I chatty  : uid=10030(u0_a30) UserFacing5 identical 4 lines
01-23 21:59:58.931  2279  6463 E ActivityThread: Failed to find provider info for com.google.android.apps.gsa.testing.ui.audio.recorded
01-23 21:59:59.483  1623  1641 E BatteryStatsService: modem info is invalid: ModemActivityInfo{ mTimestamp=0 mSleepTimeMs=0 mIdleTimeMs=0 mTxTimeMs[]=[0, 0, 0, 0, 0] mRxTimeMs=0 mEnergyUsed=0}
01-23 22:00:00.020  1392  1409 D hwcomposer: hw_composer sent 5 syncs in 60s
01-23 22:00:00.025  1623  1623 D ConditionProviders.SCP: onReceive ScheduleConditionProvider.EVALUATE
01-23 22:00:00.025  1623  1623 D ConditionProviders.SCP: notifyCondition condition://android/schedule?days=6.7&start=23.30&end=10.0&exitAtAlarm=false STATE_FALSE reason=!meetsSchedule
01-23 22:00:00.025  1623  1623 D ConditionProviders.SCP: notifyCondition condition://android/schedule?days=1.2.3.4.5&start=22.0&end=7.0&exitAtAlarm=false STATE_TRUE reason=meetsSchedule
01-23 22:00:00.026  1623  1623 D ConditionProviders.SCP: Scheduling evaluate for Wed Jan 23 23:30:00 GMT+00:00 2019 (1548286200000), in +1h29m59s975ms, now=Wed Jan 23 22:00:00 GMT+00:00 2019 (1548280800025)
01-23 22:00:00.029  1623  1623 D ZenLog  : config: conditionChanged,ZenModeConfig[user=0,allowCalls=true,allowRepeatCallers=false,allowMessages=false,allowCallsFrom=contacts,allowMessagesFrom=contacts,allowReminders=true,allowEvents=true,allowWhenScreenOff=true,allowWhenScreenOn=true,automaticRules={e0ec13e798924756babd396b7036e9e0=ZenRule[enabled=false,snoozing=false,name=Weekend,zenMode=ZEN_MODE_ALARMS,conditionId=condition://android/schedule?days=6.7&start=23.30&end=10.0&exitAtAlarm=false,condition=Condition[id=condition://android/schedule?days=6.7&start=23.30&end=10.0&exitAtAlarm=false,summary=...,line1=...,line2=...,icon=0,state=STATE_FALSE,flags=2],component=ComponentInfo{android/com.android.server.notification.ScheduleConditionProvider},id=e0ec13e798924756babd396b7036e9e0,creationTime=1520213913895,enabler=null], ed69d48afb3f44198917951d22dd4ca8=ZenRule[enabled=false,snoozing=false,name=Weeknight,zenMode=ZEN_MODE_ALARMS,conditionId=condition://android/schedule?days=1.2.3.4.5&start=22.0&end=7.0&exitAtAlarm=false,condition=Condition[id=condition://android/schedule?days=1.2.3.4.5&start=22.0&end=7.0&exitAtAlarm=false,summary=...,line1=...,line2=...,icon=0,state=STATE_TRUE,flags=2],component=ComponentInfo{android/com.android.server.notification.ScheduleConditionProvider},id=ed69d48afb3f44198917951d22dd4ca8,creationTime=1520213913895,enabler=null], 9641a67254314c9d9c041cd664525dfd=ZenRule[enabled=false,snoozing=false,name=Event,zenMode=ZEN_MODE_ALARMS,conditionId=condition://android/event?userId=-10000&calendar=&reply=1,condition=Condition[id=condition://android/event?userId=-10000&calendar=&reply=1,summary=...,line1=...,line2=...,icon=0,state=STATE_FALSE,flags=2],component=ComponentInfo{android/com.android.server.notification.EventConditionProvider},id=9641a67254314c9d9c041cd664525dfd,creationTime=1520213913896,enabler=null]},manualRule=null],Diff[automaticRule[ed69d48afb3f44198917951d22dd4ca8].condition:Condition[id=condition://android/schedule?days=1.2.3.4.5&start=22.0&end=7.0&exitAtAlarm=false,summary=...,line1=...,line2=...,icon=0,state=STATE_FALSE,flags=2]->Condition[id=condition://android/schedule?days=1.2.3.4.5&start=22.0&end=7.0&exitAtAlarm=false,summary=...,line1=...,line2=...,icon=0,state=STATE_TRUE,flags=2]]
01-23 22:00:00.041  1623  1623 D ZenLog  : set_zen_mode: off,conditionChanged
01-23 22:00:03.947  2279  3966 I chatty  : uid=10030(u0_a30) NonUserFacing4 expire 1 line
01-23 22:00:03.947  2279  6463 I chatty  : uid=10030(u0_a30) UserFacing5 expire 6 lines
01-23 22:00:03.950  1475  3619 I chatty  : uid=1041(audioserver) Binder:1475_4 expire 6 lines
01-23 22:00:03.951  1475  7595 I chatty  : uid=1041(audioserver) /system/bin/audioserver expire 1 line
01-23 22:00:03.952  2279  6463 E ActivityThread: Failed to find provider info for com.google.android.apps.gsa.testing.ui.audio.recorded
01-23 22:00:03.952  2279  2279 I chatty  : uid=10030(u0_a30) com.google.android.googlequicksearchbox:search expire 7 lines
01-23 22:00:03.964  2279  3966 I chatty  : uid=10030(u0_a30) NonUserFacing4 expire 9 lines
01-23 22:00:03.964  2279  2580 I chatty  : uid=10030(u0_a30) HotwordDetector expire 1 line
01-23 22:00:03.965  2279  2343 I chatty  : uid=10030(u0_a30) NonUserFacing0 expire 1 line
01-23 22:00:07.017  1623  1637 E memtrack: Couldn't load memtrack module
01-23 22:00:07.017  1623  1637 W android.os.Debug: failed to get memory consumption info: -1
01-23 22:00:07.030  1623  1637 E memtrack: Couldn't load memtrack module
01-23 22:00:07.030  1623  1637 W android.os.Debug: failed to get memory consumption info: -1
01-23 22:00:07.040  1623  1637 E memtrack: Couldn't load memtrack module
01-23 22:00:07.040  1623  1637 W android.os.Debug: failed to get memory consumption info: -1
01-23 22:00:08.978  2279  6463 I chatty  : uid=10030(u0_a30) UserFacing5 expire 6 lines
01-23 22:00:08.983  1475  7601 I chatty  : uid=1041(audioserver) /system/bin/audioserver expire 1 line
01-23 22:00:08.986  2279  2279 I chatty  : uid=10030(u0_a30) com.google.android.googlequicksearchbox:search expire 14 lines
01-23 22:00:08.988  2279  2580 I chatty  : uid=10030(u0_a30) HotwordDetector expire 4 lines
01-23 22:00:08.990  2279  2343 I chatty  : uid=10030(u0_a30) NonUserFacing0 expire 8 lines
01-23 22:00:13.999  2279  2576 I chatty  : uid=10030(u0_a30) NonUserFacing3 expire 10 lines
01-23 22:00:13.999  2279  6463 I chatty  : uid=10030(u0_a30) UserFacing5 expire 13 lines
01-23 22:00:14.003  1475  7605 I chatty  : uid=1041(audioserver) /system/bin/audioserver expire 1 line
01-23 22:00:14.005  1475  3619 I chatty  : uid=1041(audioserver) Binder:1475_4 expire 6 lines
01-23 22:00:17.056  1623  1637 E memtrack: Couldn't load memtrack module
01-23 22:00:17.056  1623  1637 W android.os.Debug: failed to get memory consumption info: -1
01-23 22:00:19.026  1475  7609 I chatty  : uid=1041(audioserver) /system/bin/audioserver expire 1 line
01-23 22:00:19.034  2279  2279 I chatty  : uid=10030(u0_a30) com.google.android.googlequicksearchbox:search expire 14 lines
01-23 22:00:19.039  2279  3966 I chatty  : uid=10030(u0_a30) NonUserFacing4 expire 2 lines
01-23 22:00:24.051  1475  7613 I chatty  : uid=1041(audioserver) /system/bin/audioserver expire 1 line
01-23 22:00:24.051  1475  3619 I chatty  : uid=1041(audioserver) Binder:1475_4 expire 3 lines
01-23 22:00:24.052  2279  6463 I chatty  : uid=10030(u0_a30) UserFacing5 expire 11 lines
01-23 22:00:29.076  1475  7619 I chatty  : uid=1041(audioserver) /system/bin/audioserver expire 1 line
01-23 22:00:29.076  1475  3512 I chatty  : uid=1041(audioserver) Binder:1475_3 expire 3 lines
01-23 22:00:29.082  2279  2279 I chatty  : uid=10030(u0_a30) com.google.android.googlequicksearchbox:search expire 7 lines
01-23 22:00:29.086  2279  2343 I chatty  : uid=10030(u0_a30) NonUserFacing0 expire 4 lines
01-23 22:00:29.086  2279  2580 I chatty  : uid=10030(u0_a30) HotwordDetector expire 1 line
01-23 22:00:29.094  2279  3966 I chatty  : uid=10030(u0_a30) NonUserFacing4 expire 2 lines
01-23 22:00:34.103  2279  6463 I chatty  : uid=10030(u0_a30) UserFacing5 expire 6 lines
01-23 22:00:34.105  1475  7623 I chatty  : uid=1041(audioserver) /system/bin/audioserver expire 1 line
01-23 22:00:34.106  1475  1475 I chatty  : uid=1041(audioserver) /system/bin/audioserver expire 3 lines
01-23 22:00:34.109  2279  2279 I chatty  : uid=10030(u0_a30) com.google.android.googlequicksearchbox:search expire 7 lines
01-23 22:00:34.113  2279  3966 I chatty  : uid=10030(u0_a30) NonUserFacing4 expire 4 lines
01-23 22:00:34.114  2279  2580 I chatty  : uid=10030(u0_a30) HotwordDetector expire 1 line
01-23 22:00:34.115  2279  2343 I chatty  : uid=10030(u0_a30) NonUserFacing0 expire 1 line
01-23 22:00:39.121  2279  2576 I chatty  : uid=10030(u0_a30) NonUserFacing3 expire 5 lines
01-23 22:00:39.122  2279  6463 I chatty  : uid=10030(u0_a30) UserFacing5 expire 6 lines
01-23 22:00:39.123  1475  7632 I chatty  : uid=1041(audioserver) /system/bin/audioserver expire 1 line
01-23 22:00:39.124  1475  3512 I chatty  : uid=1041(audioserver) Binder:1475_3 expire 3 lines
01-23 22:00:39.128  2279  2279 I chatty  : uid=10030(u0_a30) com.google.android.googlequicksearchbox:search expire 14 lines
01-23 22:00:39.131  2279  2580 I chatty  : uid=10030(u0_a30) HotwordDetector expire 4 lines
01-23 22:00:39.133  2279  2343 I chatty  : uid=10030(u0_a30) NonUserFacing0 expire 13 lines
01-23 22:00:44.139  2279  3966 I chatty  : uid=10030(u0_a30) NonUserFacing4 expire 7 lines
01-23 22:00:44.139  2279  6463 I chatty  : uid=10030(u0_a30) UserFacing5 expire 13 lines
01-23 22:00:44.142  1475  7637 I chatty  : uid=1041(audioserver) /system/bin/audioserver expire 1 line
01-23 22:00:44.144  1475  3619 I chatty  : uid=1041(audioserver) Binder:1475_4 expire 3 lines
01-23 22:00:49.178  1475  7643 I chatty  : uid=1041(audioserver) /system/bin/audioserver expire 1 line
01-23 22:00:49.180  1475  1475 I chatty  : uid=1041(audioserver) /system/bin/audioserver expire 6 lines
01-23 22:00:49.182  2279  2279 I chatty  : uid=10030(u0_a30) com.google.android.googlequicksearchbox:search expire 14 lines
01-23 22:00:54.202  1475  7647 I chatty  : uid=1041(audioserver) /system/bin/audioserver expire 1 line
01-23 22:00:54.204  2279  6463 I chatty  : uid=10030(u0_a30) UserFacing5 expire 11 lines
01-23 22:00:59.227  1475  7651 I chatty  : uid=1041(audioserver) /system/bin/audioserver expire 1 line
01-23 22:00:59.229  1475  3619 I chatty  : uid=1041(audioserver) Binder:1475_4 expire 6 lines
01-23 22:00:59.233  2279  2279 I chatty  : uid=10030(u0_a30) com.google.android.googlequicksearchbox:search expire 14 lines
01-23 22:00:59.236  2279  2343 I chatty  : uid=10030(u0_a30) NonUserFacing0 expire 15 lines
01-23 22:00:59.236  2279  2580 I chatty  : uid=10030(u0_a30) HotwordDetector expire 2 lines
01-23 22:00:59.238  2279  3966 I chatty  : uid=10030(u0_a30) NonUserFacing4 expire 6 lines
01-23 22:01:00.010  1392  1409 D hwcomposer: hw_composer sent 6 syncs in 60s
01-23 22:01:00.011  1623  1637 E memtrack: Couldn't load memtrack module
01-23 22:01:00.012  1623  1637 W android.os.Debug: failed to get memory consumption info: -1
01-23 22:00:54.208  2279  6463 I chatty  : uid=10030(u0_a30) UserFacing5 identical 10 lines
01-23 22:00:59.233  2279  6463 E ActivityThread: Failed to find provider info for com.google.android.apps.gsa.testing.ui.audio.recorded
01-23 22:01:02.877  1623  1637 I UsageStatsService: User[0] Flushing usage stats to disk
01-23 22:01:04.249  2279  6463 I chatty  : uid=10030(u0_a30) UserFacing5 expire 19 lines
01-23 22:01:04.252  1475  7656 I chatty  : uid=1041(audioserver) /system/bin/audioserver expire 1 line
01-23 22:01:04.254  2279  6463 E ActivityThread: Failed to find provider info for com.google.android.apps.gsa.testing.ui.audio.recorded
01-23 22:01:04.280  2279  2576 I chatty  : uid=10030(u0_a30) NonUserFacing3 expire 5 lines
01-23 22:01:09.295  1475  7662 I chatty  : uid=1041(audioserver) /system/bin/audioserver expire 1 line
01-23 22:01:09.296  1475  1475 I chatty  : uid=1041(audioserver) /system/bin/audioserver expire 6 lines
01-23 22:01:09.298  2279  2279 I chatty  : uid=10030(u0_a30) com.google.android.googlequicksearchbox:search expire 14 lines
01-23 22:01:09.304  2279  2580 I chatty  : uid=10030(u0_a30) HotwordDetector expire 3 lines
01-23 22:01:14.328  1475  7666 I chatty  : uid=1041(audioserver) /system/bin/audioserver expire 1 line
01-23 22:01:19.363  1475  7670 I chatty  : uid=1041(audioserver) /system/bin/audioserver expire 1 line
01-23 22:01:19.365  1475  1475 I chatty  : uid=1041(audioserver) /system/bin/audioserver expire 6 lines
01-23 22:01:19.366  2279  6463 I chatty  : uid=10030(u0_a30) UserFacing5 expire 11 lines
01-23 22:01:19.369  2279  2279 I chatty  : uid=10030(u0_a30) com.google.android.googlequicksearchbox:search expire 7 lines
01-23 22:01:19.377  2279  2343 I chatty  : uid=10030(u0_a30) NonUserFacing0 expire 4 lines
01-23 22:01:24.393  1475  7674 I chatty  : uid=1041(audioserver) /system/bin/audioserver expire 1 line
01-23 22:01:24.397  2279  2279 I chatty  : uid=10030(u0_a30) com.google.android.googlequicksearchbox:search expire 7 lines
01-23 22:01:24.415  2279  2576 I chatty  : uid=10030(u0_a30) NonUserFacing3 expire 5 lines
01-23 22:01:24.416  2279  2580 I chatty  : uid=10030(u0_a30) HotwordDetector expire 1 line
01-23 22:01:24.420  2279  3966 I chatty  : uid=10030(u0_a30) NonUserFacing4 expire 1 line
01-23 22:01:29.428  2279  6463 I chatty  : uid=10030(u0_a30) UserFacing5 expire 6 lines
01-23 22:01:29.429  1475  7680 I chatty  : uid=1041(audioserver) /system/bin/audioserver expire 1 line
01-23 22:01:29.430  1475  1475 I chatty  : uid=1041(audioserver) /system/bin/audioserver expire 6 lines
01-23 22:01:29.433  2279  2279 I chatty  : uid=10030(u0_a30) com.google.android.googlequicksearchbox:search expire 8 lines
01-23 22:01:29.435  2279  2576 I chatty  : uid=10030(u0_a30) NonUserFacing3 expire 4 lines
01-23 22:01:29.436  2279  2580 I chatty  : uid=10030(u0_a30) HotwordDetector expire 1 line
01-23 22:01:29.437  2279  3966 I chatty  : uid=10030(u0_a30) NonUserFacing4 expire 6 lines
01-23 22:01:34.448  2279  6463 I chatty  : uid=10030(u0_a30) UserFacing5 expire 6 lines
01-23 22:01:34.451  1475  7685 I chatty  : uid=1041(audioserver) /system/bin/audioserver expire 1 line
01-23 22:01:34.458  2279  2580 I chatty  : uid=10030(u0_a30) HotwordDetector expire 4 lines
01-23 22:01:34.459  2279  2279 I chatty  : uid=10030(u0_a30) com.google.android.googlequicksearchbox:search expire 13 lines
01-23 22:01:34.460  2279  2576 I chatty  : uid=10030(u0_a30) NonUserFacing3 expire 4 lines
01-23 22:01:39.470  2279  3966 I chatty  : uid=10030(u0_a30) NonUserFacing4 expire 6 lines
01-23 22:01:39.471  2279  6463 I chatty  : uid=10030(u0_a30) UserFacing5 expire 13 lines
01-23 22:01:39.473  1475  7690 I chatty  : uid=1041(audioserver) /system/bin/audioserver expire 1 line
01-23 22:01:39.475  1475  3512 I chatty  : uid=1041(audioserver) Binder:1475_3 expire 3 lines
01-23 22:01:44.496  2279  2343 I chatty  : uid=10030(u0_a30) NonUserFacing0 expire 10 lines
01-23 22:01:44.499  1475  7694 I chatty  : uid=1041(audioserver) /system/bin/audioserver expire 1 line
01-23 22:01:44.500  1475  1475 I chatty  : uid=1041(audioserver) /system/bin/audioserver expire 6 lines
01-23 22:01:44.508  2279  2279 I chatty  : uid=10030(u0_a30) com.google.android.googlequicksearchbox:search expire 14 lines
01-23 22:01:49.531  2279  6463 I chatty  : uid=10030(u0_a30) UserFacing5 expire 11 lines
01-23 22:01:49.531  1475  7700 I chatty  : uid=1041(audioserver) /system/bin/audioserver expire 1 line
01-23 22:01:54.557  1475  7704 I chatty  : uid=1041(audioserver) /system/bin/audioserver expire 1 line
01-23 22:01:54.558  1475  3512 I chatty  : uid=1041(audioserver) Binder:1475_3 expire 3 lines
01-23 22:01:54.561  2279  2279 I chatty  : uid=10030(u0_a30) com.google.android.googlequicksearchbox:search expire 7 lines
01-23 22:01:54.586  2279  2576 I chatty  : uid=10030(u0_a30) NonUserFacing3 expire 5 lines
01-23 22:01:54.587  2279  2580 I chatty  : uid=10030(u0_a30) HotwordDetector expire 1 line
01-23 22:01:54.589  2279  3966 I chatty  : uid=10030(u0_a30) NonUserFacing4 expire 1 line
01-23 22:01:59.599  2279  6463 I chatty  : uid=10030(u0_a30) UserFacing5 expire 6 lines
01-23 22:01:59.601  1475  7708 I chatty  : uid=1041(audioserver) /system/bin/audioserver expire 1 line
01-23 22:01:59.602  1475  3619 I chatty  : uid=1041(audioserver) Binder:1475_4 expire 3 lines
01-23 22:01:59.606  2279  2279 I chatty  : uid=10030(u0_a30) com.google.android.googlequicksearchbox:search expire 7 lines
01-23 22:01:59.608  2279  2576 I chatty  : uid=10030(u0_a30) NonUserFacing3 expire 4 lines
01-23 22:01:59.609  2279  2580 I chatty  : uid=10030(u0_a30) HotwordDetector expire 1 line
01-23 22:01:59.610  2279  2343 I chatty  : uid=10030(u0_a30) NonUserFacing0 expire 2 lines
01-23 22:02:00.014  1392  1409 D hwcomposer: hw_composer sent 5 syncs in 60s
01-23 22:02:04.618  2279  6463 I chatty  : uid=10030(u0_a30) UserFacing5 expire 6 lines
01-23 22:02:04.620  1475  1475 I chatty  : uid=1041(audioserver) /system/bin/audioserver expire 3 lines
01-23 22:02:04.621  1475  7717 I chatty  : uid=1041(audioserver) /system/bin/audioserver expire 1 line
01-23 22:02:04.622  2279  2279 I chatty  : uid=10030(u0_a30) com.google.android.googlequicksearchbox:search expire 14 lines
01-23 22:02:04.626  2279  2343 I chatty  : uid=10030(u0_a30) NonUserFacing0 expire 4 lines
01-23 22:02:04.626  2279  2580 I chatty  : uid=10030(u0_a30) HotwordDetector expire 4 lines
01-23 22:02:04.628  2279  2576 I chatty  : uid=10030(u0_a30) NonUserFacing3 expire 11 lines
01-23 22:02:09.642  2279  6463 I chatty  : uid=10030(u0_a30) UserFacing5 expire 13 lines
01-23 22:02:09.643  1475  7723 I chatty  : uid=1041(audioserver) /system/bin/audioserver expire 1 line
01-23 22:02:09.645  1475  3619 I chatty  : uid=1041(audioserver) Binder:1475_4 expire 6 lines
01-23 22:02:09.653  2279  3966 I chatty  : uid=10030(u0_a30) NonUserFacing4 expire 6 lines
01-23 22:02:04.622  2279  6463 I chatty  : uid=10030(u0_a30) UserFacing5 identical 12 lines
01-23 22:02:09.647  2279  6463 E ActivityThread: Failed to find provider info for com.google.android.apps.gsa.testing.ui.audio.recorded
01-23 22:02:12.099  1623  1641 E BatteryStatsService: modem info is invalid: ModemActivityInfo{ mTimestamp=0 mSleepTimeMs=0 mIdleTimeMs=0 mTxTimeMs[]=[0, 0, 0, 0, 0] mRxTimeMs=0 mEnergyUsed=0}
01-23 22:02:14.673  1475  7728 I chatty  : uid=1041(audioserver) /system/bin/audioserver expire 1 line
01-23 22:02:14.679  2279  6463 E ActivityThread: Failed to find provider info for com.google.android.apps.gsa.testing.ui.audio.recorded
01-23 22:02:14.679  2279  2279 I chatty  : uid=10030(u0_a30) com.google.android.googlequicksearchbox:search expire 14 lines
01-23 22:02:14.684  2279  2343 I chatty  : uid=10030(u0_a30) NonUserFacing0 expire 3 lines
01-23 22:02:17.629  1623  1637 E memtrack: Couldn't load memtrack module
01-23 22:02:17.629  1623  1637 W android.os.Debug: failed to get memory consumption info: -1
01-23 22:02:19.697  1475  7732 I chatty  : uid=1041(audioserver) /system/bin/audioserver expire 1 line
01-23 22:02:19.697  1475  3512 I chatty  : uid=1041(audioserver) Binder:1475_3 expire 3 lines
01-23 22:02:19.698  2279  6463 I chatty  : uid=10030(u0_a30) UserFacing5 expire 11 lines
01-23 22:02:24.726  1475  7736 I chatty  : uid=1041(audioserver) /system/bin/audioserver expire 1 line
01-23 22:02:24.727  1475  3619 I chatty  : uid=1041(audioserver) Binder:1475_4 expire 6 lines
01-23 22:02:24.731  2279  2279 I chatty  : uid=10030(u0_a30) com.google.android.googlequicksearchbox:search expire 7 lines
01-23 22:02:24.738  2279  2343 I chatty  : uid=10030(u0_a30) NonUserFacing0 expire 4 lines
01-23 22:02:24.738  2279  2580 I chatty  : uid=10030(u0_a30) HotwordDetector expire 1 line
01-23 22:02:24.740  2279  3966 I chatty  : uid=10030(u0_a30) NonUserFacing4 expire 2 lines
01-23 22:02:29.754  2279  6463 I chatty  : uid=10030(u0_a30) UserFacing5 expire 6 lines
01-23 22:02:29.755  1475  7742 I chatty  : uid=1041(audioserver) /system/bin/audioserver expire 1 line
01-23 22:02:29.758  2279  2279 I chatty  : uid=10030(u0_a30) com.google.android.googlequicksearchbox:search expire 7 lines
01-23 22:02:29.762  2279  3966 I chatty  : uid=10030(u0_a30) NonUserFacing4 expire 5 lines
01-23 22:02:29.763  2279  2580 I chatty  : uid=10030(u0_a30) HotwordDetector expire 1 line
01-23 22:02:29.766  2279  2576 I chatty  : uid=10030(u0_a30) NonUserFacing3 expire 1 line
01-23 22:02:34.774  2279  6463 I chatty  : uid=10030(u0_a30) UserFacing5 expire 6 lines
01-23 22:02:34.776  1475  7746 I chatty  : uid=1041(audioserver) /system/bin/audioserver expire 1 line
01-23 22:02:34.776  1475  1475 I chatty  : uid=1041(audioserver) /system/bin/audioserver expire 3 lines
01-23 22:02:34.778  2279  2279 I chatty  : uid=10030(u0_a30) com.google.android.googlequicksearchbox:search expire 14 lines
01-23 22:02:34.782  2279  3966 I chatty  : uid=10030(u0_a30) NonUserFacing4 expire 4 lines
01-23 22:02:34.782  2279  2580 I chatty  : uid=10030(u0_a30) HotwordDetector expire 4 lines
01-23 22:02:34.784  2279  2576 I chatty  : uid=10030(u0_a30) NonUserFacing3 expire 7 lines
01-23 22:02:39.794  2279  2343 I chatty  : uid=10030(u0_a30) NonUserFacing0 expire 6 lines
01-23 22:02:39.794  2279  6463 I chatty  : uid=10030(u0_a30) UserFacing5 expire 13 lines
01-23 22:02:39.796  1475  7751 I chatty  : uid=1041(audioserver) /system/bin/audioserver expire 1 line
01-23 22:02:39.796  1475  3512 I chatty  : uid=1041(audioserver) Binder:1475_3 expire 3 lines
01-23 22:02:44.824  1475  7755 I chatty  : uid=1041(audioserver) /system/bin/audioserver expire 1 line
01-23 22:02:44.825  1475  1475 I chatty  : uid=1041(audioserver) /system/bin/audioserver expire 3 lines
01-23 22:02:44.828  2279  2279 I chatty  : uid=10030(u0_a30) com.google.android.googlequicksearchbox:search expire 8 lines
01-23 22:02:49.845  2279  3966 I chatty  : uid=10030(u0_a30) NonUserFacing4 expire 5 lines
01-23 22:02:49.849  1475  7761 I chatty  : uid=1041(audioserver) /system/bin/audioserver expire 1 line
01-23 22:02:49.850  1475  3512 I chatty  : uid=1041(audioserver) Binder:1475_3 expire 5 lines
01-23 22:02:49.851  2279  6463 I chatty  : uid=10030(u0_a30) UserFacing5 expire 11 lines
01-23 22:02:49.858  2279  2279 I chatty  : uid=10030(u0_a30) com.google.android.googlequicksearchbox:search expire 7 lines
01-23 22:02:49.859  2279  2343 I chatty  : uid=10030(u0_a30) NonUserFacing0 expire 5 lines
01-23 22:02:54.874  1475  7765 I chatty  : uid=1041(audioserver) /system/bin/audioserver expire 1 line
01-23 22:02:54.877  1475  3512 I chatty  : uid=1041(audioserver) Binder:1475_3 expire 1 line
01-23 22:02:54.882  2279  2580 I chatty  : uid=10030(u0_a30) HotwordDetector expire 1 line
01-23 22:02:54.882  2279  2343 I chatty  : uid=10030(u0_a30) NonUserFacing0 expire 3 lines
01-23 22:02:54.883  2279  2279 I chatty  : uid=10030(u0_a30) com.google.android.googlequicksearchbox:search expire 7 lines
01-23 22:02:54.883  2279  2576 I chatty  : uid=10030(u0_a30) NonUserFacing3 expire 1 line
01-23 22:02:59.890  2279  6463 I chatty  : uid=10030(u0_a30) UserFacing5 expire 6 lines
01-23 22:02:59.896  1475  7769 I chatty  : uid=1041(audioserver) /system/bin/audioserver expire 1 line
01-23 22:02:59.899  1475  1475 I chatty  : uid=1041(audioserver) /system/bin/audioserver expire 3 lines
01-23 22:02:59.915  2279  2343 I chatty  : uid=10030(u0_a30) NonUserFacing0 expire 5 lines
01-23 22:02:59.915  2279  2580 I chatty  : uid=10030(u0_a30) HotwordDetector expire 1 line
01-23 22:02:59.917  2279  2279 I chatty  : uid=10030(u0_a30) com.google.android.googlequicksearchbox:search expire 7 lines
01-23 22:02:59.917  2279  2576 I chatty  : uid=10030(u0_a30) NonUserFacing3 expire 1 line
01-23 22:03:00.014  1623  1637 E memtrack: Couldn't load memtrack module
01-23 22:03:00.014  1623  1637 W android.os.Debug: failed to get memory consumption info: -1
01-23 22:03:00.021  1392  1409 D hwcomposer: hw_composer sent 6 syncs in 60s
01-23 22:03:04.927  2279  6463 I chatty  : uid=10030(u0_a30) UserFacing5 expire 13 lines
01-23 22:03:04.930  1475  7774 I chatty  : uid=1041(audioserver) /system/bin/audioserver expire 1 line
01-23 22:03:04.932  1475  3512 I chatty  : uid=1041(audioserver) Binder:1475_3 expire 6 lines
01-23 22:03:04.938  2279  2343 I chatty  : uid=10030(u0_a30) NonUserFacing0 expire 10 lines
01-23 22:03:04.939  2279  2580 I chatty  : uid=10030(u0_a30) HotwordDetector expire 4 lines
01-23 22:03:04.940  2279  2279 I chatty  : uid=10030(u0_a30) com.google.android.googlequicksearchbox:search expire 13 lines
01-23 22:03:04.941  2279  2576 I chatty  : uid=10030(u0_a30) NonUserFacing3 expire 3 lines
01-23 22:03:09.971  1475  7781 I chatty  : uid=1041(audioserver) /system/bin/audioserver expire 1 line
01-23 22:03:15.001  2279  3966 I chatty  : uid=10030(u0_a30) NonUserFacing4 expire 6 lines
01-23 22:03:15.005  1475  7785 I chatty  : uid=1041(audioserver) /system/bin/audioserver expire 1 line
01-23 22:03:15.009  1475  3619 I chatty  : uid=1041(audioserver) Binder:1475_4 expire 6 lines
01-23 22:03:15.010  2279  6463 I chatty  : uid=10030(u0_a30) UserFacing5 expire 12 lines
01-23 22:03:15.013  2279  2279 I chatty  : uid=10030(u0_a30) com.google.android.googlequicksearchbox:search expire 14 lines
01-23 22:03:20.038  1475  7789 I chatty  : uid=1041(audioserver) /system/bin/audioserver expire 1 line
01-23 22:03:20.047  2279  2343 I chatty  : uid=10030(u0_a30) NonUserFacing0 expire 4 lines
01-23 22:03:25.060  1475  3619 I chatty  : uid=1041(audioserver) Binder:1475_4 expire 3 lines
01-23 22:03:25.060  2279  6463 I chatty  : uid=10030(u0_a30) UserFacing5 expire 11 lines
01-23 22:03:25.060  1475  7793 I chatty  : uid=1041(audioserver) /system/bin/audioserver expire 1 line
01-23 22:03:25.061  2279  2279 I chatty  : uid=10030(u0_a30) com.google.android.googlequicksearchbox:search expire 7 lines
01-23 22:03:25.064  2279  2576 I chatty  : uid=10030(u0_a30) NonUserFacing3 expire 5 lines
01-23 22:03:25.065  2279  2580 I chatty  : uid=10030(u0_a30) HotwordDetector expire 1 line
01-23 22:03:25.066  2279  3966 I chatty  : uid=10030(u0_a30) NonUserFacing4 expire 1 line
01-23 22:03:30.081  1475  7799 I chatty  : uid=1041(audioserver) /system/bin/audioserver expire 1 line
01-23 22:03:30.082  1475  5127 I chatty  : uid=1041(audioserver) Binder:1475_9 expire 5 lines
01-23 22:03:30.085  2279  2279 I chatty  : uid=10030(u0_a30) com.google.android.googlequicksearchbox:search expire 7 lines
01-23 22:03:30.089  2279  2576 I chatty  : uid=10030(u0_a30) NonUserFacing3 expire 5 lines
01-23 22:03:30.089  2279  2580 I chatty  : uid=10030(u0_a30) HotwordDetector expire 1 line
01-23 22:03:30.091  2279  3966 I chatty  : uid=10030(u0_a30) NonUserFacing4 expire 1 line
01-23 22:03:35.099  2279  6463 I chatty  : uid=10030(u0_a30) UserFacing5 expire 6 lines
01-23 22:03:35.101  1475  7803 I chatty  : uid=1041(audioserver) /system/bin/audioserver expire 1 line
01-23 22:03:35.102  1475  5127 I chatty  : uid=1041(audioserver) Binder:1475_9 expire 1 line
01-23 22:03:35.105  2279  2279 I chatty  : uid=10030(u0_a30) com.google.android.googlequicksearchbox:search expire 14 lines
01-23 22:03:35.109  2279  2576 I chatty  : uid=10030(u0_a30) NonUserFacing3 expire 4 lines
01-23 22:03:35.109  2279  2580 I chatty  : uid=10030(u0_a30) HotwordDetector expire 4 lines
01-23 22:03:35.111  2279  3966 I chatty  : uid=10030(u0_a30) NonUserFacing4 expire 7 lines
01-23 22:03:40.120  2279  2343 I chatty  : uid=10030(u0_a30) NonUserFacing0 expire 10 lines
01-23 22:03:40.120  2279  6463 I chatty  : uid=10030(u0_a30) UserFacing5 expire 13 lines
01-23 22:03:40.122  1475  7808 I chatty  : uid=1041(audioserver) /system/bin/audioserver expire 1 line
01-23 22:03:40.124  1475  3619 I chatty  : uid=1041(audioserver) Binder:1475_4 expire 6 lines
01-23 22:03:45.167  1475  7812 I chatty  : uid=1041(audioserver) /system/bin/audioserver expire 1 line
01-23 22:03:45.168  2279  2279 I chatty  : uid=10030(u0_a30) com.google.android.googlequicksearchbox:search expire 8 lines
01-23 22:03:45.174  2279  2576 I chatty  : uid=10030(u0_a30) NonUserFacing3 expire 1 line
01-23 22:03:50.198  1475  7818 I chatty  : uid=1041(audioserver) /system/bin/audioserver expire 1 line
01-23 22:03:50.200  1475  5127 I chatty  : uid=1041(audioserver) Binder:1475_9 expire 6 lines
01-23 22:03:50.200  2279  6463 I chatty  : uid=10030(u0_a30) UserFacing5 expire 11 lines
01-23 22:03:50.209  2279  2279 I chatty  : uid=10030(u0_a30) com.google.android.googlequicksearchbox:search expire 7 lines
01-23 22:03:50.210  2279  3966 I chatty  : uid=10030(u0_a30) NonUserFacing4 expire 1 line
01-23 22:03:55.219  2279  2576 I chatty  : uid=10030(u0_a30) NonUserFacing3 expire 3 lines
01-23 22:03:55.222  1475  7822 I chatty  : uid=1041(audioserver) /system/bin/audioserver expire 1 line
01-23 22:03:55.233  2279  2580 I chatty  : uid=10030(u0_a30) HotwordDetector expire 1 line
01-23 22:03:55.234  2279  2576 I chatty  : uid=10030(u0_a30) NonUserFacing3 expire 2 lines
01-23 22:03:55.236  2279  2279 I chatty  : uid=10030(u0_a30) com.google.android.googlequicksearchbox:search expire 7 lines
01-23 22:03:55.236  2279  3966 I chatty  : uid=10030(u0_a30) NonUserFacing4 expire 1 line
01-23 22:04:00.021  1392  1409 D hwcomposer: hw_composer sent 8 syncs in 60s
01-23 22:04:00.248  2279  2343 I chatty  : uid=10030(u0_a30) NonUserFacing0 expire 2 lines
01-23 22:04:00.248  2279  6463 I chatty  : uid=10030(u0_a30) UserFacing5 expire 6 lines
01-23 22:04:00.251  1475  7826 I chatty  : uid=1041(audioserver) /system/bin/audioserver expire 1 line
01-23 22:04:00.252  1475  3619 I chatty  : uid=1041(audioserver) Binder:1475_4 expire 3 lines
01-23 22:04:00.260  2279  2343 I chatty  : uid=10030(u0_a30) NonUserFacing0 expire 3 lines
01-23 22:04:00.260  2279  2580 I chatty  : uid=10030(u0_a30) HotwordDetector expire 1 line
01-23 22:04:00.262  2279  2279 I chatty  : uid=10030(u0_a30) com.google.android.googlequicksearchbox:search expire 7 lines
01-23 22:04:00.262  2279  3966 I chatty  : uid=10030(u0_a30) NonUserFacing4 expire 1 line
01-23 22:04:02.149  1623  1637 E memtrack: Couldn't load memtrack module
01-23 22:04:02.149  1623  1637 W android.os.Debug: failed to get memory consumption info: -1
01-23 22:04:02.177  1623  1637 E memtrack: Couldn't load memtrack module
01-23 22:04:02.177  1623  1637 W android.os.Debug: failed to get memory consumption info: -1
01-23 22:04:05.271  2279  2576 I chatty  : uid=10030(u0_a30) NonUserFacing3 expire 1 line
01-23 22:04:05.271  2279  6463 I chatty  : uid=10030(u0_a30) UserFacing5 expire 13 lines
01-23 22:04:05.274  1475  7833 I chatty  : uid=1041(audioserver) /system/bin/audioserver expire 1 line
01-23 22:04:05.276  1475  1475 I chatty  : uid=1041(audioserver) /system/bin/audioserver expire 5 lines
01-23 22:04:05.282  2279  2576 I chatty  : uid=10030(u0_a30) NonUserFacing3 expire 10 lines
01-23 22:04:05.283  2279  2580 I chatty  : uid=10030(u0_a30) HotwordDetector expire 4 lines
01-23 22:04:05.285  2279  2279 I chatty  : uid=10030(u0_a30) com.google.android.googlequicksearchbox:search expire 13 lines
01-23 22:04:05.285  2279  3966 I chatty  : uid=10030(u0_a30) NonUserFacing4 expire 7 lines
01-23 22:04:10.297  2279  2343 I chatty  : uid=10030(u0_a30) NonUserFacing0 expire 7 lines
01-23 22:04:10.300  1475  7839 I chatty  : uid=1041(audioserver) /system/bin/audioserver expire 1 line
01-23 22:04:10.301  1475  1475 I chatty  : uid=1041(audioserver) /system/bin/audioserver expire 4 lines
01-23 22:04:15.326  1475  7843 I chatty  : uid=1041(audioserver) /system/bin/audioserver expire 1 line
01-23 22:04:15.328  2279  6463 I chatty  : uid=10030(u0_a30) UserFacing5 expire 12 lines
01-23 22:04:15.331  2279  2279 I chatty  : uid=10030(u0_a30) com.google.android.googlequicksearchbox:search expire 14 lines
01-23 22:04:17.251  1623  1637 E memtrack: Couldn't load memtrack module
01-23 22:04:17.251  1623  1637 W android.os.Debug: failed to get memory consumption info: -1
01-23 22:04:20.355  1475  7847 I chatty  : uid=1041(audioserver) /system/bin/audioserver expire 1 line
01-23 22:04:20.356  1475  1475 I chatty  : uid=1041(audioserver) /system/bin/audioserver expire 3 lines
01-23 22:04:22.260  1623  1637 E memtrack: Couldn't load memtrack module
01-23 22:04:22.260  1623  1637 W android.os.Debug: failed to get memory consumption info: -1
01-23 22:04:25.380  1475  7852 I chatty  : uid=1041(audioserver) /system/bin/audioserver expire 1 line
01-23 22:04:25.380  1475  3619 I chatty  : uid=1041(audioserver) Binder:1475_4 expire 6 lines
01-23 22:04:25.381  2279  6463 I chatty  : uid=10030(u0_a30) UserFacing5 expire 24 lines
01-23 22:04:25.383  2279  2279 I chatty  : uid=10030(u0_a30) com.google.android.googlequicksearchbox:search expire 14 lines
01-23 22:04:25.388  2279  2576 I chatty  : uid=10030(u0_a30) NonUserFacing3 expire 4 lines
01-23 22:04:25.389  2279  2580 I chatty  : uid=10030(u0_a30) HotwordDetector expire 2 lines
01-23 22:04:25.391  2279  2343 I chatty  : uid=10030(u0_a30) NonUserFacing0 expire 2 lines
01-23 22:04:30.400  2279  3966 I chatty  : uid=10030(u0_a30) NonUserFacing4 expire 6 lines
01-23 22:04:30.407  1475  7858 I chatty  : uid=1041(audioserver) /system/bin/audioserver expire 1 line
01-23 22:04:25.382  2279  6463 I chatty  : uid=10030(u0_a30) UserFacing5 identical 26 lines
01-23 22:04:30.409  2279  6463 E ActivityThread: Failed to find provider info for com.google.android.apps.gsa.testing.ui.audio.recorded
01-23 22:04:32.280  1623  1641 E BatteryStatsService: modem info is invalid: ModemActivityInfo{ mTimestamp=0 mSleepTimeMs=0 mIdleTimeMs=0 mTxTimeMs[]=[0, 0, 0, 0, 0] mRxTimeMs=0 mEnergyUsed=0}
01-23 22:04:35.427  1475  7863 I chatty  : uid=1041(audioserver) /system/bin/audioserver expire 1 line
01-23 22:04:35.428  1475  5127 I chatty  : uid=1041(audioserver) Binder:1475_9 expire 6 lines
01-23 22:04:35.431  2279  6463 E ActivityThread: Failed to find provider info for com.google.android.apps.gsa.testing.ui.audio.recorded
01-23 22:04:35.431  2279  2279 I chatty  : uid=10030(u0_a30) com.google.android.googlequicksearchbox:search expire 14 lines
01-23 22:04:35.435  2279  3966 I chatty  : uid=10030(u0_a30) NonUserFacing4 expire 5 lines
01-23 22:04:35.435  2279  2580 I chatty  : uid=10030(u0_a30) HotwordDetector expire 4 lines
01-23 22:04:35.437  2279  2343 I chatty  : uid=10030(u0_a30) NonUserFacing0 expire 11 lines
01-23 22:04:40.446  1475  7868 I chatty  : uid=1041(audioserver) /system/bin/audioserver expire 1 line
01-23 22:04:40.459  2279  2576 I chatty  : uid=10030(u0_a30) NonUserFacing3 expire 6 lines
01-23 22:04:45.474  1475  7872 I chatty  : uid=1041(audioserver) /system/bin/audioserver expire 1 line
01-23 22:04:45.476  1475  5127 I chatty  : uid=1041(audioserver) Binder:1475_9 expire 3 lines
01-23 22:04:45.476  2279  6463 I chatty  : uid=10030(u0_a30) UserFacing5 expire 11 lines
01-23 22:04:45.479  2279  2279 I chatty  : uid=10030(u0_a30) com.google.android.googlequicksearchbox:search expire 14 lines
01-23 22:04:50.498  1475  7878 I chatty  : uid=1041(audioserver) /system/bin/audioserver expire 1 line
01-23 22:04:50.499  1475  1475 I chatty  : uid=1041(audioserver) /system/bin/audioserver expire 3 lines
01-23 22:04:50.508  2279  3966 I chatty  : uid=10030(u0_a30) NonUserFacing4 expire 2 lines
01-23 22:04:55.519  2279  6463 I chatty  : uid=10030(u0_a30) UserFacing5 expire 6 lines
01-23 22:04:55.521  1475  3619 I chatty  : uid=1041(audioserver) Binder:1475_4 expire 3 lines
01-23 22:04:55.521  1475  7882 I chatty  : uid=1041(audioserver) /system/bin/audioserver expire 1 line
01-23 22:04:55.523  2279  2279 I chatty  : uid=10030(u0_a30) com.google.android.googlequicksearchbox:search expire 7 lines
01-23 22:04:55.526  2279  3966 I chatty  : uid=10030(u0_a30) NonUserFacing4 expire 4 lines
01-23 22:04:55.526  2279  2580 I chatty  : uid=10030(u0_a30) HotwordDetector expire 1 line
01-23 22:04:55.528  2279  2576 I chatty  : uid=10030(u0_a30) NonUserFacing3 expire 1 line
01-23 22:05:00.016  1623  1637 E memtrack: Couldn't load memtrack module
01-23 22:05:00.016  1623  1637 W android.os.Debug: failed to get memory consumption info: -1
01-23 22:05:00.021  1392  1409 D hwcomposer: hw_composer sent 5 syncs in 60s
01-23 22:05:00.538  2279  2343 I chatty  : uid=10030(u0_a30) NonUserFacing0 expire 1 line
01-23 22:05:00.539  2279  6463 I chatty  : uid=10030(u0_a30) UserFacing5 expire 6 lines
01-23 22:05:00.540  1475  7886 I chatty  : uid=1041(audioserver) /system/bin/audioserver expire 1 line
01-23 22:05:00.542  1475  5127 I chatty  : uid=1041(audioserver) Binder:1475_9 expire 5 lines
01-23 22:05:00.544  2279  2279 I chatty  : uid=10030(u0_a30) com.google.android.googlequicksearchbox:search expire 14 lines
01-23 22:05:00.555  2279  2343 I chatty  : uid=10030(u0_a30) NonUserFacing0 expire 4 lines
01-23 22:05:00.557  2279  2580 I chatty  : uid=10030(u0_a30) HotwordDetector expire 1 line
01-23 22:05:00.559  2279  2576 I chatty  : uid=10030(u0_a30) NonUserFacing3 expire 6 lines
01-23 22:05:02.201  1623  1637 E memtrack: Couldn't load memtrack module
01-23 22:05:02.201  1623  1637 W android.os.Debug: failed to get memory consumption info: -1
01-23 22:05:05.570  2279  6463 I chatty  : uid=10030(u0_a30) UserFacing5 expire 13 lines
01-23 22:05:05.571  1475  7891 I chatty  : uid=1041(audioserver) /system/bin/audioserver expire 1 line
01-23 22:05:05.572  1475  5127 I chatty  : uid=1041(audioserver) Binder:1475_9 expire 1 line
01-23 22:05:05.597  2279  2580 I chatty  : uid=10030(u0_a30) HotwordDetector expire 3 lines
01-23 22:05:05.610  2279  2343 I chatty  : uid=10030(u0_a30) NonUserFacing0 expire 2 lines
01-23 22:05:10.617  2279  3966 I chatty  : uid=10030(u0_a30) NonUserFacing4 expire 10 lines
01-23 22:05:10.626  1475  7897 I chatty  : uid=1041(audioserver) /system/bin/audioserver expire 1 line
01-23 22:05:10.628  1475  1475 I chatty  : uid=1041(audioserver) /system/bin/audioserver expire 4 lines
01-23 22:05:10.630  2279  2279 I chatty  : uid=10030(u0_a30) com.google.android.googlequicksearchbox:search expire 8 lines
01-23 22:05:15.706  1475  7901 I chatty  : uid=1041(audioserver) /system/bin/audioserver expire 1 line
01-23 22:05:15.710  1475  1475 I chatty  : uid=1041(audioserver) /system/bin/audioserver expire 5 lines
01-23 22:05:15.710  2279  6463 I chatty  : uid=10030(u0_a30) UserFacing5 expire 11 lines
01-23 22:05:15.762  2279  2279 I chatty  : uid=10030(u0_a30) com.google.android.googlequicksearchbox:search expire 7 lines
01-23 22:05:15.770  2279  2343 I chatty  : uid=10030(u0_a30) NonUserFacing0 expire 4 lines
01-23 22:05:20.778  1475  7905 I chatty  : uid=1041(audioserver) /system/bin/audioserver expire 1 line
01-23 22:05:20.800  2279  2580 I chatty  : uid=10030(u0_a30) HotwordDetector expire 1 line
01-23 22:05:20.800  2279  2343 I chatty  : uid=10030(u0_a30) NonUserFacing0 expire 5 lines
01-23 22:05:20.802  2279  2279 I chatty  : uid=10030(u0_a30) com.google.android.googlequicksearchbox:search expire 7 lines
01-23 22:05:20.803  2279  3966 I chatty  : uid=10030(u0_a30) NonUserFacing4 expire 1 line
01-23 22:05:25.808  2279  6463 I chatty  : uid=10030(u0_a30) UserFacing5 expire 6 lines
01-23 22:05:25.810  1475  7909 I chatty  : uid=1041(audioserver) /system/bin/audioserver expire 1 line
01-23 22:05:25.812  1475  1475 I chatty  : uid=1041(audioserver) /system/bin/audioserver expire 6 lines
01-23 22:05:25.819  2279  2580 I chatty  : uid=10030(u0_a30) HotwordDetector expire 1 line
01-23 22:05:25.820  2279  2343 I chatty  : uid=10030(u0_a30) NonUserFacing0 expire 2 lines
01-23 22:05:25.821  2279  2279 I chatty  : uid=10030(u0_a30) com.google.android.googlequicksearchbox:search expire 7 lines
01-23 22:05:25.821  2279  3966 I chatty  : uid=10030(u0_a30) NonUserFacing4 expire 3 lines
01-23 22:05:30.832  2279  6463 I chatty  : uid=10030(u0_a30) UserFacing5 expire 6 lines
01-23 22:05:30.834  1475  7915 I chatty  : uid=1041(audioserver) /system/bin/audioserver expire 1 line
01-23 22:05:30.843  2279  3966 I chatty  : uid=10030(u0_a30) NonUserFacing4 expire 3 lines
01-23 22:05:30.844  2279  2580 I chatty  : uid=10030(u0_a30) HotwordDetector expire 5 lines
01-23 22:05:30.845  2279  2279 I chatty  : uid=10030(u0_a30) com.google.android.googlequicksearchbox:search expire 13 lines
01-23 22:05:30.845  2279  2576 I chatty  : uid=10030(u0_a30) NonUserFacing3 expire 6 lines
01-23 22:05:35.859  2279  6463 I chatty  : uid=10030(u0_a30) UserFacing5 expire 13 lines
01-23 22:05:35.860  1475  7919 I chatty  : uid=1041(audioserver) /system/bin/audioserver expire 1 line
01-23 22:05:35.861  1475  1475 I chatty  : uid=1041(audioserver) /system/bin/audioserver expire 6 lines
01-23 22:05:35.869  2279  2343 I chatty  : uid=10030(u0_a30) NonUserFacing0 expire 9 lines
01-23 22:05:40.880  2279  3966 I chatty  : uid=10030(u0_a30) NonUserFacing4 expire 10 lines
01-23 22:05:40.882  1475  7924 I chatty  : uid=1041(audioserver) /system/bin/audioserver expire 1 line
01-23 22:05:40.887  2279  2279 I chatty  : uid=10030(u0_a30) com.google.android.googlequicksearchbox:search expire 14 lines
01-23 22:05:45.933  1475  7928 I chatty  : uid=1041(audioserver) /system/bin/audioserver expire 1 line
01-23 22:05:45.938  1475  1475 I chatty  : uid=1041(audioserver) /system/bin/audioserver expire 4 lines
01-23 22:05:45.947  2279  6463 I chatty  : uid=10030(u0_a30) UserFacing5 expire 12 lines
01-23 22:05:51.054  1475  7934 I chatty  : uid=1041(audioserver) /system/bin/audioserver expire 1 line
01-23 22:05:51.055  1475  1475 I chatty  : uid=1041(audioserver) /system/bin/audioserver expire 2 lines
01-23 22:05:51.059  2279  2279 I chatty  : uid=10030(u0_a30) com.google.android.googlequicksearchbox:search expire 7 lines
01-23 22:05:51.075  2279  3966 I chatty  : uid=10030(u0_a30) NonUserFacing4 expire 1 line
01-23 22:05:56.089  1475  7938 I chatty  : uid=1041(audioserver) /system/bin/audioserver expire 1 line
01-23 22:05:56.091  1475  3619 I chatty  : uid=1041(audioserver) Binder:1475_4 expire 5 lines
01-23 22:05:56.091  2279  6463 I chatty  : uid=10030(u0_a30) UserFacing5 expire 11 lines
01-23 22:05:56.094  2279  2279 I chatty  : uid=10030(u0_a30) com.google.android.googlequicksearchbox:search expire 7 lines
01-23 22:05:56.100  2279  2343 I chatty  : uid=10030(u0_a30) NonUserFacing0 expire 4 lines
01-23 22:05:56.100  2279  2580 I chatty  : uid=10030(u0_a30) HotwordDetector expire 1 line
01-23 22:05:56.102  2279  3966 I chatty  : uid=10030(u0_a30) NonUserFacing4 expire 1 line
01-23 22:06:00.022  1392  1409 D hwcomposer: hw_composer sent 3 syncs in 60s
01-23 22:06:01.113  2279  2576 I chatty  : uid=10030(u0_a30) NonUserFacing3 expire 1 line
01-23 22:06:01.116  1475  7942 I chatty  : uid=1041(audioserver) /system/bin/audioserver expire 1 line
01-23 22:06:01.119  1475  3619 I chatty  : uid=1041(audioserver) Binder:1475_4 expire 1 line
01-23 22:06:01.124  2279  2576 I chatty  : uid=10030(u0_a30) NonUserFacing3 expire 4 lines
01-23 22:06:01.124  2279  2279 I chatty  : uid=10030(u0_a30) com.google.android.googlequicksearchbox:search expire 7 lines
01-23 22:06:01.125  2279  2580 I chatty  : uid=10030(u0_a30) HotwordDetector expire 1 line
01-23 22:06:01.127  2279  3966 I chatty  : uid=10030(u0_a30) NonUserFacing4 expire 1 line
01-23 22:06:06.133  2279  2343 I chatty  : uid=10030(u0_a30) NonUserFacing0 expire 5 lines
01-23 22:06:06.135  2279  6463 I chatty  : uid=10030(u0_a30) UserFacing5 expire 6 lines
01-23 22:06:06.140  1475  7950 I chatty  : uid=1041(audioserver) /system/bin/audioserver expire 1 line
01-23 22:06:06.143  1475  5539 I chatty  : uid=1041(audioserver) Binder:1475_B expire 3 lines
01-23 22:06:06.152  2279  2279 I chatty  : uid=10030(u0_a30) com.google.android.googlequicksearchbox:search expire 14 lines
